Archive member included to satisfy reference by file (symbol)

../avalon_tut_bsp//libhal_bsp.a(alt_load.o)
                              ../avalon_tut_bsp//obj/HAL/src/crt0.o (alt_load)
../avalon_tut_bsp//libhal_bsp.a(alt_main.o)
                              ../avalon_tut_bsp//obj/HAL/src/crt0.o (alt_main)
../avalon_tut_bsp//libhal_bsp.a(alt_sys_init.o)
                              ../avalon_tut_bsp//libhal_bsp.a(alt_main.o) (alt_irq_init)
../avalon_tut_bsp//libhal_bsp.a(alt_close.o)
                              ../avalon_tut_bsp//libhal_bsp.a(alt_main.o) (close)
../avalon_tut_bsp//libhal_bsp.a(alt_dcache_flush_all.o)
                              ../avalon_tut_bsp//libhal_bsp.a(alt_load.o) (alt_dcache_flush_all)
../avalon_tut_bsp//libhal_bsp.a(alt_dev.o)
                              ../avalon_tut_bsp//libhal_bsp.a(alt_close.o) (alt_fd_list)
../avalon_tut_bsp//libhal_bsp.a(alt_do_ctors.o)
                              ../avalon_tut_bsp//libhal_bsp.a(alt_main.o) (_do_ctors)
../avalon_tut_bsp//libhal_bsp.a(alt_do_dtors.o)
                              ../avalon_tut_bsp//libhal_bsp.a(alt_main.o) (_do_dtors)
../avalon_tut_bsp//libhal_bsp.a(alt_errno.o)
                              ../avalon_tut_bsp//libhal_bsp.a(alt_close.o) (alt_errno)
../avalon_tut_bsp//libhal_bsp.a(alt_icache_flush_all.o)
                              ../avalon_tut_bsp//libhal_bsp.a(alt_load.o) (alt_icache_flush_all)
../avalon_tut_bsp//libhal_bsp.a(alt_release_fd.o)
                              ../avalon_tut_bsp//libhal_bsp.a(alt_close.o) (alt_release_fd)
../avalon_tut_bsp//libhal_bsp.a(altera_nios2_qsys_irq.o)
                              ../avalon_tut_bsp//libhal_bsp.a(alt_sys_init.o) (altera_nios2_qsys_irq_init)
/home/marco/altera/15.0/nios2eds/bin/gnu/H-x86_64-pc-linux-gnu/bin/../lib/gcc/nios2-elf/4.9.1/../../../../../H-x86_64-pc-linux-gnu/nios2-elf/lib/mno-hw-mul/libc.a(lib_a-atexit.o)
                              ../avalon_tut_bsp//libhal_bsp.a(alt_main.o) (atexit)
/home/marco/altera/15.0/nios2eds/bin/gnu/H-x86_64-pc-linux-gnu/bin/../lib/gcc/nios2-elf/4.9.1/../../../../../H-x86_64-pc-linux-gnu/nios2-elf/lib/mno-hw-mul/libc.a(lib_a-exit.o)
                              ../avalon_tut_bsp//libhal_bsp.a(alt_main.o) (exit)
/home/marco/altera/15.0/nios2eds/bin/gnu/H-x86_64-pc-linux-gnu/bin/../lib/gcc/nios2-elf/4.9.1/../../../../../H-x86_64-pc-linux-gnu/nios2-elf/lib/mno-hw-mul/libc.a(lib_a-impure.o)
                              /home/marco/altera/15.0/nios2eds/bin/gnu/H-x86_64-pc-linux-gnu/bin/../lib/gcc/nios2-elf/4.9.1/../../../../../H-x86_64-pc-linux-gnu/nios2-elf/lib/mno-hw-mul/libc.a(lib_a-exit.o) (_global_impure_ptr)
/home/marco/altera/15.0/nios2eds/bin/gnu/H-x86_64-pc-linux-gnu/bin/../lib/gcc/nios2-elf/4.9.1/../../../../../H-x86_64-pc-linux-gnu/nios2-elf/lib/mno-hw-mul/libc.a(lib_a-int_errno.o)
                              ../avalon_tut_bsp//libhal_bsp.a(alt_close.o) (errno)
/home/marco/altera/15.0/nios2eds/bin/gnu/H-x86_64-pc-linux-gnu/bin/../lib/gcc/nios2-elf/4.9.1/../../../../../H-x86_64-pc-linux-gnu/nios2-elf/lib/mno-hw-mul/libc.a(lib_a-__atexit.o)
                              /home/marco/altera/15.0/nios2eds/bin/gnu/H-x86_64-pc-linux-gnu/bin/../lib/gcc/nios2-elf/4.9.1/../../../../../H-x86_64-pc-linux-gnu/nios2-elf/lib/mno-hw-mul/libc.a(lib_a-atexit.o) (__register_exitproc)
/home/marco/altera/15.0/nios2eds/bin/gnu/H-x86_64-pc-linux-gnu/bin/../lib/gcc/nios2-elf/4.9.1/../../../../../H-x86_64-pc-linux-gnu/nios2-elf/lib/mno-hw-mul/libc.a(lib_a-__call_atexit.o)
                              /home/marco/altera/15.0/nios2eds/bin/gnu/H-x86_64-pc-linux-gnu/bin/../lib/gcc/nios2-elf/4.9.1/../../../../../H-x86_64-pc-linux-gnu/nios2-elf/lib/mno-hw-mul/libc.a(lib_a-exit.o) (__call_exitprocs)
/home/marco/altera/15.0/nios2eds/bin/gnu/H-x86_64-pc-linux-gnu/bin/../lib/gcc/nios2-elf/4.9.1/mno-hw-mul/libgcc.a(lib2-mul.o)
                              ../avalon_tut_bsp//libhal_bsp.a(alt_close.o) (__mulsi3)
../avalon_tut_bsp//libhal_bsp.a(alt_exit.o)
                              /home/marco/altera/15.0/nios2eds/bin/gnu/H-x86_64-pc-linux-gnu/bin/../lib/gcc/nios2-elf/4.9.1/../../../../../H-x86_64-pc-linux-gnu/nios2-elf/lib/mno-hw-mul/libc.a(lib_a-exit.o) (_exit)

Allocating common symbols
Common symbol       size              file

errno               0x4               /home/marco/altera/15.0/nios2eds/bin/gnu/H-x86_64-pc-linux-gnu/bin/../lib/gcc/nios2-elf/4.9.1/../../../../../H-x86_64-pc-linux-gnu/nios2-elf/lib/mno-hw-mul/libc.a(lib_a-int_errno.o)

Memory Configuration

Name             Origin             Length             Attributes
reset            0x0000000000001000 0x0000000000000020
onchip_memory2_0 0x0000000000001020 0x0000000000000fe0
*default*        0x0000000000000000 0xffffffffffffffff

Linker script and memory map

LOAD ../avalon_tut_bsp//obj/HAL/src/crt0.o
LOAD obj/default/hello_world.o
LOAD /home/marco/altera/15.0/nios2eds/bin/gnu/H-x86_64-pc-linux-gnu/bin/../lib/gcc/nios2-elf/4.9.1/../../../../../H-x86_64-pc-linux-gnu/nios2-elf/lib/mno-hw-mul/libstdc++.a
LOAD /home/marco/altera/15.0/nios2eds/bin/gnu/H-x86_64-pc-linux-gnu/bin/../lib/gcc/nios2-elf/4.9.1/../../../../../H-x86_64-pc-linux-gnu/nios2-elf/lib/mno-hw-mul/libm.a
LOAD /home/marco/altera/15.0/nios2eds/bin/gnu/H-x86_64-pc-linux-gnu/bin/../lib/gcc/nios2-elf/4.9.1/mno-hw-mul/libgcc.a
START GROUP
LOAD /home/marco/altera/15.0/nios2eds/bin/gnu/H-x86_64-pc-linux-gnu/bin/../lib/gcc/nios2-elf/4.9.1/../../../../../H-x86_64-pc-linux-gnu/nios2-elf/lib/mno-hw-mul/libc.a
LOAD /home/marco/altera/15.0/nios2eds/bin/gnu/H-x86_64-pc-linux-gnu/bin/../lib/gcc/nios2-elf/4.9.1/mno-hw-mul/libgcc.a
LOAD ../avalon_tut_bsp//libhal_bsp.a
LOAD /home/marco/altera/15.0/nios2eds/bin/gnu/H-x86_64-pc-linux-gnu/bin/../lib/gcc/nios2-elf/4.9.1/../../../../../H-x86_64-pc-linux-gnu/nios2-elf/lib/mno-hw-mul/libm.a
END GROUP
LOAD /home/marco/altera/15.0/nios2eds/bin/gnu/H-x86_64-pc-linux-gnu/bin/../lib/gcc/nios2-elf/4.9.1/mno-hw-mul/libgcc.a
                0x0000000000001000                __alt_mem_onchip_memory2_0 = 0x1000

.entry          0x0000000000001000       0x20
 *(.entry)
 .entry         0x0000000000001000       0x20 ../avalon_tut_bsp//obj/HAL/src/crt0.o
                0x0000000000001000                __reset

.exceptions     0x0000000000001020        0x0
                0x0000000000001020                PROVIDE (__ram_exceptions_start, ABSOLUTE (.))
                0x0000000000001020                . = ALIGN (0x20)
 *(.irq)
 *(.exceptions.entry.label)
 *(.exceptions.entry.user)
 *(.exceptions.entry.ecc_fatal)
 *(.exceptions.entry)
 *(.exceptions.irqtest.user)
 *(.exceptions.irqtest)
 *(.exceptions.irqhandler.user)
 *(.exceptions.irqhandler)
 *(.exceptions.irqreturn.user)
 *(.exceptions.irqreturn)
 *(.exceptions.notirq.label)
 *(.exceptions.notirq.user)
 *(.exceptions.notirq)
 *(.exceptions.soft.user)
 *(.exceptions.soft)
 *(.exceptions.unknown.user)
 *(.exceptions.unknown)
 *(.exceptions.exit.label)
 *(.exceptions.exit.user)
 *(.exceptions.exit)
 *(.exceptions)
                0x0000000000001020                PROVIDE (__ram_exceptions_end, ABSOLUTE (.))
                0x0000000000001020                PROVIDE (__flash_exceptions_start, LOADADDR (.exceptions))

.text           0x0000000000001020      0x828
                0x0000000000001020                PROVIDE (stext, ABSOLUTE (.))
 *(.interp)
 *(.hash)
 *(.dynsym)
 *(.dynstr)
 *(.gnu.version)
 *(.gnu.version_d)
 *(.gnu.version_r)
 *(.rel.init)
 *(.rela.init)
 *(.rel.text .rel.text.* .rel.gnu.linkonce.t.*)
 *(.rela.text .rela.text.* .rela.gnu.linkonce.t.*)
 *(.rel.fini)
 *(.rela.fini)
 *(.rel.rodata .rel.rodata.* .rel.gnu.linkonce.r.*)
 *(.rela.rodata .rela.rodata.* .rela.gnu.linkonce.r.*)
 *(.rel.data .rel.data.* .rel.gnu.linkonce.d.*)
 *(.rela.data .rela.data.* .rela.gnu.linkonce.d.*)
 *(.rel.tdata .rel.tdata.* .rel.gnu.linkonce.td.*)
 *(.rela.tdata .rela.tdata.* .rela.gnu.linkonce.td.*)
 *(.rel.tbss .rel.tbss.* .rel.gnu.linkonce.tb.*)
 *(.rela.tbss .rela.tbss.* .rela.gnu.linkonce.tb.*)
 *(.rel.ctors)
 *(.rela.ctors)
 *(.rel.dtors)
 *(.rela.dtors)
 *(.rel.got)
 *(.rela.got)
 *(.rel.sdata .rel.sdata.* .rel.gnu.linkonce.s.*)
 *(.rela.sdata .rela.sdata.* .rela.gnu.linkonce.s.*)
 *(.rel.sbss .rel.sbss.* .rel.gnu.linkonce.sb.*)
 *(.rela.sbss .rela.sbss.* .rela.gnu.linkonce.sb.*)
 *(.rel.sdata2 .rel.sdata2.* .rel.gnu.linkonce.s2.*)
 *(.rela.sdata2 .rela.sdata2.* .rela.gnu.linkonce.s2.*)
 *(.rel.sbss2 .rel.sbss2.* .rel.gnu.linkonce.sb2.*)
 *(.rela.sbss2 .rela.sbss2.* .rela.gnu.linkonce.sb2.*)
 *(.rel.bss .rel.bss.* .rel.gnu.linkonce.b.*)
 *(.rela.bss .rela.bss.* .rela.gnu.linkonce.b.*)
 *(.rel.plt)
 *(.rela.plt)
 *(.rel.dyn)
 *(.init)
 *(.plt)
 *(.text .stub .text.* .gnu.linkonce.t.*)
 .text          0x0000000000001020       0x3c ../avalon_tut_bsp//obj/HAL/src/crt0.o
                0x0000000000001020                _start
 .text          0x000000000000105c       0x28 obj/default/hello_world.o
                0x000000000000105c                main
 .text          0x0000000000001084       0xe4 ../avalon_tut_bsp//libhal_bsp.a(alt_load.o)
                0x00000000000010e8                alt_load
 .text          0x0000000000001168       0x5c ../avalon_tut_bsp//libhal_bsp.a(alt_main.o)
                0x0000000000001168                alt_main
 .text          0x00000000000011c4       0x50 ../avalon_tut_bsp//libhal_bsp.a(alt_sys_init.o)
                0x00000000000011c4                alt_irq_init
                0x00000000000011f8                alt_sys_init
 .text          0x0000000000001214      0x128 ../avalon_tut_bsp//libhal_bsp.a(alt_close.o)
                0x0000000000001264                close
 .text          0x000000000000133c       0x1c ../avalon_tut_bsp//libhal_bsp.a(alt_dcache_flush_all.o)
                0x000000000000133c                alt_dcache_flush_all
 .text          0x0000000000001358       0x2c ../avalon_tut_bsp//libhal_bsp.a(alt_dev.o)
 .text          0x0000000000001384       0x5c ../avalon_tut_bsp//libhal_bsp.a(alt_do_ctors.o)
                0x0000000000001384                _do_ctors
 .text          0x00000000000013e0       0x5c ../avalon_tut_bsp//libhal_bsp.a(alt_do_dtors.o)
                0x00000000000013e0                _do_dtors
 .text          0x000000000000143c        0x0 ../avalon_tut_bsp//libhal_bsp.a(alt_errno.o)
 .text          0x000000000000143c       0x1c ../avalon_tut_bsp//libhal_bsp.a(alt_icache_flush_all.o)
                0x000000000000143c                alt_icache_flush_all
 .text          0x0000000000001458       0x80 ../avalon_tut_bsp//libhal_bsp.a(alt_release_fd.o)
                0x0000000000001458                alt_release_fd
 .text          0x00000000000014d8       0x20 ../avalon_tut_bsp//libhal_bsp.a(altera_nios2_qsys_irq.o)
                0x00000000000014d8                altera_nios2_qsys_irq_init
 .text          0x00000000000014f8       0x14 /home/marco/altera/15.0/nios2eds/bin/gnu/H-x86_64-pc-linux-gnu/bin/../lib/gcc/nios2-elf/4.9.1/../../../../../H-x86_64-pc-linux-gnu/nios2-elf/lib/mno-hw-mul/libc.a(lib_a-atexit.o)
                0x00000000000014f8                atexit
 .text          0x000000000000150c       0x38 /home/marco/altera/15.0/nios2eds/bin/gnu/H-x86_64-pc-linux-gnu/bin/../lib/gcc/nios2-elf/4.9.1/../../../../../H-x86_64-pc-linux-gnu/nios2-elf/lib/mno-hw-mul/libc.a(lib_a-exit.o)
                0x000000000000150c                exit
 .text          0x0000000000001544        0x0 /home/marco/altera/15.0/nios2eds/bin/gnu/H-x86_64-pc-linux-gnu/bin/../lib/gcc/nios2-elf/4.9.1/../../../../../H-x86_64-pc-linux-gnu/nios2-elf/lib/mno-hw-mul/libc.a(lib_a-impure.o)
 .text          0x0000000000001544        0x0 /home/marco/altera/15.0/nios2eds/bin/gnu/H-x86_64-pc-linux-gnu/bin/../lib/gcc/nios2-elf/4.9.1/../../../../../H-x86_64-pc-linux-gnu/nios2-elf/lib/mno-hw-mul/libc.a(lib_a-int_errno.o)
 .text          0x0000000000001544      0x114 /home/marco/altera/15.0/nios2eds/bin/gnu/H-x86_64-pc-linux-gnu/bin/../lib/gcc/nios2-elf/4.9.1/../../../../../H-x86_64-pc-linux-gnu/nios2-elf/lib/mno-hw-mul/libc.a(lib_a-__atexit.o)
                0x0000000000001544                __register_exitproc
 .text          0x0000000000001658      0x194 /home/marco/altera/15.0/nios2eds/bin/gnu/H-x86_64-pc-linux-gnu/bin/../lib/gcc/nios2-elf/4.9.1/../../../../../H-x86_64-pc-linux-gnu/nios2-elf/lib/mno-hw-mul/libc.a(lib_a-__call_atexit.o)
                0x0000000000001658                __call_exitprocs
 .text          0x00000000000017ec       0x28 /home/marco/altera/15.0/nios2eds/bin/gnu/H-x86_64-pc-linux-gnu/bin/../lib/gcc/nios2-elf/4.9.1/mno-hw-mul/libgcc.a(lib2-mul.o)
                0x00000000000017ec                __mulsi3
 .text          0x0000000000001814       0x34 ../avalon_tut_bsp//libhal_bsp.a(alt_exit.o)
                0x0000000000001814                _exit
 *(.gnu.warning.*)
 *(.fini)
                0x0000000000001848                PROVIDE (__etext, ABSOLUTE (.))
                0x0000000000001848                PROVIDE (_etext, ABSOLUTE (.))
                0x0000000000001848                PROVIDE (etext, ABSOLUTE (.))
 *(.eh_frame_hdr)
                0x0000000000001848                . = ALIGN (0x4)
                0x0000000000001848                PROVIDE (__preinit_array_start, ABSOLUTE (.))
 *(.preinit_array)
                0x0000000000001848                PROVIDE (__preinit_array_end, ABSOLUTE (.))
                0x0000000000001848                PROVIDE (__init_array_start, ABSOLUTE (.))
 *(.init_array)
                0x0000000000001848                PROVIDE (__init_array_end, ABSOLUTE (.))
                0x0000000000001848                PROVIDE (__fini_array_start, ABSOLUTE (.))
 *(.fini_array)
                0x0000000000001848                PROVIDE (__fini_array_end, ABSOLUTE (.))
 *(.eh_frame)
 *(.gcc_except_table .gcc_except_table.*)
 *(.dynamic)
                0x0000000000001848                PROVIDE (__CTOR_LIST__, ABSOLUTE (.))
 *(.ctors)
 *(SORT(.ctors.*))
                0x0000000000001848                PROVIDE (__CTOR_END__, ABSOLUTE (.))
                0x0000000000001848                PROVIDE (__DTOR_LIST__, ABSOLUTE (.))
 *(.dtors)
 *(SORT(.dtors.*))
                0x0000000000001848                PROVIDE (__DTOR_END__, ABSOLUTE (.))
 *(.jcr)
                0x0000000000001848                . = ALIGN (0x4)

.rodata         0x0000000000001848       0x10
                0x0000000000001848                PROVIDE (__ram_rodata_start, ABSOLUTE (.))
                0x0000000000001848                . = ALIGN (0x4)
 *(.rodata .rodata.* .gnu.linkonce.r.*)
 .rodata        0x0000000000001848        0xc ../avalon_tut_bsp//libhal_bsp.a(alt_dev.o)
 .rodata.str1.4
                0x0000000000001854        0x4 /home/marco/altera/15.0/nios2eds/bin/gnu/H-x86_64-pc-linux-gnu/bin/../lib/gcc/nios2-elf/4.9.1/../../../../../H-x86_64-pc-linux-gnu/nios2-elf/lib/mno-hw-mul/libc.a(lib_a-impure.o)
 *(.rodata1)
                0x0000000000001858                . = ALIGN (0x4)
                0x0000000000001858                PROVIDE (__ram_rodata_end, ABSOLUTE (.))
                0x0000000000001848                PROVIDE (__flash_rodata_start, LOADADDR (.rodata))

.rwdata         0x0000000000001858      0x5ec load address 0x0000000000001e44
                0x0000000000001858                PROVIDE (__ram_rwdata_start, ABSOLUTE (.))
                0x0000000000001858                . = ALIGN (0x4)
 *(.got.plt)
 *(.got)
 *(.data1)
 *(.data .data.* .gnu.linkonce.d.*)
 .data          0x0000000000001858        0x0 ../avalon_tut_bsp//obj/HAL/src/crt0.o
 .data          0x0000000000001858        0x0 obj/default/hello_world.o
 .data          0x0000000000001858        0x0 ../avalon_tut_bsp//libhal_bsp.a(alt_load.o)
 .data          0x0000000000001858        0x0 ../avalon_tut_bsp//libhal_bsp.a(alt_main.o)
 .data          0x0000000000001858        0x0 ../avalon_tut_bsp//libhal_bsp.a(alt_sys_init.o)
 .data          0x0000000000001858        0x0 ../avalon_tut_bsp//libhal_bsp.a(alt_close.o)
 .data          0x0000000000001858        0x0 ../avalon_tut_bsp//libhal_bsp.a(alt_dcache_flush_all.o)
 .data          0x0000000000001858      0x1a8 ../avalon_tut_bsp//libhal_bsp.a(alt_dev.o)
                0x0000000000001858                alt_dev_null
                0x0000000000001880                alt_fd_list
 .data          0x0000000000001a00        0x0 ../avalon_tut_bsp//libhal_bsp.a(alt_do_ctors.o)
 .data          0x0000000000001a00        0x0 ../avalon_tut_bsp//libhal_bsp.a(alt_do_dtors.o)
 .data          0x0000000000001a00        0x0 ../avalon_tut_bsp//libhal_bsp.a(alt_errno.o)
 .data          0x0000000000001a00        0x0 ../avalon_tut_bsp//libhal_bsp.a(alt_icache_flush_all.o)
 .data          0x0000000000001a00        0x0 ../avalon_tut_bsp//libhal_bsp.a(alt_release_fd.o)
 .data          0x0000000000001a00        0x0 ../avalon_tut_bsp//libhal_bsp.a(altera_nios2_qsys_irq.o)
 .data          0x0000000000001a00        0x0 /home/marco/altera/15.0/nios2eds/bin/gnu/H-x86_64-pc-linux-gnu/bin/../lib/gcc/nios2-elf/4.9.1/../../../../../H-x86_64-pc-linux-gnu/nios2-elf/lib/mno-hw-mul/libc.a(lib_a-atexit.o)
 .data          0x0000000000001a00        0x0 /home/marco/altera/15.0/nios2eds/bin/gnu/H-x86_64-pc-linux-gnu/bin/../lib/gcc/nios2-elf/4.9.1/../../../../../H-x86_64-pc-linux-gnu/nios2-elf/lib/mno-hw-mul/libc.a(lib_a-exit.o)
 .data          0x0000000000001a00      0x424 /home/marco/altera/15.0/nios2eds/bin/gnu/H-x86_64-pc-linux-gnu/bin/../lib/gcc/nios2-elf/4.9.1/../../../../../H-x86_64-pc-linux-gnu/nios2-elf/lib/mno-hw-mul/libc.a(lib_a-impure.o)
 .data          0x0000000000001e24        0x0 /home/marco/altera/15.0/nios2eds/bin/gnu/H-x86_64-pc-linux-gnu/bin/../lib/gcc/nios2-elf/4.9.1/../../../../../H-x86_64-pc-linux-gnu/nios2-elf/lib/mno-hw-mul/libc.a(lib_a-int_errno.o)
 .data          0x0000000000001e24        0x0 /home/marco/altera/15.0/nios2eds/bin/gnu/H-x86_64-pc-linux-gnu/bin/../lib/gcc/nios2-elf/4.9.1/../../../../../H-x86_64-pc-linux-gnu/nios2-elf/lib/mno-hw-mul/libc.a(lib_a-__atexit.o)
 .data          0x0000000000001e24        0x0 /home/marco/altera/15.0/nios2eds/bin/gnu/H-x86_64-pc-linux-gnu/bin/../lib/gcc/nios2-elf/4.9.1/../../../../../H-x86_64-pc-linux-gnu/nios2-elf/lib/mno-hw-mul/libc.a(lib_a-__call_atexit.o)
 .data          0x0000000000001e24        0x0 /home/marco/altera/15.0/nios2eds/bin/gnu/H-x86_64-pc-linux-gnu/bin/../lib/gcc/nios2-elf/4.9.1/mno-hw-mul/libgcc.a(lib2-mul.o)
 .data          0x0000000000001e24        0x0 ../avalon_tut_bsp//libhal_bsp.a(alt_exit.o)
                0x0000000000009e24                _gp = ABSOLUTE ((. + 0x8000))
                0x0000000000009e24                PROVIDE (gp, _gp)
 *(.rwdata .rwdata.*)
 *(.sdata .sdata.* .gnu.linkonce.s.*)
 .sdata         0x0000000000001e24       0x14 ../avalon_tut_bsp//libhal_bsp.a(alt_dev.o)
                0x0000000000001e24                alt_fs_list
                0x0000000000001e2c                alt_dev_list
                0x0000000000001e34                alt_max_fd
 .sdata         0x0000000000001e38        0x4 ../avalon_tut_bsp//libhal_bsp.a(alt_errno.o)
                0x0000000000001e38                alt_errno
 .sdata         0x0000000000001e3c        0x8 /home/marco/altera/15.0/nios2eds/bin/gnu/H-x86_64-pc-linux-gnu/bin/../lib/gcc/nios2-elf/4.9.1/../../../../../H-x86_64-pc-linux-gnu/nios2-elf/lib/mno-hw-mul/libc.a(lib_a-impure.o)
                0x0000000000001e3c                _global_impure_ptr
                0x0000000000001e40                _impure_ptr
 *(.sdata2 .sdata2.* .gnu.linkonce.s2.*)
                0x0000000000001e44                . = ALIGN (0x4)
                0x0000000000001e44                _edata = ABSOLUTE (.)
                0x0000000000001e44                PROVIDE (edata, ABSOLUTE (.))
                0x0000000000001e44                PROVIDE (__ram_rwdata_end, ABSOLUTE (.))
                0x0000000000001e44                PROVIDE (__flash_rwdata_start, LOADADDR (.rwdata))

.bss            0x0000000000002430       0x10
                0x0000000000002430                __bss_start = ABSOLUTE (.)
                0x0000000000002430                PROVIDE (__sbss_start, ABSOLUTE (.))
                0x0000000000002430                PROVIDE (___sbss_start, ABSOLUTE (.))
 *(.dynsbss)
 *(.sbss .sbss.* .gnu.linkonce.sb.*)
 .sbss          0x0000000000002430        0xc ../avalon_tut_bsp//libhal_bsp.a(alt_main.o)
                0x0000000000002430                alt_argc
                0x0000000000002434                alt_argv
                0x0000000000002438                alt_envp
 .sbss          0x000000000000243c        0x4 /home/marco/altera/15.0/nios2eds/bin/gnu/H-x86_64-pc-linux-gnu/bin/../lib/gcc/nios2-elf/4.9.1/../../../../../H-x86_64-pc-linux-gnu/nios2-elf/lib/mno-hw-mul/libc.a(lib_a-int_errno.o)
                0x000000000000243c                errno
 *(.sbss2 .sbss2.* .gnu.linkonce.sb2.*)
 *(.scommon)
                0x0000000000002440                PROVIDE (__sbss_end, ABSOLUTE (.))
                0x0000000000002440                PROVIDE (___sbss_end, ABSOLUTE (.))
 *(.dynbss)
 *(.bss .bss.* .gnu.linkonce.b.*)
 .bss           0x0000000000002440        0x0 ../avalon_tut_bsp//obj/HAL/src/crt0.o
 .bss           0x0000000000002440        0x0 obj/default/hello_world.o
 .bss           0x0000000000002440        0x0 ../avalon_tut_bsp//libhal_bsp.a(alt_load.o)
 .bss           0x0000000000002440        0x0 ../avalon_tut_bsp//libhal_bsp.a(alt_main.o)
 .bss           0x0000000000002440        0x0 ../avalon_tut_bsp//libhal_bsp.a(alt_sys_init.o)
 .bss           0x0000000000002440        0x0 ../avalon_tut_bsp//libhal_bsp.a(alt_close.o)
 .bss           0x0000000000002440        0x0 ../avalon_tut_bsp//libhal_bsp.a(alt_dcache_flush_all.o)
 .bss           0x0000000000002440        0x0 ../avalon_tut_bsp//libhal_bsp.a(alt_dev.o)
 .bss           0x0000000000002440        0x0 ../avalon_tut_bsp//libhal_bsp.a(alt_do_ctors.o)
 .bss           0x0000000000002440        0x0 ../avalon_tut_bsp//libhal_bsp.a(alt_do_dtors.o)
 .bss           0x0000000000002440        0x0 ../avalon_tut_bsp//libhal_bsp.a(alt_errno.o)
 .bss           0x0000000000002440        0x0 ../avalon_tut_bsp//libhal_bsp.a(alt_icache_flush_all.o)
 .bss           0x0000000000002440        0x0 ../avalon_tut_bsp//libhal_bsp.a(alt_release_fd.o)
 .bss           0x0000000000002440        0x0 ../avalon_tut_bsp//libhal_bsp.a(altera_nios2_qsys_irq.o)
 .bss           0x0000000000002440        0x0 /home/marco/altera/15.0/nios2eds/bin/gnu/H-x86_64-pc-linux-gnu/bin/../lib/gcc/nios2-elf/4.9.1/../../../../../H-x86_64-pc-linux-gnu/nios2-elf/lib/mno-hw-mul/libc.a(lib_a-atexit.o)
 .bss           0x0000000000002440        0x0 /home/marco/altera/15.0/nios2eds/bin/gnu/H-x86_64-pc-linux-gnu/bin/../lib/gcc/nios2-elf/4.9.1/../../../../../H-x86_64-pc-linux-gnu/nios2-elf/lib/mno-hw-mul/libc.a(lib_a-exit.o)
 .bss           0x0000000000002440        0x0 /home/marco/altera/15.0/nios2eds/bin/gnu/H-x86_64-pc-linux-gnu/bin/../lib/gcc/nios2-elf/4.9.1/../../../../../H-x86_64-pc-linux-gnu/nios2-elf/lib/mno-hw-mul/libc.a(lib_a-impure.o)
 .bss           0x0000000000002440        0x0 /home/marco/altera/15.0/nios2eds/bin/gnu/H-x86_64-pc-linux-gnu/bin/../lib/gcc/nios2-elf/4.9.1/../../../../../H-x86_64-pc-linux-gnu/nios2-elf/lib/mno-hw-mul/libc.a(lib_a-int_errno.o)
 .bss           0x0000000000002440        0x0 /home/marco/altera/15.0/nios2eds/bin/gnu/H-x86_64-pc-linux-gnu/bin/../lib/gcc/nios2-elf/4.9.1/../../../../../H-x86_64-pc-linux-gnu/nios2-elf/lib/mno-hw-mul/libc.a(lib_a-__atexit.o)
 .bss           0x0000000000002440        0x0 /home/marco/altera/15.0/nios2eds/bin/gnu/H-x86_64-pc-linux-gnu/bin/../lib/gcc/nios2-elf/4.9.1/../../../../../H-x86_64-pc-linux-gnu/nios2-elf/lib/mno-hw-mul/libc.a(lib_a-__call_atexit.o)
 .bss           0x0000000000002440        0x0 /home/marco/altera/15.0/nios2eds/bin/gnu/H-x86_64-pc-linux-gnu/bin/../lib/gcc/nios2-elf/4.9.1/mno-hw-mul/libgcc.a(lib2-mul.o)
 .bss           0x0000000000002440        0x0 ../avalon_tut_bsp//libhal_bsp.a(alt_exit.o)
 *(COMMON)
                0x0000000000002440                . = ALIGN (0x4)
                0x0000000000002440                __bss_end = ABSOLUTE (.)

.onchip_memory2_0
                0x0000000000002440        0x0
                0x0000000000002440                PROVIDE (_alt_partition_onchip_memory2_0_start, ABSOLUTE (.))
 *(.onchip_memory2_0 .onchip_memory2_0. onchip_memory2_0.*)
                0x0000000000002440                . = ALIGN (0x4)
                0x0000000000002440                PROVIDE (_alt_partition_onchip_memory2_0_end, ABSOLUTE (.))
                0x0000000000002440                _end = ABSOLUTE (.)
                0x0000000000002440                end = ABSOLUTE (.)
                0x0000000000002440                __alt_stack_base = ABSOLUTE (.)
                0x0000000000002440                PROVIDE (_alt_partition_onchip_memory2_0_load_addr, LOADADDR (.onchip_memory2_0))

.stab
 *(.stab)

.stabstr
 *(.stabstr)

.stab.excl
 *(.stab.excl)

.stab.exclstr
 *(.stab.exclstr)

.stab.index
 *(.stab.index)

.stab.indexstr
 *(.stab.indexstr)

.comment        0x0000000000000000       0x23
 *(.comment)
 .comment       0x0000000000000000       0x23 obj/default/hello_world.o
                                         0x24 (size before relaxing)
 .comment       0x0000000000000000       0x24 ../avalon_tut_bsp//libhal_bsp.a(alt_load.o)
 .comment       0x0000000000000000       0x24 ../avalon_tut_bsp//libhal_bsp.a(alt_main.o)
 .comment       0x0000000000000000       0x24 ../avalon_tut_bsp//libhal_bsp.a(alt_sys_init.o)
 .comment       0x0000000000000000       0x24 ../avalon_tut_bsp//libhal_bsp.a(alt_close.o)
 .comment       0x0000000000000000       0x24 ../avalon_tut_bsp//libhal_bsp.a(alt_dcache_flush_all.o)
 .comment       0x0000000000000000       0x24 ../avalon_tut_bsp//libhal_bsp.a(alt_dev.o)
 .comment       0x0000000000000000       0x24 ../avalon_tut_bsp//libhal_bsp.a(alt_do_ctors.o)
 .comment       0x0000000000000000       0x24 ../avalon_tut_bsp//libhal_bsp.a(alt_do_dtors.o)
 .comment       0x0000000000000000       0x24 ../avalon_tut_bsp//libhal_bsp.a(alt_errno.o)
 .comment       0x0000000000000000       0x24 ../avalon_tut_bsp//libhal_bsp.a(alt_icache_flush_all.o)
 .comment       0x0000000000000000       0x24 ../avalon_tut_bsp//libhal_bsp.a(alt_release_fd.o)
 .comment       0x0000000000000000       0x24 ../avalon_tut_bsp//libhal_bsp.a(altera_nios2_qsys_irq.o)
 .comment       0x0000000000000000       0x24 /home/marco/altera/15.0/nios2eds/bin/gnu/H-x86_64-pc-linux-gnu/bin/../lib/gcc/nios2-elf/4.9.1/../../../../../H-x86_64-pc-linux-gnu/nios2-elf/lib/mno-hw-mul/libc.a(lib_a-atexit.o)
 .comment       0x0000000000000000       0x24 /home/marco/altera/15.0/nios2eds/bin/gnu/H-x86_64-pc-linux-gnu/bin/../lib/gcc/nios2-elf/4.9.1/../../../../../H-x86_64-pc-linux-gnu/nios2-elf/lib/mno-hw-mul/libc.a(lib_a-exit.o)
 .comment       0x0000000000000000       0x24 /home/marco/altera/15.0/nios2eds/bin/gnu/H-x86_64-pc-linux-gnu/bin/../lib/gcc/nios2-elf/4.9.1/../../../../../H-x86_64-pc-linux-gnu/nios2-elf/lib/mno-hw-mul/libc.a(lib_a-impure.o)
 .comment       0x0000000000000000       0x24 /home/marco/altera/15.0/nios2eds/bin/gnu/H-x86_64-pc-linux-gnu/bin/../lib/gcc/nios2-elf/4.9.1/../../../../../H-x86_64-pc-linux-gnu/nios2-elf/lib/mno-hw-mul/libc.a(lib_a-int_errno.o)
 .comment       0x0000000000000000       0x24 /home/marco/altera/15.0/nios2eds/bin/gnu/H-x86_64-pc-linux-gnu/bin/../lib/gcc/nios2-elf/4.9.1/../../../../../H-x86_64-pc-linux-gnu/nios2-elf/lib/mno-hw-mul/libc.a(lib_a-__atexit.o)
 .comment       0x0000000000000000       0x24 /home/marco/altera/15.0/nios2eds/bin/gnu/H-x86_64-pc-linux-gnu/bin/../lib/gcc/nios2-elf/4.9.1/../../../../../H-x86_64-pc-linux-gnu/nios2-elf/lib/mno-hw-mul/libc.a(lib_a-__call_atexit.o)
 .comment       0x0000000000000000       0x24 /home/marco/altera/15.0/nios2eds/bin/gnu/H-x86_64-pc-linux-gnu/bin/../lib/gcc/nios2-elf/4.9.1/mno-hw-mul/libgcc.a(lib2-mul.o)
 .comment       0x0000000000000000       0x24 ../avalon_tut_bsp//libhal_bsp.a(alt_exit.o)

.debug
 *(.debug)

.line
 *(.line)

.debug_srcinfo
 *(.debug_srcinfo)

.debug_sfnames
 *(.debug_sfnames)

.debug_aranges  0x0000000000000000      0x2b0
 *(.debug_aranges)
 .debug_aranges
                0x0000000000000000       0x28 ../avalon_tut_bsp//obj/HAL/src/crt0.o
 .debug_aranges
                0x0000000000000028       0x20 obj/default/hello_world.o
 .debug_aranges
                0x0000000000000048       0x20 ../avalon_tut_bsp//libhal_bsp.a(alt_load.o)
 .debug_aranges
                0x0000000000000068       0x20 ../avalon_tut_bsp//libhal_bsp.a(alt_main.o)
 .debug_aranges
                0x0000000000000088       0x20 ../avalon_tut_bsp//libhal_bsp.a(alt_sys_init.o)
 .debug_aranges
                0x00000000000000a8       0x20 ../avalon_tut_bsp//libhal_bsp.a(alt_close.o)
 .debug_aranges
                0x00000000000000c8       0x20 ../avalon_tut_bsp//libhal_bsp.a(alt_dcache_flush_all.o)
 .debug_aranges
                0x00000000000000e8       0x20 ../avalon_tut_bsp//libhal_bsp.a(alt_dev.o)
 .debug_aranges
                0x0000000000000108       0x20 ../avalon_tut_bsp//libhal_bsp.a(alt_do_ctors.o)
 .debug_aranges
                0x0000000000000128       0x20 ../avalon_tut_bsp//libhal_bsp.a(alt_do_dtors.o)
 .debug_aranges
                0x0000000000000148       0x18 ../avalon_tut_bsp//libhal_bsp.a(alt_errno.o)
 .debug_aranges
                0x0000000000000160       0x20 ../avalon_tut_bsp//libhal_bsp.a(alt_icache_flush_all.o)
 .debug_aranges
                0x0000000000000180       0x20 ../avalon_tut_bsp//libhal_bsp.a(alt_release_fd.o)
 .debug_aranges
                0x00000000000001a0       0x20 ../avalon_tut_bsp//libhal_bsp.a(altera_nios2_qsys_irq.o)
 .debug_aranges
                0x00000000000001c0       0x20 /home/marco/altera/15.0/nios2eds/bin/gnu/H-x86_64-pc-linux-gnu/bin/../lib/gcc/nios2-elf/4.9.1/../../../../../H-x86_64-pc-linux-gnu/nios2-elf/lib/mno-hw-mul/libc.a(lib_a-atexit.o)
 .debug_aranges
                0x00000000000001e0       0x20 /home/marco/altera/15.0/nios2eds/bin/gnu/H-x86_64-pc-linux-gnu/bin/../lib/gcc/nios2-elf/4.9.1/../../../../../H-x86_64-pc-linux-gnu/nios2-elf/lib/mno-hw-mul/libc.a(lib_a-exit.o)
 .debug_aranges
                0x0000000000000200       0x18 /home/marco/altera/15.0/nios2eds/bin/gnu/H-x86_64-pc-linux-gnu/bin/../lib/gcc/nios2-elf/4.9.1/../../../../../H-x86_64-pc-linux-gnu/nios2-elf/lib/mno-hw-mul/libc.a(lib_a-impure.o)
 .debug_aranges
                0x0000000000000218       0x18 /home/marco/altera/15.0/nios2eds/bin/gnu/H-x86_64-pc-linux-gnu/bin/../lib/gcc/nios2-elf/4.9.1/../../../../../H-x86_64-pc-linux-gnu/nios2-elf/lib/mno-hw-mul/libc.a(lib_a-int_errno.o)
 .debug_aranges
                0x0000000000000230       0x20 /home/marco/altera/15.0/nios2eds/bin/gnu/H-x86_64-pc-linux-gnu/bin/../lib/gcc/nios2-elf/4.9.1/../../../../../H-x86_64-pc-linux-gnu/nios2-elf/lib/mno-hw-mul/libc.a(lib_a-__atexit.o)
 .debug_aranges
                0x0000000000000250       0x20 /home/marco/altera/15.0/nios2eds/bin/gnu/H-x86_64-pc-linux-gnu/bin/../lib/gcc/nios2-elf/4.9.1/../../../../../H-x86_64-pc-linux-gnu/nios2-elf/lib/mno-hw-mul/libc.a(lib_a-__call_atexit.o)
 .debug_aranges
                0x0000000000000270       0x20 /home/marco/altera/15.0/nios2eds/bin/gnu/H-x86_64-pc-linux-gnu/bin/../lib/gcc/nios2-elf/4.9.1/mno-hw-mul/libgcc.a(lib2-mul.o)
 .debug_aranges
                0x0000000000000290       0x20 ../avalon_tut_bsp//libhal_bsp.a(alt_exit.o)

.debug_pubnames
 *(.debug_pubnames)

.debug_info     0x0000000000000000     0x3954
 *(.debug_info .gnu.linkonce.wi.*)
 .debug_info    0x0000000000000000       0x74 ../avalon_tut_bsp//obj/HAL/src/crt0.o
 .debug_info    0x0000000000000074       0x53 obj/default/hello_world.o
 .debug_info    0x00000000000000c7      0x13e ../avalon_tut_bsp//libhal_bsp.a(alt_load.o)
 .debug_info    0x0000000000000205      0x150 ../avalon_tut_bsp//libhal_bsp.a(alt_main.o)
 .debug_info    0x0000000000000355       0xf3 ../avalon_tut_bsp//libhal_bsp.a(alt_sys_init.o)
 .debug_info    0x0000000000000448      0x31a ../avalon_tut_bsp//libhal_bsp.a(alt_close.o)
 .debug_info    0x0000000000000762       0x8b ../avalon_tut_bsp//libhal_bsp.a(alt_dcache_flush_all.o)
 .debug_info    0x00000000000007ed      0x495 ../avalon_tut_bsp//libhal_bsp.a(alt_dev.o)
 .debug_info    0x0000000000000c82       0x83 ../avalon_tut_bsp//libhal_bsp.a(alt_do_ctors.o)
 .debug_info    0x0000000000000d05       0x83 ../avalon_tut_bsp//libhal_bsp.a(alt_do_dtors.o)
 .debug_info    0x0000000000000d88       0x9f ../avalon_tut_bsp//libhal_bsp.a(alt_errno.o)
 .debug_info    0x0000000000000e27       0x8b ../avalon_tut_bsp//libhal_bsp.a(alt_icache_flush_all.o)
 .debug_info    0x0000000000000eb2      0x2b0 ../avalon_tut_bsp//libhal_bsp.a(alt_release_fd.o)
 .debug_info    0x0000000000001162       0xb1 ../avalon_tut_bsp//libhal_bsp.a(altera_nios2_qsys_irq.o)
 .debug_info    0x0000000000001213      0x10a /home/marco/altera/15.0/nios2eds/bin/gnu/H-x86_64-pc-linux-gnu/bin/../lib/gcc/nios2-elf/4.9.1/../../../../../H-x86_64-pc-linux-gnu/nios2-elf/lib/mno-hw-mul/libc.a(lib_a-atexit.o)
 .debug_info    0x000000000000131d      0x8df /home/marco/altera/15.0/nios2eds/bin/gnu/H-x86_64-pc-linux-gnu/bin/../lib/gcc/nios2-elf/4.9.1/../../../../../H-x86_64-pc-linux-gnu/nios2-elf/lib/mno-hw-mul/libc.a(lib_a-exit.o)
 .debug_info    0x0000000000001bfc      0x88f /home/marco/altera/15.0/nios2eds/bin/gnu/H-x86_64-pc-linux-gnu/bin/../lib/gcc/nios2-elf/4.9.1/../../../../../H-x86_64-pc-linux-gnu/nios2-elf/lib/mno-hw-mul/libc.a(lib_a-impure.o)
 .debug_info    0x000000000000248b       0x83 /home/marco/altera/15.0/nios2eds/bin/gnu/H-x86_64-pc-linux-gnu/bin/../lib/gcc/nios2-elf/4.9.1/../../../../../H-x86_64-pc-linux-gnu/nios2-elf/lib/mno-hw-mul/libc.a(lib_a-int_errno.o)
 .debug_info    0x000000000000250e      0x93b /home/marco/altera/15.0/nios2eds/bin/gnu/H-x86_64-pc-linux-gnu/bin/../lib/gcc/nios2-elf/4.9.1/../../../../../H-x86_64-pc-linux-gnu/nios2-elf/lib/mno-hw-mul/libc.a(lib_a-__atexit.o)
 .debug_info    0x0000000000002e49      0x948 /home/marco/altera/15.0/nios2eds/bin/gnu/H-x86_64-pc-linux-gnu/bin/../lib/gcc/nios2-elf/4.9.1/../../../../../H-x86_64-pc-linux-gnu/nios2-elf/lib/mno-hw-mul/libc.a(lib_a-__call_atexit.o)
 .debug_info    0x0000000000003791       0xb4 /home/marco/altera/15.0/nios2eds/bin/gnu/H-x86_64-pc-linux-gnu/bin/../lib/gcc/nios2-elf/4.9.1/mno-hw-mul/libgcc.a(lib2-mul.o)
 .debug_info    0x0000000000003845      0x10f ../avalon_tut_bsp//libhal_bsp.a(alt_exit.o)

.debug_abbrev   0x0000000000000000     0x1142
 *(.debug_abbrev)
 .debug_abbrev  0x0000000000000000       0x12 ../avalon_tut_bsp//obj/HAL/src/crt0.o
 .debug_abbrev  0x0000000000000012       0x48 obj/default/hello_world.o
 .debug_abbrev  0x000000000000005a       0x9f ../avalon_tut_bsp//libhal_bsp.a(alt_load.o)
 .debug_abbrev  0x00000000000000f9       0xc1 ../avalon_tut_bsp//libhal_bsp.a(alt_main.o)
 .debug_abbrev  0x00000000000001ba       0xbc ../avalon_tut_bsp//libhal_bsp.a(alt_sys_init.o)
 .debug_abbrev  0x0000000000000276      0x11f ../avalon_tut_bsp//libhal_bsp.a(alt_close.o)
 .debug_abbrev  0x0000000000000395       0x42 ../avalon_tut_bsp//libhal_bsp.a(alt_dcache_flush_all.o)
 .debug_abbrev  0x00000000000003d7       0xd9 ../avalon_tut_bsp//libhal_bsp.a(alt_dev.o)
 .debug_abbrev  0x00000000000004b0       0x79 ../avalon_tut_bsp//libhal_bsp.a(alt_do_ctors.o)
 .debug_abbrev  0x0000000000000529       0x79 ../avalon_tut_bsp//libhal_bsp.a(alt_do_dtors.o)
 .debug_abbrev  0x00000000000005a2       0x5a ../avalon_tut_bsp//libhal_bsp.a(alt_errno.o)
 .debug_abbrev  0x00000000000005fc       0x42 ../avalon_tut_bsp//libhal_bsp.a(alt_icache_flush_all.o)
 .debug_abbrev  0x000000000000063e       0xde ../avalon_tut_bsp//libhal_bsp.a(alt_release_fd.o)
 .debug_abbrev  0x000000000000071c       0x67 ../avalon_tut_bsp//libhal_bsp.a(altera_nios2_qsys_irq.o)
 .debug_abbrev  0x0000000000000783       0xb8 /home/marco/altera/15.0/nios2eds/bin/gnu/H-x86_64-pc-linux-gnu/bin/../lib/gcc/nios2-elf/4.9.1/../../../../../H-x86_64-pc-linux-gnu/nios2-elf/lib/mno-hw-mul/libc.a(lib_a-atexit.o)
 .debug_abbrev  0x000000000000083b      0x1e6 /home/marco/altera/15.0/nios2eds/bin/gnu/H-x86_64-pc-linux-gnu/bin/../lib/gcc/nios2-elf/4.9.1/../../../../../H-x86_64-pc-linux-gnu/nios2-elf/lib/mno-hw-mul/libc.a(lib_a-exit.o)
 .debug_abbrev  0x0000000000000a21      0x180 /home/marco/altera/15.0/nios2eds/bin/gnu/H-x86_64-pc-linux-gnu/bin/../lib/gcc/nios2-elf/4.9.1/../../../../../H-x86_64-pc-linux-gnu/nios2-elf/lib/mno-hw-mul/libc.a(lib_a-impure.o)
 .debug_abbrev  0x0000000000000ba1       0x37 /home/marco/altera/15.0/nios2eds/bin/gnu/H-x86_64-pc-linux-gnu/bin/../lib/gcc/nios2-elf/4.9.1/../../../../../H-x86_64-pc-linux-gnu/nios2-elf/lib/mno-hw-mul/libc.a(lib_a-int_errno.o)
 .debug_abbrev  0x0000000000000bd8      0x21e /home/marco/altera/15.0/nios2eds/bin/gnu/H-x86_64-pc-linux-gnu/bin/../lib/gcc/nios2-elf/4.9.1/../../../../../H-x86_64-pc-linux-gnu/nios2-elf/lib/mno-hw-mul/libc.a(lib_a-__atexit.o)
 .debug_abbrev  0x0000000000000df6      0x210 /home/marco/altera/15.0/nios2eds/bin/gnu/H-x86_64-pc-linux-gnu/bin/../lib/gcc/nios2-elf/4.9.1/../../../../../H-x86_64-pc-linux-gnu/nios2-elf/lib/mno-hw-mul/libc.a(lib_a-__call_atexit.o)
 .debug_abbrev  0x0000000000001006       0x6f /home/marco/altera/15.0/nios2eds/bin/gnu/H-x86_64-pc-linux-gnu/bin/../lib/gcc/nios2-elf/4.9.1/mno-hw-mul/libgcc.a(lib2-mul.o)
 .debug_abbrev  0x0000000000001075       0xcd ../avalon_tut_bsp//libhal_bsp.a(alt_exit.o)

.debug_line     0x0000000000000000     0x122f
 *(.debug_line)
 .debug_line    0x0000000000000000       0x66 ../avalon_tut_bsp//obj/HAL/src/crt0.o
 .debug_line    0x0000000000000066       0x3e obj/default/hello_world.o
 .debug_line    0x00000000000000a4       0x8d ../avalon_tut_bsp//libhal_bsp.a(alt_load.o)
 .debug_line    0x0000000000000131       0xcd ../avalon_tut_bsp//libhal_bsp.a(alt_main.o)
 .debug_line    0x00000000000001fe       0xa7 ../avalon_tut_bsp//libhal_bsp.a(alt_sys_init.o)
 .debug_line    0x00000000000002a5      0x16c ../avalon_tut_bsp//libhal_bsp.a(alt_close.o)
 .debug_line    0x0000000000000411       0x51 ../avalon_tut_bsp//libhal_bsp.a(alt_dcache_flush_all.o)
 .debug_line    0x0000000000000462       0xfe ../avalon_tut_bsp//libhal_bsp.a(alt_dev.o)
 .debug_line    0x0000000000000560       0x59 ../avalon_tut_bsp//libhal_bsp.a(alt_do_ctors.o)
 .debug_line    0x00000000000005b9       0x59 ../avalon_tut_bsp//libhal_bsp.a(alt_do_dtors.o)
 .debug_line    0x0000000000000612       0x51 ../avalon_tut_bsp//libhal_bsp.a(alt_errno.o)
 .debug_line    0x0000000000000663       0x4f ../avalon_tut_bsp//libhal_bsp.a(alt_icache_flush_all.o)
 .debug_line    0x00000000000006b2       0xb0 ../avalon_tut_bsp//libhal_bsp.a(alt_release_fd.o)
 .debug_line    0x0000000000000762       0x8d ../avalon_tut_bsp//libhal_bsp.a(altera_nios2_qsys_irq.o)
 .debug_line    0x00000000000007ef       0xe9 /home/marco/altera/15.0/nios2eds/bin/gnu/H-x86_64-pc-linux-gnu/bin/../lib/gcc/nios2-elf/4.9.1/../../../../../H-x86_64-pc-linux-gnu/nios2-elf/lib/mno-hw-mul/libc.a(lib_a-atexit.o)
 .debug_line    0x00000000000008d8      0x1fd /home/marco/altera/15.0/nios2eds/bin/gnu/H-x86_64-pc-linux-gnu/bin/../lib/gcc/nios2-elf/4.9.1/../../../../../H-x86_64-pc-linux-gnu/nios2-elf/lib/mno-hw-mul/libc.a(lib_a-exit.o)
 .debug_line    0x0000000000000ad5      0x162 /home/marco/altera/15.0/nios2eds/bin/gnu/H-x86_64-pc-linux-gnu/bin/../lib/gcc/nios2-elf/4.9.1/../../../../../H-x86_64-pc-linux-gnu/nios2-elf/lib/mno-hw-mul/libc.a(lib_a-impure.o)
 .debug_line    0x0000000000000c37       0x60 /home/marco/altera/15.0/nios2eds/bin/gnu/H-x86_64-pc-linux-gnu/bin/../lib/gcc/nios2-elf/4.9.1/../../../../../H-x86_64-pc-linux-gnu/nios2-elf/lib/mno-hw-mul/libc.a(lib_a-int_errno.o)
 .debug_line    0x0000000000000c97      0x227 /home/marco/altera/15.0/nios2eds/bin/gnu/H-x86_64-pc-linux-gnu/bin/../lib/gcc/nios2-elf/4.9.1/../../../../../H-x86_64-pc-linux-gnu/nios2-elf/lib/mno-hw-mul/libc.a(lib_a-__atexit.o)
 .debug_line    0x0000000000000ebe      0x244 /home/marco/altera/15.0/nios2eds/bin/gnu/H-x86_64-pc-linux-gnu/bin/../lib/gcc/nios2-elf/4.9.1/../../../../../H-x86_64-pc-linux-gnu/nios2-elf/lib/mno-hw-mul/libc.a(lib_a-__call_atexit.o)
 .debug_line    0x0000000000001102       0x80 /home/marco/altera/15.0/nios2eds/bin/gnu/H-x86_64-pc-linux-gnu/bin/../lib/gcc/nios2-elf/4.9.1/mno-hw-mul/libgcc.a(lib2-mul.o)
 .debug_line    0x0000000000001182       0xad ../avalon_tut_bsp//libhal_bsp.a(alt_exit.o)

.debug_frame    0x0000000000000000      0x414
 *(.debug_frame)
 .debug_frame   0x0000000000000000       0x34 obj/default/hello_world.o
 .debug_frame   0x0000000000000034       0x5c ../avalon_tut_bsp//libhal_bsp.a(alt_load.o)
 .debug_frame   0x0000000000000090       0x2c ../avalon_tut_bsp//libhal_bsp.a(alt_main.o)
 .debug_frame   0x00000000000000bc       0x5c ../avalon_tut_bsp//libhal_bsp.a(alt_sys_init.o)
 .debug_frame   0x0000000000000118       0x60 ../avalon_tut_bsp//libhal_bsp.a(alt_close.o)
 .debug_frame   0x0000000000000178       0x34 ../avalon_tut_bsp//libhal_bsp.a(alt_dcache_flush_all.o)
 .debug_frame   0x00000000000001ac       0x34 ../avalon_tut_bsp//libhal_bsp.a(alt_dev.o)
 .debug_frame   0x00000000000001e0       0x38 ../avalon_tut_bsp//libhal_bsp.a(alt_do_ctors.o)
 .debug_frame   0x0000000000000218       0x38 ../avalon_tut_bsp//libhal_bsp.a(alt_do_dtors.o)
 .debug_frame   0x0000000000000250       0x34 ../avalon_tut_bsp//libhal_bsp.a(alt_icache_flush_all.o)
 .debug_frame   0x0000000000000284       0x3c ../avalon_tut_bsp//libhal_bsp.a(alt_release_fd.o)
 .debug_frame   0x00000000000002c0       0x34 ../avalon_tut_bsp//libhal_bsp.a(altera_nios2_qsys_irq.o)
 .debug_frame   0x00000000000002f4       0x20 /home/marco/altera/15.0/nios2eds/bin/gnu/H-x86_64-pc-linux-gnu/bin/../lib/gcc/nios2-elf/4.9.1/../../../../../H-x86_64-pc-linux-gnu/nios2-elf/lib/mno-hw-mul/libc.a(lib_a-atexit.o)
 .debug_frame   0x0000000000000314       0x28 /home/marco/altera/15.0/nios2eds/bin/gnu/H-x86_64-pc-linux-gnu/bin/../lib/gcc/nios2-elf/4.9.1/../../../../../H-x86_64-pc-linux-gnu/nios2-elf/lib/mno-hw-mul/libc.a(lib_a-exit.o)
 .debug_frame   0x000000000000033c       0x38 /home/marco/altera/15.0/nios2eds/bin/gnu/H-x86_64-pc-linux-gnu/bin/../lib/gcc/nios2-elf/4.9.1/../../../../../H-x86_64-pc-linux-gnu/nios2-elf/lib/mno-hw-mul/libc.a(lib_a-__atexit.o)
 .debug_frame   0x0000000000000374       0x54 /home/marco/altera/15.0/nios2eds/bin/gnu/H-x86_64-pc-linux-gnu/bin/../lib/gcc/nios2-elf/4.9.1/../../../../../H-x86_64-pc-linux-gnu/nios2-elf/lib/mno-hw-mul/libc.a(lib_a-__call_atexit.o)
 .debug_frame   0x00000000000003c8       0x20 /home/marco/altera/15.0/nios2eds/bin/gnu/H-x86_64-pc-linux-gnu/bin/../lib/gcc/nios2-elf/4.9.1/mno-hw-mul/libgcc.a(lib2-mul.o)
 .debug_frame   0x00000000000003e8       0x2c ../avalon_tut_bsp//libhal_bsp.a(alt_exit.o)

.debug_str      0x0000000000000000      0xe68
 *(.debug_str)
 .debug_str     0x0000000000000000       0x82 obj/default/hello_world.o
                                         0x87 (size before relaxing)
 .debug_str     0x0000000000000082      0x18a ../avalon_tut_bsp//libhal_bsp.a(alt_load.o)
                                        0x1fb (size before relaxing)
 .debug_str     0x000000000000020c       0x91 ../avalon_tut_bsp//libhal_bsp.a(alt_main.o)
                                        0x1af (size before relaxing)
 .debug_str     0x000000000000029d       0x47 ../avalon_tut_bsp//libhal_bsp.a(alt_sys_init.o)
                                        0x17f (size before relaxing)
 .debug_str     0x00000000000002e4       0x97 ../avalon_tut_bsp//libhal_bsp.a(alt_close.o)
                                        0x1f4 (size before relaxing)
 .debug_str     0x000000000000037b       0x34 ../avalon_tut_bsp//libhal_bsp.a(alt_dcache_flush_all.o)
                                        0x13e (size before relaxing)
 .debug_str     0x00000000000003af      0x120 ../avalon_tut_bsp//libhal_bsp.a(alt_dev.o)
                                        0x2ee (size before relaxing)
 .debug_str     0x00000000000004cf       0x48 ../avalon_tut_bsp//libhal_bsp.a(alt_do_ctors.o)
                                         0xc5 (size before relaxing)
 .debug_str     0x0000000000000517       0x4c ../avalon_tut_bsp//libhal_bsp.a(alt_do_dtors.o)
                                         0xc4 (size before relaxing)
 .debug_str     0x0000000000000563       0x14 ../avalon_tut_bsp//libhal_bsp.a(alt_errno.o)
                                        0x12e (size before relaxing)
 .debug_str     0x0000000000000577       0x34 ../avalon_tut_bsp//libhal_bsp.a(alt_icache_flush_all.o)
                                        0x13e (size before relaxing)
 .debug_str     0x00000000000005ab       0x28 ../avalon_tut_bsp//libhal_bsp.a(alt_release_fd.o)
                                        0x1c8 (size before relaxing)
 .debug_str     0x00000000000005d3       0x3b ../avalon_tut_bsp//libhal_bsp.a(altera_nios2_qsys_irq.o)
                                        0x16e (size before relaxing)
 .debug_str     0x000000000000060e      0x14d /home/marco/altera/15.0/nios2eds/bin/gnu/H-x86_64-pc-linux-gnu/bin/../lib/gcc/nios2-elf/4.9.1/../../../../../H-x86_64-pc-linux-gnu/nios2-elf/lib/mno-hw-mul/libc.a(lib_a-atexit.o)
                                        0x1e6 (size before relaxing)
 .debug_str     0x000000000000075b      0x3d7 /home/marco/altera/15.0/nios2eds/bin/gnu/H-x86_64-pc-linux-gnu/bin/../lib/gcc/nios2-elf/4.9.1/../../../../../H-x86_64-pc-linux-gnu/nios2-elf/lib/mno-hw-mul/libc.a(lib_a-exit.o)
                                        0x57c (size before relaxing)
 .debug_str     0x0000000000000b32       0xd8 /home/marco/altera/15.0/nios2eds/bin/gnu/H-x86_64-pc-linux-gnu/bin/../lib/gcc/nios2-elf/4.9.1/../../../../../H-x86_64-pc-linux-gnu/nios2-elf/lib/mno-hw-mul/libc.a(lib_a-impure.o)
                                        0x573 (size before relaxing)
 .debug_str     0x0000000000000c0a       0x40 /home/marco/altera/15.0/nios2eds/bin/gnu/H-x86_64-pc-linux-gnu/bin/../lib/gcc/nios2-elf/4.9.1/../../../../../H-x86_64-pc-linux-gnu/nios2-elf/lib/mno-hw-mul/libc.a(lib_a-int_errno.o)
                                        0x1a2 (size before relaxing)
 .debug_str     0x0000000000000c4a       0x55 /home/marco/altera/15.0/nios2eds/bin/gnu/H-x86_64-pc-linux-gnu/bin/../lib/gcc/nios2-elf/4.9.1/../../../../../H-x86_64-pc-linux-gnu/nios2-elf/lib/mno-hw-mul/libc.a(lib_a-__atexit.o)
                                        0x5c9 (size before relaxing)
 .debug_str     0x0000000000000c9f       0x58 /home/marco/altera/15.0/nios2eds/bin/gnu/H-x86_64-pc-linux-gnu/bin/../lib/gcc/nios2-elf/4.9.1/../../../../../H-x86_64-pc-linux-gnu/nios2-elf/lib/mno-hw-mul/libc.a(lib_a-__call_atexit.o)
                                        0x592 (size before relaxing)
 .debug_str     0x0000000000000cf7      0x147 /home/marco/altera/15.0/nios2eds/bin/gnu/H-x86_64-pc-linux-gnu/bin/../lib/gcc/nios2-elf/4.9.1/mno-hw-mul/libgcc.a(lib2-mul.o)
                                        0x192 (size before relaxing)
 .debug_str     0x0000000000000e3e       0x2a ../avalon_tut_bsp//libhal_bsp.a(alt_exit.o)
                                        0x163 (size before relaxing)

.debug_loc      0x0000000000000000      0x408
 *(.debug_loc)
 .debug_loc     0x0000000000000000       0x2c /home/marco/altera/15.0/nios2eds/bin/gnu/H-x86_64-pc-linux-gnu/bin/../lib/gcc/nios2-elf/4.9.1/../../../../../H-x86_64-pc-linux-gnu/nios2-elf/lib/mno-hw-mul/libc.a(lib_a-atexit.o)
 .debug_loc     0x000000000000002c       0x1e /home/marco/altera/15.0/nios2eds/bin/gnu/H-x86_64-pc-linux-gnu/bin/../lib/gcc/nios2-elf/4.9.1/../../../../../H-x86_64-pc-linux-gnu/nios2-elf/lib/mno-hw-mul/libc.a(lib_a-exit.o)
 .debug_loc     0x000000000000004a      0x185 /home/marco/altera/15.0/nios2eds/bin/gnu/H-x86_64-pc-linux-gnu/bin/../lib/gcc/nios2-elf/4.9.1/../../../../../H-x86_64-pc-linux-gnu/nios2-elf/lib/mno-hw-mul/libc.a(lib_a-__atexit.o)
 .debug_loc     0x00000000000001cf      0x1a6 /home/marco/altera/15.0/nios2eds/bin/gnu/H-x86_64-pc-linux-gnu/bin/../lib/gcc/nios2-elf/4.9.1/../../../../../H-x86_64-pc-linux-gnu/nios2-elf/lib/mno-hw-mul/libc.a(lib_a-__call_atexit.o)
 .debug_loc     0x0000000000000375       0x93 /home/marco/altera/15.0/nios2eds/bin/gnu/H-x86_64-pc-linux-gnu/bin/../lib/gcc/nios2-elf/4.9.1/mno-hw-mul/libgcc.a(lib2-mul.o)

.debug_macinfo
 *(.debug_macinfo)

.debug_weaknames
 *(.debug_weaknames)

.debug_funcnames
 *(.debug_funcnames)

.debug_typenames
 *(.debug_typenames)

.debug_varnames
 *(.debug_varnames)

.debug_alt_sim_info
                0x0000000000000000       0x10
 *(.debug_alt_sim_info)
 .debug_alt_sim_info
                0x0000000000000000       0x10 ../avalon_tut_bsp//obj/HAL/src/crt0.o
                0x0000000000002000                __alt_data_end = 0x2000
                0x0000000000002000                PROVIDE (__alt_stack_pointer, __alt_data_end)
                0x0000000000002440                PROVIDE (__alt_stack_limit, __alt_stack_base)
                0x0000000000002440                PROVIDE (__alt_heap_start, end)
                0x0000000000002000                PROVIDE (__alt_heap_limit, 0x2000)
OUTPUT(avalon_tut.elf elf32-littlenios2)

.debug_ranges   0x0000000000000000       0x38
 .debug_ranges  0x0000000000000000       0x20 ../avalon_tut_bsp//obj/HAL/src/crt0.o
 .debug_ranges  0x0000000000000020       0x18 /home/marco/altera/15.0/nios2eds/bin/gnu/H-x86_64-pc-linux-gnu/bin/../lib/gcc/nios2-elf/4.9.1/../../../../../H-x86_64-pc-linux-gnu/nios2-elf/lib/mno-hw-mul/libc.a(lib_a-__call_atexit.o)
