Archive member included to satisfy reference by file (symbol)

../lights_bsp//libhal_bsp.a(alt_load.o)
                              ../lights_bsp//obj/HAL/src/crt0.o (alt_load)
../lights_bsp//libhal_bsp.a(alt_main.o)
                              ../lights_bsp//obj/HAL/src/crt0.o (alt_main)
../lights_bsp//libhal_bsp.a(alt_sys_init.o)
                              ../lights_bsp//libhal_bsp.a(alt_main.o) (alt_irq_init)
../lights_bsp//libhal_bsp.a(altera_avalon_jtag_uart_fd.o)
                              ../lights_bsp//libhal_bsp.a(alt_sys_init.o) (altera_avalon_jtag_uart_read_fd)
../lights_bsp//libhal_bsp.a(altera_avalon_jtag_uart_init.o)
                              ../lights_bsp//libhal_bsp.a(alt_sys_init.o) (altera_avalon_jtag_uart_init)
../lights_bsp//libhal_bsp.a(altera_avalon_jtag_uart_ioctl.o)
                              ../lights_bsp//libhal_bsp.a(altera_avalon_jtag_uart_fd.o) (altera_avalon_jtag_uart_ioctl)
../lights_bsp//libhal_bsp.a(altera_avalon_jtag_uart_read.o)
                              ../lights_bsp//libhal_bsp.a(altera_avalon_jtag_uart_fd.o) (altera_avalon_jtag_uart_read)
../lights_bsp//libhal_bsp.a(altera_avalon_jtag_uart_write.o)
                              ../lights_bsp//libhal_bsp.a(altera_avalon_jtag_uart_fd.o) (altera_avalon_jtag_uart_write)
../lights_bsp//libhal_bsp.a(alt_alarm_start.o)
                              ../lights_bsp//libhal_bsp.a(altera_avalon_jtag_uart_init.o) (alt_alarm_start)
../lights_bsp//libhal_bsp.a(alt_close.o)
                              ../lights_bsp//libhal_bsp.a(alt_main.o) (close)
../lights_bsp//libhal_bsp.a(alt_dcache_flush_all.o)
                              ../lights_bsp//libhal_bsp.a(alt_load.o) (alt_dcache_flush_all)
../lights_bsp//libhal_bsp.a(alt_dev.o)
                              ../lights_bsp//libhal_bsp.a(alt_sys_init.o) (alt_dev_list)
../lights_bsp//libhal_bsp.a(alt_dev_llist_insert.o)
                              ../lights_bsp//libhal_bsp.a(alt_sys_init.o) (alt_dev_llist_insert)
../lights_bsp//libhal_bsp.a(alt_do_ctors.o)
                              ../lights_bsp//libhal_bsp.a(alt_main.o) (_do_ctors)
../lights_bsp//libhal_bsp.a(alt_do_dtors.o)
                              ../lights_bsp//libhal_bsp.a(alt_main.o) (_do_dtors)
../lights_bsp//libhal_bsp.a(alt_errno.o)
                              ../lights_bsp//libhal_bsp.a(alt_close.o) (alt_errno)
../lights_bsp//libhal_bsp.a(alt_icache_flush_all.o)
                              ../lights_bsp//libhal_bsp.a(alt_load.o) (alt_icache_flush_all)
../lights_bsp//libhal_bsp.a(alt_iic.o)
                              ../lights_bsp//libhal_bsp.a(altera_avalon_jtag_uart_init.o) (alt_ic_isr_register)
../lights_bsp//libhal_bsp.a(alt_iic_isr_register.o)
                              ../lights_bsp//libhal_bsp.a(alt_iic.o) (alt_iic_isr_register)
../lights_bsp//libhal_bsp.a(alt_io_redirect.o)
                              ../lights_bsp//libhal_bsp.a(alt_main.o) (alt_io_redirect)
../lights_bsp//libhal_bsp.a(alt_irq_entry.o)
                              ../lights_bsp//libhal_bsp.a(alt_iic_isr_register.o) (alt_irq_entry)
../lights_bsp//libhal_bsp.a(alt_irq_handler.o)
                              ../lights_bsp//libhal_bsp.a(alt_iic_isr_register.o) (alt_irq)
../lights_bsp//libhal_bsp.a(alt_irq_vars.o)
                              ../lights_bsp//libhal_bsp.a(alt_iic.o) (alt_irq_active)
../lights_bsp//libhal_bsp.a(alt_open.o)
                              ../lights_bsp//libhal_bsp.a(alt_io_redirect.o) (open)
../lights_bsp//libhal_bsp.a(alt_release_fd.o)
                              ../lights_bsp//libhal_bsp.a(alt_close.o) (alt_release_fd)
../lights_bsp//libhal_bsp.a(alt_tick.o)
                              ../lights_bsp//libhal_bsp.a(altera_avalon_jtag_uart_init.o) (_alt_tick_rate)
../lights_bsp//libhal_bsp.a(altera_nios2_qsys_irq.o)
                              ../lights_bsp//libhal_bsp.a(alt_sys_init.o) (altera_nios2_qsys_irq_init)
../lights_bsp//libhal_bsp.a(alt_exception_entry.o)
                              ../lights_bsp//libhal_bsp.a(alt_irq_entry.o) (alt_exception)
../lights_bsp//libhal_bsp.a(alt_find_dev.o)
                              ../lights_bsp//libhal_bsp.a(alt_open.o) (alt_find_dev)
../lights_bsp//libhal_bsp.a(alt_find_file.o)
                              ../lights_bsp//libhal_bsp.a(alt_open.o) (alt_find_file)
../lights_bsp//libhal_bsp.a(alt_get_fd.o)
                              ../lights_bsp//libhal_bsp.a(alt_open.o) (alt_get_fd)
/home/marco/altera/15.0/nios2eds/bin/gnu/H-x86_64-pc-linux-gnu/bin/../lib/gcc/nios2-elf/4.9.1/../../../../../H-x86_64-pc-linux-gnu/nios2-elf/lib/mno-hw-mul/libc.a(lib_a-atexit.o)
                              ../lights_bsp//libhal_bsp.a(alt_main.o) (atexit)
/home/marco/altera/15.0/nios2eds/bin/gnu/H-x86_64-pc-linux-gnu/bin/../lib/gcc/nios2-elf/4.9.1/../../../../../H-x86_64-pc-linux-gnu/nios2-elf/lib/mno-hw-mul/libc.a(lib_a-exit.o)
                              ../lights_bsp//libhal_bsp.a(alt_main.o) (exit)
/home/marco/altera/15.0/nios2eds/bin/gnu/H-x86_64-pc-linux-gnu/bin/../lib/gcc/nios2-elf/4.9.1/../../../../../H-x86_64-pc-linux-gnu/nios2-elf/lib/mno-hw-mul/libc.a(lib_a-impure.o)
                              /home/marco/altera/15.0/nios2eds/bin/gnu/H-x86_64-pc-linux-gnu/bin/../lib/gcc/nios2-elf/4.9.1/../../../../../H-x86_64-pc-linux-gnu/nios2-elf/lib/mno-hw-mul/libc.a(lib_a-exit.o) (_global_impure_ptr)
/home/marco/altera/15.0/nios2eds/bin/gnu/H-x86_64-pc-linux-gnu/bin/../lib/gcc/nios2-elf/4.9.1/../../../../../H-x86_64-pc-linux-gnu/nios2-elf/lib/mno-hw-mul/libc.a(lib_a-int_errno.o)
                              ../lights_bsp//libhal_bsp.a(alt_close.o) (errno)
/home/marco/altera/15.0/nios2eds/bin/gnu/H-x86_64-pc-linux-gnu/bin/../lib/gcc/nios2-elf/4.9.1/../../../../../H-x86_64-pc-linux-gnu/nios2-elf/lib/mno-hw-mul/libc.a(lib_a-memcmp.o)
                              ../lights_bsp//libhal_bsp.a(alt_find_dev.o) (memcmp)
/home/marco/altera/15.0/nios2eds/bin/gnu/H-x86_64-pc-linux-gnu/bin/../lib/gcc/nios2-elf/4.9.1/../../../../../H-x86_64-pc-linux-gnu/nios2-elf/lib/mno-hw-mul/libc.a(lib_a-memcpy.o)
                              ../lights_bsp//libhal_bsp.a(altera_avalon_jtag_uart_read.o) (memcpy)
/home/marco/altera/15.0/nios2eds/bin/gnu/H-x86_64-pc-linux-gnu/bin/../lib/gcc/nios2-elf/4.9.1/../../../../../H-x86_64-pc-linux-gnu/nios2-elf/lib/mno-hw-mul/libc.a(lib_a-strlen.o)
                              ../lights_bsp//libhal_bsp.a(alt_find_dev.o) (strlen)
/home/marco/altera/15.0/nios2eds/bin/gnu/H-x86_64-pc-linux-gnu/bin/../lib/gcc/nios2-elf/4.9.1/../../../../../H-x86_64-pc-linux-gnu/nios2-elf/lib/mno-hw-mul/libc.a(lib_a-__atexit.o)
                              /home/marco/altera/15.0/nios2eds/bin/gnu/H-x86_64-pc-linux-gnu/bin/../lib/gcc/nios2-elf/4.9.1/../../../../../H-x86_64-pc-linux-gnu/nios2-elf/lib/mno-hw-mul/libc.a(lib_a-atexit.o) (__register_exitproc)
/home/marco/altera/15.0/nios2eds/bin/gnu/H-x86_64-pc-linux-gnu/bin/../lib/gcc/nios2-elf/4.9.1/../../../../../H-x86_64-pc-linux-gnu/nios2-elf/lib/mno-hw-mul/libc.a(lib_a-__call_atexit.o)
                              /home/marco/altera/15.0/nios2eds/bin/gnu/H-x86_64-pc-linux-gnu/bin/../lib/gcc/nios2-elf/4.9.1/../../../../../H-x86_64-pc-linux-gnu/nios2-elf/lib/mno-hw-mul/libc.a(lib_a-exit.o) (__call_exitprocs)
/home/marco/altera/15.0/nios2eds/bin/gnu/H-x86_64-pc-linux-gnu/bin/../lib/gcc/nios2-elf/4.9.1/mno-hw-mul/libgcc.a(lib2-mul.o)
                              ../lights_bsp//libhal_bsp.a(alt_close.o) (__mulsi3)
../lights_bsp//libhal_bsp.a(alt_exit.o)
                              /home/marco/altera/15.0/nios2eds/bin/gnu/H-x86_64-pc-linux-gnu/bin/../lib/gcc/nios2-elf/4.9.1/../../../../../H-x86_64-pc-linux-gnu/nios2-elf/lib/mno-hw-mul/libc.a(lib_a-exit.o) (_exit)

Allocating common symbols
Common symbol       size              file

alt_irq             0x100             ../lights_bsp//libhal_bsp.a(alt_irq_handler.o)
errno               0x4               /home/marco/altera/15.0/nios2eds/bin/gnu/H-x86_64-pc-linux-gnu/bin/../lib/gcc/nios2-elf/4.9.1/../../../../../H-x86_64-pc-linux-gnu/nios2-elf/lib/mno-hw-mul/libc.a(lib_a-int_errno.o)

Memory Configuration

Name             Origin             Length             Attributes
reset            0x0000000000000000 0x0000000000000020
onchip_memory2_0 0x0000000000000020 0x000000000000fa10
*default*        0x0000000000000000 0xffffffffffffffff

Linker script and memory map

LOAD ../lights_bsp//obj/HAL/src/crt0.o
LOAD obj/default/hello_world.o
LOAD /home/marco/altera/15.0/nios2eds/bin/gnu/H-x86_64-pc-linux-gnu/bin/../lib/gcc/nios2-elf/4.9.1/../../../../../H-x86_64-pc-linux-gnu/nios2-elf/lib/mno-hw-mul/libstdc++.a
LOAD /home/marco/altera/15.0/nios2eds/bin/gnu/H-x86_64-pc-linux-gnu/bin/../lib/gcc/nios2-elf/4.9.1/../../../../../H-x86_64-pc-linux-gnu/nios2-elf/lib/mno-hw-mul/libm.a
LOAD /home/marco/altera/15.0/nios2eds/bin/gnu/H-x86_64-pc-linux-gnu/bin/../lib/gcc/nios2-elf/4.9.1/mno-hw-mul/libgcc.a
START GROUP
LOAD /home/marco/altera/15.0/nios2eds/bin/gnu/H-x86_64-pc-linux-gnu/bin/../lib/gcc/nios2-elf/4.9.1/../../../../../H-x86_64-pc-linux-gnu/nios2-elf/lib/mno-hw-mul/libc.a
LOAD /home/marco/altera/15.0/nios2eds/bin/gnu/H-x86_64-pc-linux-gnu/bin/../lib/gcc/nios2-elf/4.9.1/mno-hw-mul/libgcc.a
LOAD ../lights_bsp//libhal_bsp.a
LOAD /home/marco/altera/15.0/nios2eds/bin/gnu/H-x86_64-pc-linux-gnu/bin/../lib/gcc/nios2-elf/4.9.1/../../../../../H-x86_64-pc-linux-gnu/nios2-elf/lib/mno-hw-mul/libm.a
END GROUP
LOAD /home/marco/altera/15.0/nios2eds/bin/gnu/H-x86_64-pc-linux-gnu/bin/../lib/gcc/nios2-elf/4.9.1/mno-hw-mul/libgcc.a
                0x0000000000000000                __alt_mem_onchip_memory2_0 = 0x0

.entry          0x0000000000000000       0x20
 *(.entry)
 .entry         0x0000000000000000       0x20 ../lights_bsp//obj/HAL/src/crt0.o
                0x0000000000000000                __reset

.exceptions     0x0000000000000020      0x19c
                0x0000000000000020                PROVIDE (__ram_exceptions_start, ABSOLUTE (.))
                0x0000000000000020                . = ALIGN (0x20)
 *(.irq)
 *(.exceptions.entry.label)
 .exceptions.entry.label
                0x0000000000000020        0x0 ../lights_bsp//libhal_bsp.a(alt_irq_entry.o)
                0x0000000000000020                alt_irq_entry
 .exceptions.entry.label
                0x0000000000000020        0x0 ../lights_bsp//libhal_bsp.a(alt_exception_entry.o)
                0x0000000000000020                alt_exception
 *(.exceptions.entry.user)
 *(.exceptions.entry.ecc_fatal)
 *(.exceptions.entry)
 .exceptions.entry
                0x0000000000000020       0x54 ../lights_bsp//libhal_bsp.a(alt_exception_entry.o)
 *(.exceptions.irqtest.user)
 *(.exceptions.irqtest)
 .exceptions.irqtest
                0x0000000000000074       0x10 ../lights_bsp//libhal_bsp.a(alt_irq_entry.o)
 *(.exceptions.irqhandler.user)
 *(.exceptions.irqhandler)
 .exceptions.irqhandler
                0x0000000000000084        0x4 ../lights_bsp//libhal_bsp.a(alt_irq_entry.o)
 *(.exceptions.irqreturn.user)
 *(.exceptions.irqreturn)
 .exceptions.irqreturn
                0x0000000000000088        0x4 ../lights_bsp//libhal_bsp.a(alt_irq_entry.o)
 *(.exceptions.notirq.label)
 .exceptions.notirq.label
                0x000000000000008c        0x0 ../lights_bsp//libhal_bsp.a(alt_irq_entry.o)
 *(.exceptions.notirq.user)
 *(.exceptions.notirq)
 .exceptions.notirq
                0x000000000000008c        0x8 ../lights_bsp//libhal_bsp.a(alt_exception_entry.o)
 *(.exceptions.soft.user)
 *(.exceptions.soft)
 *(.exceptions.unknown.user)
 *(.exceptions.unknown)
 .exceptions.unknown
                0x0000000000000094        0x4 ../lights_bsp//libhal_bsp.a(alt_exception_entry.o)
 *(.exceptions.exit.label)
 .exceptions.exit.label
                0x0000000000000098        0x0 ../lights_bsp//libhal_bsp.a(alt_irq_entry.o)
 .exceptions.exit.label
                0x0000000000000098        0x0 ../lights_bsp//libhal_bsp.a(alt_exception_entry.o)
 *(.exceptions.exit.user)
 *(.exceptions.exit)
 .exceptions.exit
                0x0000000000000098       0x54 ../lights_bsp//libhal_bsp.a(alt_exception_entry.o)
 *(.exceptions)
 .exceptions    0x00000000000000ec       0xd0 ../lights_bsp//libhal_bsp.a(alt_irq_handler.o)
                0x00000000000000ec                alt_irq_handler
                0x00000000000001bc                PROVIDE (__ram_exceptions_end, ABSOLUTE (.))
                0x0000000000000020                PROVIDE (__flash_exceptions_start, LOADADDR (.exceptions))

.text           0x00000000000001bc     0x2250
                0x00000000000001bc                PROVIDE (stext, ABSOLUTE (.))
 *(.interp)
 *(.hash)
 *(.dynsym)
 *(.dynstr)
 *(.gnu.version)
 *(.gnu.version_d)
 *(.gnu.version_r)
 *(.rel.init)
 *(.rela.init)
 *(.rel.text .rel.text.* .rel.gnu.linkonce.t.*)
 *(.rela.text .rela.text.* .rela.gnu.linkonce.t.*)
 *(.rel.fini)
 *(.rela.fini)
 *(.rel.rodata .rel.rodata.* .rel.gnu.linkonce.r.*)
 *(.rela.rodata .rela.rodata.* .rela.gnu.linkonce.r.*)
 *(.rel.data .rel.data.* .rel.gnu.linkonce.d.*)
 *(.rela.data .rela.data.* .rela.gnu.linkonce.d.*)
 *(.rel.tdata .rel.tdata.* .rel.gnu.linkonce.td.*)
 *(.rela.tdata .rela.tdata.* .rela.gnu.linkonce.td.*)
 *(.rel.tbss .rel.tbss.* .rel.gnu.linkonce.tb.*)
 *(.rela.tbss .rela.tbss.* .rela.gnu.linkonce.tb.*)
 *(.rel.ctors)
 *(.rela.ctors)
 *(.rel.dtors)
 *(.rela.dtors)
 *(.rel.got)
 *(.rela.got)
 *(.rel.sdata .rel.sdata.* .rel.gnu.linkonce.s.*)
 *(.rela.sdata .rela.sdata.* .rela.gnu.linkonce.s.*)
 *(.rel.sbss .rel.sbss.* .rel.gnu.linkonce.sb.*)
 *(.rela.sbss .rela.sbss.* .rela.gnu.linkonce.sb.*)
 *(.rel.sdata2 .rel.sdata2.* .rel.gnu.linkonce.s2.*)
 *(.rela.sdata2 .rela.sdata2.* .rela.gnu.linkonce.s2.*)
 *(.rel.sbss2 .rel.sbss2.* .rel.gnu.linkonce.sb2.*)
 *(.rela.sbss2 .rela.sbss2.* .rela.gnu.linkonce.sb2.*)
 *(.rel.bss .rel.bss.* .rel.gnu.linkonce.b.*)
 *(.rela.bss .rela.bss.* .rela.gnu.linkonce.b.*)
 *(.rel.plt)
 *(.rela.plt)
 *(.rel.dyn)
 *(.init)
 *(.plt)
 *(.text .stub .text.* .gnu.linkonce.t.*)
 .text          0x00000000000001bc       0x3c ../lights_bsp//obj/HAL/src/crt0.o
                0x00000000000001bc                _start
 .text          0x00000000000001f8       0x28 obj/default/hello_world.o
                0x00000000000001f8                main
 .text          0x0000000000000220       0xe4 ../lights_bsp//libhal_bsp.a(alt_load.o)
                0x0000000000000284                alt_load
 .text          0x0000000000000304       0x78 ../lights_bsp//libhal_bsp.a(alt_main.o)
                0x0000000000000304                alt_main
 .text          0x000000000000037c       0xb0 ../lights_bsp//libhal_bsp.a(alt_sys_init.o)
                0x00000000000003b4                alt_irq_init
                0x00000000000003e8                alt_sys_init
 .text          0x000000000000042c      0x164 ../lights_bsp//libhal_bsp.a(altera_avalon_jtag_uart_fd.o)
                0x000000000000042c                altera_avalon_jtag_uart_read_fd
                0x000000000000048c                altera_avalon_jtag_uart_write_fd
                0x00000000000004ec                altera_avalon_jtag_uart_close_fd
                0x000000000000053c                altera_avalon_jtag_uart_ioctl_fd
 .text          0x0000000000000590      0x3d8 ../lights_bsp//libhal_bsp.a(altera_avalon_jtag_uart_init.o)
                0x0000000000000590                altera_avalon_jtag_uart_init
                0x0000000000000900                altera_avalon_jtag_uart_close
 .text          0x0000000000000968       0xec ../lights_bsp//libhal_bsp.a(altera_avalon_jtag_uart_ioctl.o)
                0x0000000000000968                altera_avalon_jtag_uart_ioctl
 .text          0x0000000000000a54      0x20c ../lights_bsp//libhal_bsp.a(altera_avalon_jtag_uart_read.o)
                0x0000000000000a54                altera_avalon_jtag_uart_read
 .text          0x0000000000000c60      0x218 ../lights_bsp//libhal_bsp.a(altera_avalon_jtag_uart_write.o)
                0x0000000000000c60                altera_avalon_jtag_uart_write
 .text          0x0000000000000e78      0x140 ../lights_bsp//libhal_bsp.a(alt_alarm_start.o)
                0x0000000000000e78                alt_alarm_start
 .text          0x0000000000000fb8      0x128 ../lights_bsp//libhal_bsp.a(alt_close.o)
                0x0000000000001008                close
 .text          0x00000000000010e0       0x1c ../lights_bsp//libhal_bsp.a(alt_dcache_flush_all.o)
                0x00000000000010e0                alt_dcache_flush_all
 .text          0x00000000000010fc       0x2c ../lights_bsp//libhal_bsp.a(alt_dev.o)
 .text          0x0000000000001128       0xf4 ../lights_bsp//libhal_bsp.a(alt_dev_llist_insert.o)
                0x0000000000001178                alt_dev_llist_insert
 .text          0x000000000000121c       0x5c ../lights_bsp//libhal_bsp.a(alt_do_ctors.o)
                0x000000000000121c                _do_ctors
 .text          0x0000000000001278       0x5c ../lights_bsp//libhal_bsp.a(alt_do_dtors.o)
                0x0000000000001278                _do_dtors
 .text          0x00000000000012d4        0x0 ../lights_bsp//libhal_bsp.a(alt_errno.o)
 .text          0x00000000000012d4       0x1c ../lights_bsp//libhal_bsp.a(alt_icache_flush_all.o)
                0x00000000000012d4                alt_icache_flush_all
 .text          0x00000000000012f0      0x1e0 ../lights_bsp//libhal_bsp.a(alt_iic.o)
                0x00000000000012f0                alt_ic_isr_register
                0x0000000000001340                alt_ic_irq_enable
                0x00000000000013e0                alt_ic_irq_disable
                0x0000000000001484                alt_ic_irq_enabled
 .text          0x00000000000014d0       0xf0 ../lights_bsp//libhal_bsp.a(alt_iic_isr_register.o)
                0x00000000000014d0                alt_iic_isr_register
 .text          0x00000000000015c0      0x158 ../lights_bsp//libhal_bsp.a(alt_io_redirect.o)
                0x00000000000016a0                alt_io_redirect
 .text          0x0000000000001718        0x0 ../lights_bsp//libhal_bsp.a(alt_irq_entry.o)
 .text          0x0000000000001718        0x0 ../lights_bsp//libhal_bsp.a(alt_irq_handler.o)
 .text          0x0000000000001718        0x0 ../lights_bsp//libhal_bsp.a(alt_irq_vars.o)
 .text          0x0000000000001718      0x2a4 ../lights_bsp//libhal_bsp.a(alt_open.o)
                0x000000000000185c                open
 .text          0x00000000000019bc       0x80 ../lights_bsp//libhal_bsp.a(alt_release_fd.o)
                0x00000000000019bc                alt_release_fd
 .text          0x0000000000001a3c      0x19c ../lights_bsp//libhal_bsp.a(alt_tick.o)
                0x0000000000001a3c                alt_alarm_stop
                0x0000000000001ad4                alt_tick
 .text          0x0000000000001bd8       0x20 ../lights_bsp//libhal_bsp.a(altera_nios2_qsys_irq.o)
                0x0000000000001bd8                altera_nios2_qsys_irq_init
 .text          0x0000000000001bf8        0x0 ../lights_bsp//libhal_bsp.a(alt_exception_entry.o)
 .text          0x0000000000001bf8       0x90 ../lights_bsp//libhal_bsp.a(alt_find_dev.o)
                0x0000000000001bf8                alt_find_dev
 .text          0x0000000000001c88      0x114 ../lights_bsp//libhal_bsp.a(alt_find_file.o)
                0x0000000000001c88                alt_find_file
 .text          0x0000000000001d9c       0xd4 ../lights_bsp//libhal_bsp.a(alt_get_fd.o)
                0x0000000000001d9c                alt_get_fd
 .text          0x0000000000001e70       0x14 /home/marco/altera/15.0/nios2eds/bin/gnu/H-x86_64-pc-linux-gnu/bin/../lib/gcc/nios2-elf/4.9.1/../../../../../H-x86_64-pc-linux-gnu/nios2-elf/lib/mno-hw-mul/libc.a(lib_a-atexit.o)
                0x0000000000001e70                atexit
 .text          0x0000000000001e84       0x38 /home/marco/altera/15.0/nios2eds/bin/gnu/H-x86_64-pc-linux-gnu/bin/../lib/gcc/nios2-elf/4.9.1/../../../../../H-x86_64-pc-linux-gnu/nios2-elf/lib/mno-hw-mul/libc.a(lib_a-exit.o)
                0x0000000000001e84                exit
 .text          0x0000000000001ebc        0x0 /home/marco/altera/15.0/nios2eds/bin/gnu/H-x86_64-pc-linux-gnu/bin/../lib/gcc/nios2-elf/4.9.1/../../../../../H-x86_64-pc-linux-gnu/nios2-elf/lib/mno-hw-mul/libc.a(lib_a-impure.o)
 .text          0x0000000000001ebc        0x0 /home/marco/altera/15.0/nios2eds/bin/gnu/H-x86_64-pc-linux-gnu/bin/../lib/gcc/nios2-elf/4.9.1/../../../../../H-x86_64-pc-linux-gnu/nios2-elf/lib/mno-hw-mul/libc.a(lib_a-int_errno.o)
 .text          0x0000000000001ebc       0x7c /home/marco/altera/15.0/nios2eds/bin/gnu/H-x86_64-pc-linux-gnu/bin/../lib/gcc/nios2-elf/4.9.1/../../../../../H-x86_64-pc-linux-gnu/nios2-elf/lib/mno-hw-mul/libc.a(lib_a-memcmp.o)
                0x0000000000001ebc                memcmp
 .text          0x0000000000001f38      0x138 /home/marco/altera/15.0/nios2eds/bin/gnu/H-x86_64-pc-linux-gnu/bin/../lib/gcc/nios2-elf/4.9.1/../../../../../H-x86_64-pc-linux-gnu/nios2-elf/lib/mno-hw-mul/libc.a(lib_a-memcpy.o)
                0x0000000000001f38                memcpy
 .text          0x0000000000002070       0x98 /home/marco/altera/15.0/nios2eds/bin/gnu/H-x86_64-pc-linux-gnu/bin/../lib/gcc/nios2-elf/4.9.1/../../../../../H-x86_64-pc-linux-gnu/nios2-elf/lib/mno-hw-mul/libc.a(lib_a-strlen.o)
                0x0000000000002070                strlen
 .text          0x0000000000002108      0x114 /home/marco/altera/15.0/nios2eds/bin/gnu/H-x86_64-pc-linux-gnu/bin/../lib/gcc/nios2-elf/4.9.1/../../../../../H-x86_64-pc-linux-gnu/nios2-elf/lib/mno-hw-mul/libc.a(lib_a-__atexit.o)
                0x0000000000002108                __register_exitproc
 .text          0x000000000000221c      0x194 /home/marco/altera/15.0/nios2eds/bin/gnu/H-x86_64-pc-linux-gnu/bin/../lib/gcc/nios2-elf/4.9.1/../../../../../H-x86_64-pc-linux-gnu/nios2-elf/lib/mno-hw-mul/libc.a(lib_a-__call_atexit.o)
                0x000000000000221c                __call_exitprocs
 .text          0x00000000000023b0       0x28 /home/marco/altera/15.0/nios2eds/bin/gnu/H-x86_64-pc-linux-gnu/bin/../lib/gcc/nios2-elf/4.9.1/mno-hw-mul/libgcc.a(lib2-mul.o)
                0x00000000000023b0                __mulsi3
 .text          0x00000000000023d8       0x34 ../lights_bsp//libhal_bsp.a(alt_exit.o)
                0x00000000000023d8                _exit
 *(.gnu.warning.*)
 *(.fini)
                0x000000000000240c                PROVIDE (__etext, ABSOLUTE (.))
                0x000000000000240c                PROVIDE (_etext, ABSOLUTE (.))
                0x000000000000240c                PROVIDE (etext, ABSOLUTE (.))
 *(.eh_frame_hdr)
                0x000000000000240c                . = ALIGN (0x4)
                0x000000000000240c                PROVIDE (__preinit_array_start, ABSOLUTE (.))
 *(.preinit_array)
                0x000000000000240c                PROVIDE (__preinit_array_end, ABSOLUTE (.))
                0x000000000000240c                PROVIDE (__init_array_start, ABSOLUTE (.))
 *(.init_array)
                0x000000000000240c                PROVIDE (__init_array_end, ABSOLUTE (.))
                0x000000000000240c                PROVIDE (__fini_array_start, ABSOLUTE (.))
 *(.fini_array)
                0x000000000000240c                PROVIDE (__fini_array_end, ABSOLUTE (.))
 *(.eh_frame)
 *(.gcc_except_table .gcc_except_table.*)
 *(.dynamic)
                0x000000000000240c                PROVIDE (__CTOR_LIST__, ABSOLUTE (.))
 *(.ctors)
 *(SORT(.ctors.*))
                0x000000000000240c                PROVIDE (__CTOR_END__, ABSOLUTE (.))
                0x000000000000240c                PROVIDE (__DTOR_LIST__, ABSOLUTE (.))
 *(.dtors)
 *(SORT(.dtors.*))
                0x000000000000240c                PROVIDE (__DTOR_END__, ABSOLUTE (.))
 *(.jcr)
                0x000000000000240c                . = ALIGN (0x4)

.rodata         0x000000000000240c       0x38
                0x000000000000240c                PROVIDE (__ram_rodata_start, ABSOLUTE (.))
                0x000000000000240c                . = ALIGN (0x4)
 *(.rodata .rodata.* .gnu.linkonce.r.*)
 .rodata        0x000000000000240c       0x14 ../lights_bsp//libhal_bsp.a(alt_main.o)
 .rodata        0x0000000000002420       0x14 ../lights_bsp//libhal_bsp.a(alt_sys_init.o)
 .rodata        0x0000000000002434        0xc ../lights_bsp//libhal_bsp.a(alt_dev.o)
 .rodata.str1.4
                0x0000000000002440        0x4 /home/marco/altera/15.0/nios2eds/bin/gnu/H-x86_64-pc-linux-gnu/bin/../lib/gcc/nios2-elf/4.9.1/../../../../../H-x86_64-pc-linux-gnu/nios2-elf/lib/mno-hw-mul/libc.a(lib_a-impure.o)
 *(.rodata1)
                0x0000000000002444                . = ALIGN (0x4)
                0x0000000000002444                PROVIDE (__ram_rodata_end, ABSOLUTE (.))
                0x000000000000240c                PROVIDE (__flash_rodata_start, LOADADDR (.rodata))

.rwdata         0x0000000000002444     0x1658 load address 0x0000000000003a9c
                0x0000000000002444                PROVIDE (__ram_rwdata_start, ABSOLUTE (.))
                0x0000000000002444                . = ALIGN (0x4)
 *(.got.plt)
 *(.got)
 *(.data1)
 *(.data .data.* .gnu.linkonce.d.*)
 .data          0x0000000000002444        0x0 ../lights_bsp//obj/HAL/src/crt0.o
 .data          0x0000000000002444        0x0 obj/default/hello_world.o
 .data          0x0000000000002444        0x0 ../lights_bsp//libhal_bsp.a(alt_load.o)
 .data          0x0000000000002444        0x0 ../lights_bsp//libhal_bsp.a(alt_main.o)
 .data          0x0000000000002444     0x1060 ../lights_bsp//libhal_bsp.a(alt_sys_init.o)
 .data          0x00000000000034a4        0x0 ../lights_bsp//libhal_bsp.a(altera_avalon_jtag_uart_fd.o)
 .data          0x00000000000034a4        0x0 ../lights_bsp//libhal_bsp.a(altera_avalon_jtag_uart_init.o)
 .data          0x00000000000034a4        0x0 ../lights_bsp//libhal_bsp.a(altera_avalon_jtag_uart_ioctl.o)
 .data          0x00000000000034a4        0x0 ../lights_bsp//libhal_bsp.a(altera_avalon_jtag_uart_read.o)
 .data          0x00000000000034a4        0x0 ../lights_bsp//libhal_bsp.a(altera_avalon_jtag_uart_write.o)
 .data          0x00000000000034a4        0x0 ../lights_bsp//libhal_bsp.a(alt_alarm_start.o)
 .data          0x00000000000034a4        0x0 ../lights_bsp//libhal_bsp.a(alt_close.o)
 .data          0x00000000000034a4        0x0 ../lights_bsp//libhal_bsp.a(alt_dcache_flush_all.o)
 .data          0x00000000000034a4      0x1a8 ../lights_bsp//libhal_bsp.a(alt_dev.o)
                0x00000000000034a4                alt_dev_null
                0x00000000000034cc                alt_fd_list
 .data          0x000000000000364c        0x0 ../lights_bsp//libhal_bsp.a(alt_dev_llist_insert.o)
 .data          0x000000000000364c        0x0 ../lights_bsp//libhal_bsp.a(alt_do_ctors.o)
 .data          0x000000000000364c        0x0 ../lights_bsp//libhal_bsp.a(alt_do_dtors.o)
 .data          0x000000000000364c        0x0 ../lights_bsp//libhal_bsp.a(alt_errno.o)
 .data          0x000000000000364c        0x0 ../lights_bsp//libhal_bsp.a(alt_icache_flush_all.o)
 .data          0x000000000000364c        0x0 ../lights_bsp//libhal_bsp.a(alt_iic.o)
 .data          0x000000000000364c        0x0 ../lights_bsp//libhal_bsp.a(alt_iic_isr_register.o)
 .data          0x000000000000364c        0x0 ../lights_bsp//libhal_bsp.a(alt_io_redirect.o)
 .data          0x000000000000364c        0x0 ../lights_bsp//libhal_bsp.a(alt_irq_entry.o)
 .data          0x000000000000364c        0x0 ../lights_bsp//libhal_bsp.a(alt_irq_handler.o)
 .data          0x000000000000364c        0x0 ../lights_bsp//libhal_bsp.a(alt_irq_vars.o)
 .data          0x000000000000364c        0x0 ../lights_bsp//libhal_bsp.a(alt_open.o)
 .data          0x000000000000364c        0x0 ../lights_bsp//libhal_bsp.a(alt_release_fd.o)
 .data          0x000000000000364c        0x0 ../lights_bsp//libhal_bsp.a(alt_tick.o)
 .data          0x000000000000364c        0x0 ../lights_bsp//libhal_bsp.a(altera_nios2_qsys_irq.o)
 .data          0x000000000000364c        0x0 ../lights_bsp//libhal_bsp.a(alt_exception_entry.o)
 .data          0x000000000000364c        0x0 ../lights_bsp//libhal_bsp.a(alt_find_dev.o)
 .data          0x000000000000364c        0x0 ../lights_bsp//libhal_bsp.a(alt_find_file.o)
 .data          0x000000000000364c        0x0 ../lights_bsp//libhal_bsp.a(alt_get_fd.o)
 .data          0x000000000000364c        0x0 /home/marco/altera/15.0/nios2eds/bin/gnu/H-x86_64-pc-linux-gnu/bin/../lib/gcc/nios2-elf/4.9.1/../../../../../H-x86_64-pc-linux-gnu/nios2-elf/lib/mno-hw-mul/libc.a(lib_a-atexit.o)
 .data          0x000000000000364c        0x0 /home/marco/altera/15.0/nios2eds/bin/gnu/H-x86_64-pc-linux-gnu/bin/../lib/gcc/nios2-elf/4.9.1/../../../../../H-x86_64-pc-linux-gnu/nios2-elf/lib/mno-hw-mul/libc.a(lib_a-exit.o)
 .data          0x000000000000364c      0x424 /home/marco/altera/15.0/nios2eds/bin/gnu/H-x86_64-pc-linux-gnu/bin/../lib/gcc/nios2-elf/4.9.1/../../../../../H-x86_64-pc-linux-gnu/nios2-elf/lib/mno-hw-mul/libc.a(lib_a-impure.o)
 .data          0x0000000000003a70        0x0 /home/marco/altera/15.0/nios2eds/bin/gnu/H-x86_64-pc-linux-gnu/bin/../lib/gcc/nios2-elf/4.9.1/../../../../../H-x86_64-pc-linux-gnu/nios2-elf/lib/mno-hw-mul/libc.a(lib_a-int_errno.o)
 .data          0x0000000000003a70        0x0 /home/marco/altera/15.0/nios2eds/bin/gnu/H-x86_64-pc-linux-gnu/bin/../lib/gcc/nios2-elf/4.9.1/../../../../../H-x86_64-pc-linux-gnu/nios2-elf/lib/mno-hw-mul/libc.a(lib_a-memcmp.o)
 .data          0x0000000000003a70        0x0 /home/marco/altera/15.0/nios2eds/bin/gnu/H-x86_64-pc-linux-gnu/bin/../lib/gcc/nios2-elf/4.9.1/../../../../../H-x86_64-pc-linux-gnu/nios2-elf/lib/mno-hw-mul/libc.a(lib_a-memcpy.o)
 .data          0x0000000000003a70        0x0 /home/marco/altera/15.0/nios2eds/bin/gnu/H-x86_64-pc-linux-gnu/bin/../lib/gcc/nios2-elf/4.9.1/../../../../../H-x86_64-pc-linux-gnu/nios2-elf/lib/mno-hw-mul/libc.a(lib_a-strlen.o)
 .data          0x0000000000003a70        0x0 /home/marco/altera/15.0/nios2eds/bin/gnu/H-x86_64-pc-linux-gnu/bin/../lib/gcc/nios2-elf/4.9.1/../../../../../H-x86_64-pc-linux-gnu/nios2-elf/lib/mno-hw-mul/libc.a(lib_a-__atexit.o)
 .data          0x0000000000003a70        0x0 /home/marco/altera/15.0/nios2eds/bin/gnu/H-x86_64-pc-linux-gnu/bin/../lib/gcc/nios2-elf/4.9.1/../../../../../H-x86_64-pc-linux-gnu/nios2-elf/lib/mno-hw-mul/libc.a(lib_a-__call_atexit.o)
 .data          0x0000000000003a70        0x0 /home/marco/altera/15.0/nios2eds/bin/gnu/H-x86_64-pc-linux-gnu/bin/../lib/gcc/nios2-elf/4.9.1/mno-hw-mul/libgcc.a(lib2-mul.o)
 .data          0x0000000000003a70        0x0 ../lights_bsp//libhal_bsp.a(alt_exit.o)
                0x000000000000ba70                _gp = ABSOLUTE ((. + 0x8000))
                0x000000000000ba70                PROVIDE (gp, _gp)
 *(.rwdata .rwdata.*)
 *(.sdata .sdata.* .gnu.linkonce.s.*)
 .sdata         0x0000000000003a70       0x14 ../lights_bsp//libhal_bsp.a(alt_dev.o)
                0x0000000000003a70                alt_fs_list
                0x0000000000003a78                alt_dev_list
                0x0000000000003a80                alt_max_fd
 .sdata         0x0000000000003a84        0x4 ../lights_bsp//libhal_bsp.a(alt_errno.o)
                0x0000000000003a84                alt_errno
 .sdata         0x0000000000003a88        0x4 ../lights_bsp//libhal_bsp.a(alt_irq_vars.o)
                0x0000000000003a88                alt_priority_mask
 .sdata         0x0000000000003a8c        0x8 ../lights_bsp//libhal_bsp.a(alt_tick.o)
                0x0000000000003a8c                alt_alarm_list
 .sdata         0x0000000000003a94        0x8 /home/marco/altera/15.0/nios2eds/bin/gnu/H-x86_64-pc-linux-gnu/bin/../lib/gcc/nios2-elf/4.9.1/../../../../../H-x86_64-pc-linux-gnu/nios2-elf/lib/mno-hw-mul/libc.a(lib_a-impure.o)
                0x0000000000003a94                _global_impure_ptr
                0x0000000000003a98                _impure_ptr
 *(.sdata2 .sdata2.* .gnu.linkonce.s2.*)
                0x0000000000003a9c                . = ALIGN (0x4)
                0x0000000000003a9c                _edata = ABSOLUTE (.)
                0x0000000000003a9c                PROVIDE (edata, ABSOLUTE (.))
                0x0000000000003a9c                PROVIDE (__ram_rwdata_end, ABSOLUTE (.))
                0x0000000000003a9c                PROVIDE (__flash_rwdata_start, LOADADDR (.rwdata))

.bss            0x00000000000050f4      0x11c
                0x00000000000050f4                __bss_start = ABSOLUTE (.)
                0x00000000000050f4                PROVIDE (__sbss_start, ABSOLUTE (.))
                0x00000000000050f4                PROVIDE (___sbss_start, ABSOLUTE (.))
 *(.dynsbss)
 *(.sbss .sbss.* .gnu.linkonce.sb.*)
 .sbss          0x00000000000050f4        0xc ../lights_bsp//libhal_bsp.a(alt_main.o)
                0x00000000000050f4                alt_argc
                0x00000000000050f8                alt_argv
                0x00000000000050fc                alt_envp
 .sbss          0x0000000000005100        0x4 ../lights_bsp//libhal_bsp.a(alt_irq_vars.o)
                0x0000000000005100                alt_irq_active
 .sbss          0x0000000000005104        0x8 ../lights_bsp//libhal_bsp.a(alt_tick.o)
                0x0000000000005104                _alt_tick_rate
                0x0000000000005108                _alt_nticks
 .sbss          0x000000000000510c        0x4 /home/marco/altera/15.0/nios2eds/bin/gnu/H-x86_64-pc-linux-gnu/bin/../lib/gcc/nios2-elf/4.9.1/../../../../../H-x86_64-pc-linux-gnu/nios2-elf/lib/mno-hw-mul/libc.a(lib_a-int_errno.o)
                0x000000000000510c                errno
 *(.sbss2 .sbss2.* .gnu.linkonce.sb2.*)
 *(.scommon)
                0x0000000000005110                PROVIDE (__sbss_end, ABSOLUTE (.))
                0x0000000000005110                PROVIDE (___sbss_end, ABSOLUTE (.))
 *(.dynbss)
 *(.bss .bss.* .gnu.linkonce.b.*)
 .bss           0x0000000000005110        0x0 ../lights_bsp//obj/HAL/src/crt0.o
 .bss           0x0000000000005110        0x0 obj/default/hello_world.o
 .bss           0x0000000000005110        0x0 ../lights_bsp//libhal_bsp.a(alt_load.o)
 .bss           0x0000000000005110        0x0 ../lights_bsp//libhal_bsp.a(alt_main.o)
 .bss           0x0000000000005110        0x0 ../lights_bsp//libhal_bsp.a(alt_sys_init.o)
 .bss           0x0000000000005110        0x0 ../lights_bsp//libhal_bsp.a(altera_avalon_jtag_uart_fd.o)
 .bss           0x0000000000005110        0x0 ../lights_bsp//libhal_bsp.a(altera_avalon_jtag_uart_init.o)
 .bss           0x0000000000005110        0x0 ../lights_bsp//libhal_bsp.a(altera_avalon_jtag_uart_ioctl.o)
 .bss           0x0000000000005110        0x0 ../lights_bsp//libhal_bsp.a(altera_avalon_jtag_uart_read.o)
 .bss           0x0000000000005110        0x0 ../lights_bsp//libhal_bsp.a(altera_avalon_jtag_uart_write.o)
 .bss           0x0000000000005110        0x0 ../lights_bsp//libhal_bsp.a(alt_alarm_start.o)
 .bss           0x0000000000005110        0x0 ../lights_bsp//libhal_bsp.a(alt_close.o)
 .bss           0x0000000000005110        0x0 ../lights_bsp//libhal_bsp.a(alt_dcache_flush_all.o)
 .bss           0x0000000000005110        0x0 ../lights_bsp//libhal_bsp.a(alt_dev.o)
 .bss           0x0000000000005110        0x0 ../lights_bsp//libhal_bsp.a(alt_dev_llist_insert.o)
 .bss           0x0000000000005110        0x0 ../lights_bsp//libhal_bsp.a(alt_do_ctors.o)
 .bss           0x0000000000005110        0x0 ../lights_bsp//libhal_bsp.a(alt_do_dtors.o)
 .bss           0x0000000000005110        0x0 ../lights_bsp//libhal_bsp.a(alt_errno.o)
 .bss           0x0000000000005110        0x0 ../lights_bsp//libhal_bsp.a(alt_icache_flush_all.o)
 .bss           0x0000000000005110        0x0 ../lights_bsp//libhal_bsp.a(alt_iic.o)
 .bss           0x0000000000005110        0x0 ../lights_bsp//libhal_bsp.a(alt_iic_isr_register.o)
 .bss           0x0000000000005110        0x0 ../lights_bsp//libhal_bsp.a(alt_io_redirect.o)
 .bss           0x0000000000005110        0x0 ../lights_bsp//libhal_bsp.a(alt_irq_entry.o)
 .bss           0x0000000000005110        0x0 ../lights_bsp//libhal_bsp.a(alt_irq_handler.o)
 .bss           0x0000000000005110        0x0 ../lights_bsp//libhal_bsp.a(alt_irq_vars.o)
 .bss           0x0000000000005110        0x0 ../lights_bsp//libhal_bsp.a(alt_open.o)
 .bss           0x0000000000005110        0x0 ../lights_bsp//libhal_bsp.a(alt_release_fd.o)
 .bss           0x0000000000005110        0x0 ../lights_bsp//libhal_bsp.a(alt_tick.o)
 .bss           0x0000000000005110        0x0 ../lights_bsp//libhal_bsp.a(altera_nios2_qsys_irq.o)
 .bss           0x0000000000005110        0x0 ../lights_bsp//libhal_bsp.a(alt_exception_entry.o)
 .bss           0x0000000000005110        0x0 ../lights_bsp//libhal_bsp.a(alt_find_dev.o)
 .bss           0x0000000000005110        0x0 ../lights_bsp//libhal_bsp.a(alt_find_file.o)
 .bss           0x0000000000005110        0x0 ../lights_bsp//libhal_bsp.a(alt_get_fd.o)
 .bss           0x0000000000005110        0x0 /home/marco/altera/15.0/nios2eds/bin/gnu/H-x86_64-pc-linux-gnu/bin/../lib/gcc/nios2-elf/4.9.1/../../../../../H-x86_64-pc-linux-gnu/nios2-elf/lib/mno-hw-mul/libc.a(lib_a-atexit.o)
 .bss           0x0000000000005110        0x0 /home/marco/altera/15.0/nios2eds/bin/gnu/H-x86_64-pc-linux-gnu/bin/../lib/gcc/nios2-elf/4.9.1/../../../../../H-x86_64-pc-linux-gnu/nios2-elf/lib/mno-hw-mul/libc.a(lib_a-exit.o)
 .bss           0x0000000000005110        0x0 /home/marco/altera/15.0/nios2eds/bin/gnu/H-x86_64-pc-linux-gnu/bin/../lib/gcc/nios2-elf/4.9.1/../../../../../H-x86_64-pc-linux-gnu/nios2-elf/lib/mno-hw-mul/libc.a(lib_a-impure.o)
 .bss           0x0000000000005110        0x0 /home/marco/altera/15.0/nios2eds/bin/gnu/H-x86_64-pc-linux-gnu/bin/../lib/gcc/nios2-elf/4.9.1/../../../../../H-x86_64-pc-linux-gnu/nios2-elf/lib/mno-hw-mul/libc.a(lib_a-int_errno.o)
 .bss           0x0000000000005110        0x0 /home/marco/altera/15.0/nios2eds/bin/gnu/H-x86_64-pc-linux-gnu/bin/../lib/gcc/nios2-elf/4.9.1/../../../../../H-x86_64-pc-linux-gnu/nios2-elf/lib/mno-hw-mul/libc.a(lib_a-memcmp.o)
 .bss           0x0000000000005110        0x0 /home/marco/altera/15.0/nios2eds/bin/gnu/H-x86_64-pc-linux-gnu/bin/../lib/gcc/nios2-elf/4.9.1/../../../../../H-x86_64-pc-linux-gnu/nios2-elf/lib/mno-hw-mul/libc.a(lib_a-memcpy.o)
 .bss           0x0000000000005110        0x0 /home/marco/altera/15.0/nios2eds/bin/gnu/H-x86_64-pc-linux-gnu/bin/../lib/gcc/nios2-elf/4.9.1/../../../../../H-x86_64-pc-linux-gnu/nios2-elf/lib/mno-hw-mul/libc.a(lib_a-strlen.o)
 .bss           0x0000000000005110        0x0 /home/marco/altera/15.0/nios2eds/bin/gnu/H-x86_64-pc-linux-gnu/bin/../lib/gcc/nios2-elf/4.9.1/../../../../../H-x86_64-pc-linux-gnu/nios2-elf/lib/mno-hw-mul/libc.a(lib_a-__atexit.o)
 .bss           0x0000000000005110        0x0 /home/marco/altera/15.0/nios2eds/bin/gnu/H-x86_64-pc-linux-gnu/bin/../lib/gcc/nios2-elf/4.9.1/../../../../../H-x86_64-pc-linux-gnu/nios2-elf/lib/mno-hw-mul/libc.a(lib_a-__call_atexit.o)
 .bss           0x0000000000005110        0x0 /home/marco/altera/15.0/nios2eds/bin/gnu/H-x86_64-pc-linux-gnu/bin/../lib/gcc/nios2-elf/4.9.1/mno-hw-mul/libgcc.a(lib2-mul.o)
 .bss           0x0000000000005110        0x0 ../lights_bsp//libhal_bsp.a(alt_exit.o)
 *(COMMON)
 COMMON         0x0000000000005110      0x100 ../lights_bsp//libhal_bsp.a(alt_irq_handler.o)
                0x0000000000005110                alt_irq
                0x0000000000005210                . = ALIGN (0x4)
                0x0000000000005210                __bss_end = ABSOLUTE (.)

.onchip_memory2_0
                0x0000000000005210        0x0
                0x0000000000005210                PROVIDE (_alt_partition_onchip_memory2_0_start, ABSOLUTE (.))
 *(.onchip_memory2_0 .onchip_memory2_0. onchip_memory2_0.*)
                0x0000000000005210                . = ALIGN (0x4)
                0x0000000000005210                PROVIDE (_alt_partition_onchip_memory2_0_end, ABSOLUTE (.))
                0x0000000000005210                _end = ABSOLUTE (.)
                0x0000000000005210                end = ABSOLUTE (.)
                0x0000000000005210                __alt_stack_base = ABSOLUTE (.)
                0x0000000000005210                PROVIDE (_alt_partition_onchip_memory2_0_load_addr, LOADADDR (.onchip_memory2_0))

.stab
 *(.stab)

.stabstr
 *(.stabstr)

.stab.excl
 *(.stab.excl)

.stab.exclstr
 *(.stab.exclstr)

.stab.index
 *(.stab.index)

.stab.indexstr
 *(.stab.indexstr)

.comment        0x0000000000000000       0x23
 *(.comment)
 .comment       0x0000000000000000       0x23 obj/default/hello_world.o
                                         0x24 (size before relaxing)
 .comment       0x0000000000000000       0x24 ../lights_bsp//libhal_bsp.a(alt_load.o)
 .comment       0x0000000000000000       0x24 ../lights_bsp//libhal_bsp.a(alt_main.o)
 .comment       0x0000000000000000       0x24 ../lights_bsp//libhal_bsp.a(alt_sys_init.o)
 .comment       0x0000000000000000       0x24 ../lights_bsp//libhal_bsp.a(altera_avalon_jtag_uart_fd.o)
 .comment       0x0000000000000000       0x24 ../lights_bsp//libhal_bsp.a(altera_avalon_jtag_uart_init.o)
 .comment       0x0000000000000000       0x24 ../lights_bsp//libhal_bsp.a(altera_avalon_jtag_uart_ioctl.o)
 .comment       0x0000000000000000       0x24 ../lights_bsp//libhal_bsp.a(altera_avalon_jtag_uart_read.o)
 .comment       0x0000000000000000       0x24 ../lights_bsp//libhal_bsp.a(altera_avalon_jtag_uart_write.o)
 .comment       0x0000000000000000       0x24 ../lights_bsp//libhal_bsp.a(alt_alarm_start.o)
 .comment       0x0000000000000000       0x24 ../lights_bsp//libhal_bsp.a(alt_close.o)
 .comment       0x0000000000000000       0x24 ../lights_bsp//libhal_bsp.a(alt_dcache_flush_all.o)
 .comment       0x0000000000000000       0x24 ../lights_bsp//libhal_bsp.a(alt_dev.o)
 .comment       0x0000000000000000       0x24 ../lights_bsp//libhal_bsp.a(alt_dev_llist_insert.o)
 .comment       0x0000000000000000       0x24 ../lights_bsp//libhal_bsp.a(alt_do_ctors.o)
 .comment       0x0000000000000000       0x24 ../lights_bsp//libhal_bsp.a(alt_do_dtors.o)
 .comment       0x0000000000000000       0x24 ../lights_bsp//libhal_bsp.a(alt_errno.o)
 .comment       0x0000000000000000       0x24 ../lights_bsp//libhal_bsp.a(alt_icache_flush_all.o)
 .comment       0x0000000000000000       0x24 ../lights_bsp//libhal_bsp.a(alt_iic.o)
 .comment       0x0000000000000000       0x24 ../lights_bsp//libhal_bsp.a(alt_iic_isr_register.o)
 .comment       0x0000000000000000       0x24 ../lights_bsp//libhal_bsp.a(alt_io_redirect.o)
 .comment       0x0000000000000000       0x24 ../lights_bsp//libhal_bsp.a(alt_irq_handler.o)
 .comment       0x0000000000000000       0x24 ../lights_bsp//libhal_bsp.a(alt_irq_vars.o)
 .comment       0x0000000000000000       0x24 ../lights_bsp//libhal_bsp.a(alt_open.o)
 .comment       0x0000000000000000       0x24 ../lights_bsp//libhal_bsp.a(alt_release_fd.o)
 .comment       0x0000000000000000       0x24 ../lights_bsp//libhal_bsp.a(alt_tick.o)
 .comment       0x0000000000000000       0x24 ../lights_bsp//libhal_bsp.a(altera_nios2_qsys_irq.o)
 .comment       0x0000000000000000       0x24 ../lights_bsp//libhal_bsp.a(alt_find_dev.o)
 .comment       0x0000000000000000       0x24 ../lights_bsp//libhal_bsp.a(alt_find_file.o)
 .comment       0x0000000000000000       0x24 ../lights_bsp//libhal_bsp.a(alt_get_fd.o)
 .comment       0x0000000000000000       0x24 /home/marco/altera/15.0/nios2eds/bin/gnu/H-x86_64-pc-linux-gnu/bin/../lib/gcc/nios2-elf/4.9.1/../../../../../H-x86_64-pc-linux-gnu/nios2-elf/lib/mno-hw-mul/libc.a(lib_a-atexit.o)
 .comment       0x0000000000000000       0x24 /home/marco/altera/15.0/nios2eds/bin/gnu/H-x86_64-pc-linux-gnu/bin/../lib/gcc/nios2-elf/4.9.1/../../../../../H-x86_64-pc-linux-gnu/nios2-elf/lib/mno-hw-mul/libc.a(lib_a-exit.o)
 .comment       0x0000000000000000       0x24 /home/marco/altera/15.0/nios2eds/bin/gnu/H-x86_64-pc-linux-gnu/bin/../lib/gcc/nios2-elf/4.9.1/../../../../../H-x86_64-pc-linux-gnu/nios2-elf/lib/mno-hw-mul/libc.a(lib_a-impure.o)
 .comment       0x0000000000000000       0x24 /home/marco/altera/15.0/nios2eds/bin/gnu/H-x86_64-pc-linux-gnu/bin/../lib/gcc/nios2-elf/4.9.1/../../../../../H-x86_64-pc-linux-gnu/nios2-elf/lib/mno-hw-mul/libc.a(lib_a-int_errno.o)
 .comment       0x0000000000000000       0x24 /home/marco/altera/15.0/nios2eds/bin/gnu/H-x86_64-pc-linux-gnu/bin/../lib/gcc/nios2-elf/4.9.1/../../../../../H-x86_64-pc-linux-gnu/nios2-elf/lib/mno-hw-mul/libc.a(lib_a-memcmp.o)
 .comment       0x0000000000000000       0x24 /home/marco/altera/15.0/nios2eds/bin/gnu/H-x86_64-pc-linux-gnu/bin/../lib/gcc/nios2-elf/4.9.1/../../../../../H-x86_64-pc-linux-gnu/nios2-elf/lib/mno-hw-mul/libc.a(lib_a-memcpy.o)
 .comment       0x0000000000000000       0x24 /home/marco/altera/15.0/nios2eds/bin/gnu/H-x86_64-pc-linux-gnu/bin/../lib/gcc/nios2-elf/4.9.1/../../../../../H-x86_64-pc-linux-gnu/nios2-elf/lib/mno-hw-mul/libc.a(lib_a-strlen.o)
 .comment       0x0000000000000000       0x24 /home/marco/altera/15.0/nios2eds/bin/gnu/H-x86_64-pc-linux-gnu/bin/../lib/gcc/nios2-elf/4.9.1/../../../../../H-x86_64-pc-linux-gnu/nios2-elf/lib/mno-hw-mul/libc.a(lib_a-__atexit.o)
 .comment       0x0000000000000000       0x24 /home/marco/altera/15.0/nios2eds/bin/gnu/H-x86_64-pc-linux-gnu/bin/../lib/gcc/nios2-elf/4.9.1/../../../../../H-x86_64-pc-linux-gnu/nios2-elf/lib/mno-hw-mul/libc.a(lib_a-__call_atexit.o)
 .comment       0x0000000000000000       0x24 /home/marco/altera/15.0/nios2eds/bin/gnu/H-x86_64-pc-linux-gnu/bin/../lib/gcc/nios2-elf/4.9.1/mno-hw-mul/libgcc.a(lib2-mul.o)
 .comment       0x0000000000000000       0x24 ../lights_bsp//libhal_bsp.a(alt_exit.o)

.debug
 *(.debug)

.line
 *(.line)

.debug_srcinfo
 *(.debug_srcinfo)

.debug_sfnames
 *(.debug_sfnames)

.debug_aranges  0x0000000000000000      0x590
 *(.debug_aranges)
 .debug_aranges
                0x0000000000000000       0x28 ../lights_bsp//obj/HAL/src/crt0.o
 .debug_aranges
                0x0000000000000028       0x20 obj/default/hello_world.o
 .debug_aranges
                0x0000000000000048       0x20 ../lights_bsp//libhal_bsp.a(alt_load.o)
 .debug_aranges
                0x0000000000000068       0x20 ../lights_bsp//libhal_bsp.a(alt_main.o)
 .debug_aranges
                0x0000000000000088       0x20 ../lights_bsp//libhal_bsp.a(alt_sys_init.o)
 .debug_aranges
                0x00000000000000a8       0x20 ../lights_bsp//libhal_bsp.a(altera_avalon_jtag_uart_fd.o)
 .debug_aranges
                0x00000000000000c8       0x20 ../lights_bsp//libhal_bsp.a(altera_avalon_jtag_uart_init.o)
 .debug_aranges
                0x00000000000000e8       0x20 ../lights_bsp//libhal_bsp.a(altera_avalon_jtag_uart_ioctl.o)
 .debug_aranges
                0x0000000000000108       0x20 ../lights_bsp//libhal_bsp.a(altera_avalon_jtag_uart_read.o)
 .debug_aranges
                0x0000000000000128       0x20 ../lights_bsp//libhal_bsp.a(altera_avalon_jtag_uart_write.o)
 .debug_aranges
                0x0000000000000148       0x20 ../lights_bsp//libhal_bsp.a(alt_alarm_start.o)
 .debug_aranges
                0x0000000000000168       0x20 ../lights_bsp//libhal_bsp.a(alt_close.o)
 .debug_aranges
                0x0000000000000188       0x20 ../lights_bsp//libhal_bsp.a(alt_dcache_flush_all.o)
 .debug_aranges
                0x00000000000001a8       0x20 ../lights_bsp//libhal_bsp.a(alt_dev.o)
 .debug_aranges
                0x00000000000001c8       0x20 ../lights_bsp//libhal_bsp.a(alt_dev_llist_insert.o)
 .debug_aranges
                0x00000000000001e8       0x20 ../lights_bsp//libhal_bsp.a(alt_do_ctors.o)
 .debug_aranges
                0x0000000000000208       0x20 ../lights_bsp//libhal_bsp.a(alt_do_dtors.o)
 .debug_aranges
                0x0000000000000228       0x18 ../lights_bsp//libhal_bsp.a(alt_errno.o)
 .debug_aranges
                0x0000000000000240       0x20 ../lights_bsp//libhal_bsp.a(alt_icache_flush_all.o)
 .debug_aranges
                0x0000000000000260       0x20 ../lights_bsp//libhal_bsp.a(alt_iic.o)
 .debug_aranges
                0x0000000000000280       0x20 ../lights_bsp//libhal_bsp.a(alt_iic_isr_register.o)
 .debug_aranges
                0x00000000000002a0       0x20 ../lights_bsp//libhal_bsp.a(alt_io_redirect.o)
 .debug_aranges
                0x00000000000002c0       0x30 ../lights_bsp//libhal_bsp.a(alt_irq_entry.o)
 .debug_aranges
                0x00000000000002f0       0x20 ../lights_bsp//libhal_bsp.a(alt_irq_handler.o)
 .debug_aranges
                0x0000000000000310       0x18 ../lights_bsp//libhal_bsp.a(alt_irq_vars.o)
 .debug_aranges
                0x0000000000000328       0x20 ../lights_bsp//libhal_bsp.a(alt_open.o)
 .debug_aranges
                0x0000000000000348       0x20 ../lights_bsp//libhal_bsp.a(alt_release_fd.o)
 .debug_aranges
                0x0000000000000368       0x20 ../lights_bsp//libhal_bsp.a(alt_tick.o)
 .debug_aranges
                0x0000000000000388       0x20 ../lights_bsp//libhal_bsp.a(altera_nios2_qsys_irq.o)
 .debug_aranges
                0x00000000000003a8       0x38 ../lights_bsp//libhal_bsp.a(alt_exception_entry.o)
 .debug_aranges
                0x00000000000003e0       0x20 ../lights_bsp//libhal_bsp.a(alt_find_dev.o)
 .debug_aranges
                0x0000000000000400       0x20 ../lights_bsp//libhal_bsp.a(alt_find_file.o)
 .debug_aranges
                0x0000000000000420       0x20 ../lights_bsp//libhal_bsp.a(alt_get_fd.o)
 .debug_aranges
                0x0000000000000440       0x20 /home/marco/altera/15.0/nios2eds/bin/gnu/H-x86_64-pc-linux-gnu/bin/../lib/gcc/nios2-elf/4.9.1/../../../../../H-x86_64-pc-linux-gnu/nios2-elf/lib/mno-hw-mul/libc.a(lib_a-atexit.o)
 .debug_aranges
                0x0000000000000460       0x20 /home/marco/altera/15.0/nios2eds/bin/gnu/H-x86_64-pc-linux-gnu/bin/../lib/gcc/nios2-elf/4.9.1/../../../../../H-x86_64-pc-linux-gnu/nios2-elf/lib/mno-hw-mul/libc.a(lib_a-exit.o)
 .debug_aranges
                0x0000000000000480       0x18 /home/marco/altera/15.0/nios2eds/bin/gnu/H-x86_64-pc-linux-gnu/bin/../lib/gcc/nios2-elf/4.9.1/../../../../../H-x86_64-pc-linux-gnu/nios2-elf/lib/mno-hw-mul/libc.a(lib_a-impure.o)
 .debug_aranges
                0x0000000000000498       0x18 /home/marco/altera/15.0/nios2eds/bin/gnu/H-x86_64-pc-linux-gnu/bin/../lib/gcc/nios2-elf/4.9.1/../../../../../H-x86_64-pc-linux-gnu/nios2-elf/lib/mno-hw-mul/libc.a(lib_a-int_errno.o)
 .debug_aranges
                0x00000000000004b0       0x20 /home/marco/altera/15.0/nios2eds/bin/gnu/H-x86_64-pc-linux-gnu/bin/../lib/gcc/nios2-elf/4.9.1/../../../../../H-x86_64-pc-linux-gnu/nios2-elf/lib/mno-hw-mul/libc.a(lib_a-memcmp.o)
 .debug_aranges
                0x00000000000004d0       0x20 /home/marco/altera/15.0/nios2eds/bin/gnu/H-x86_64-pc-linux-gnu/bin/../lib/gcc/nios2-elf/4.9.1/../../../../../H-x86_64-pc-linux-gnu/nios2-elf/lib/mno-hw-mul/libc.a(lib_a-memcpy.o)
 .debug_aranges
                0x00000000000004f0       0x20 /home/marco/altera/15.0/nios2eds/bin/gnu/H-x86_64-pc-linux-gnu/bin/../lib/gcc/nios2-elf/4.9.1/../../../../../H-x86_64-pc-linux-gnu/nios2-elf/lib/mno-hw-mul/libc.a(lib_a-strlen.o)
 .debug_aranges
                0x0000000000000510       0x20 /home/marco/altera/15.0/nios2eds/bin/gnu/H-x86_64-pc-linux-gnu/bin/../lib/gcc/nios2-elf/4.9.1/../../../../../H-x86_64-pc-linux-gnu/nios2-elf/lib/mno-hw-mul/libc.a(lib_a-__atexit.o)
 .debug_aranges
                0x0000000000000530       0x20 /home/marco/altera/15.0/nios2eds/bin/gnu/H-x86_64-pc-linux-gnu/bin/../lib/gcc/nios2-elf/4.9.1/../../../../../H-x86_64-pc-linux-gnu/nios2-elf/lib/mno-hw-mul/libc.a(lib_a-__call_atexit.o)
 .debug_aranges
                0x0000000000000550       0x20 /home/marco/altera/15.0/nios2eds/bin/gnu/H-x86_64-pc-linux-gnu/bin/../lib/gcc/nios2-elf/4.9.1/mno-hw-mul/libgcc.a(lib2-mul.o)
 .debug_aranges
                0x0000000000000570       0x20 ../lights_bsp//libhal_bsp.a(alt_exit.o)

.debug_pubnames
 *(.debug_pubnames)

.debug_info     0x0000000000000000     0x71a4
 *(.debug_info .gnu.linkonce.wi.*)
 .debug_info    0x0000000000000000       0x6e ../lights_bsp//obj/HAL/src/crt0.o
 .debug_info    0x000000000000006e       0x37 obj/default/hello_world.o
 .debug_info    0x00000000000000a5      0x13e ../lights_bsp//libhal_bsp.a(alt_load.o)
 .debug_info    0x00000000000001e3      0x12a ../lights_bsp//libhal_bsp.a(alt_main.o)
 .debug_info    0x000000000000030d      0x4bc ../lights_bsp//libhal_bsp.a(alt_sys_init.o)
 .debug_info    0x00000000000007c9      0x527 ../lights_bsp//libhal_bsp.a(altera_avalon_jtag_uart_fd.o)
 .debug_info    0x0000000000000cf0      0x3a1 ../lights_bsp//libhal_bsp.a(altera_avalon_jtag_uart_init.o)
 .debug_info    0x0000000000001091      0x279 ../lights_bsp//libhal_bsp.a(altera_avalon_jtag_uart_ioctl.o)
 .debug_info    0x000000000000130a      0x342 ../lights_bsp//libhal_bsp.a(altera_avalon_jtag_uart_read.o)
 .debug_info    0x000000000000164c      0x339 ../lights_bsp//libhal_bsp.a(altera_avalon_jtag_uart_write.o)
 .debug_info    0x0000000000001985      0x2c5 ../lights_bsp//libhal_bsp.a(alt_alarm_start.o)
 .debug_info    0x0000000000001c4a      0x31a ../lights_bsp//libhal_bsp.a(alt_close.o)
 .debug_info    0x0000000000001f64       0x8b ../lights_bsp//libhal_bsp.a(alt_dcache_flush_all.o)
 .debug_info    0x0000000000001fef      0x495 ../lights_bsp//libhal_bsp.a(alt_dev.o)
 .debug_info    0x0000000000002484      0x1a2 ../lights_bsp//libhal_bsp.a(alt_dev_llist_insert.o)
 .debug_info    0x0000000000002626       0x83 ../lights_bsp//libhal_bsp.a(alt_do_ctors.o)
 .debug_info    0x00000000000026a9       0x83 ../lights_bsp//libhal_bsp.a(alt_do_dtors.o)
 .debug_info    0x000000000000272c       0x9f ../lights_bsp//libhal_bsp.a(alt_errno.o)
 .debug_info    0x00000000000027cb       0x8b ../lights_bsp//libhal_bsp.a(alt_icache_flush_all.o)
 .debug_info    0x0000000000002856      0x349 ../lights_bsp//libhal_bsp.a(alt_iic.o)
 .debug_info    0x0000000000002b9f      0x1e8 ../lights_bsp//libhal_bsp.a(alt_iic_isr_register.o)
 .debug_info    0x0000000000002d87      0x49e ../lights_bsp//libhal_bsp.a(alt_io_redirect.o)
 .debug_info    0x0000000000003225       0x77 ../lights_bsp//libhal_bsp.a(alt_irq_entry.o)
 .debug_info    0x000000000000329c      0x180 ../lights_bsp//libhal_bsp.a(alt_irq_handler.o)
 .debug_info    0x000000000000341c       0x88 ../lights_bsp//libhal_bsp.a(alt_irq_vars.o)
 .debug_info    0x00000000000034a4      0x3b4 ../lights_bsp//libhal_bsp.a(alt_open.o)
 .debug_info    0x0000000000003858      0x2b0 ../lights_bsp//libhal_bsp.a(alt_release_fd.o)
 .debug_info    0x0000000000003b08      0x292 ../lights_bsp//libhal_bsp.a(alt_tick.o)
 .debug_info    0x0000000000003d9a       0x8b ../lights_bsp//libhal_bsp.a(altera_nios2_qsys_irq.o)
 .debug_info    0x0000000000003e25       0x7d ../lights_bsp//libhal_bsp.a(alt_exception_entry.o)
 .debug_info    0x0000000000003ea2      0x2e2 ../lights_bsp//libhal_bsp.a(alt_find_dev.o)
 .debug_info    0x0000000000004184      0x2df ../lights_bsp//libhal_bsp.a(alt_find_file.o)
 .debug_info    0x0000000000004463      0x309 ../lights_bsp//libhal_bsp.a(alt_get_fd.o)
 .debug_info    0x000000000000476c      0x10a /home/marco/altera/15.0/nios2eds/bin/gnu/H-x86_64-pc-linux-gnu/bin/../lib/gcc/nios2-elf/4.9.1/../../../../../H-x86_64-pc-linux-gnu/nios2-elf/lib/mno-hw-mul/libc.a(lib_a-atexit.o)
 .debug_info    0x0000000000004876      0x8df /home/marco/altera/15.0/nios2eds/bin/gnu/H-x86_64-pc-linux-gnu/bin/../lib/gcc/nios2-elf/4.9.1/../../../../../H-x86_64-pc-linux-gnu/nios2-elf/lib/mno-hw-mul/libc.a(lib_a-exit.o)
 .debug_info    0x0000000000005155      0x88f /home/marco/altera/15.0/nios2eds/bin/gnu/H-x86_64-pc-linux-gnu/bin/../lib/gcc/nios2-elf/4.9.1/../../../../../H-x86_64-pc-linux-gnu/nios2-elf/lib/mno-hw-mul/libc.a(lib_a-impure.o)
 .debug_info    0x00000000000059e4       0x83 /home/marco/altera/15.0/nios2eds/bin/gnu/H-x86_64-pc-linux-gnu/bin/../lib/gcc/nios2-elf/4.9.1/../../../../../H-x86_64-pc-linux-gnu/nios2-elf/lib/mno-hw-mul/libc.a(lib_a-int_errno.o)
 .debug_info    0x0000000000005a67      0x113 /home/marco/altera/15.0/nios2eds/bin/gnu/H-x86_64-pc-linux-gnu/bin/../lib/gcc/nios2-elf/4.9.1/../../../../../H-x86_64-pc-linux-gnu/nios2-elf/lib/mno-hw-mul/libc.a(lib_a-memcmp.o)
 .debug_info    0x0000000000005b7a      0x133 /home/marco/altera/15.0/nios2eds/bin/gnu/H-x86_64-pc-linux-gnu/bin/../lib/gcc/nios2-elf/4.9.1/../../../../../H-x86_64-pc-linux-gnu/nios2-elf/lib/mno-hw-mul/libc.a(lib_a-memcpy.o)
 .debug_info    0x0000000000005cad       0xdb /home/marco/altera/15.0/nios2eds/bin/gnu/H-x86_64-pc-linux-gnu/bin/../lib/gcc/nios2-elf/4.9.1/../../../../../H-x86_64-pc-linux-gnu/nios2-elf/lib/mno-hw-mul/libc.a(lib_a-strlen.o)
 .debug_info    0x0000000000005d88      0x93b /home/marco/altera/15.0/nios2eds/bin/gnu/H-x86_64-pc-linux-gnu/bin/../lib/gcc/nios2-elf/4.9.1/../../../../../H-x86_64-pc-linux-gnu/nios2-elf/lib/mno-hw-mul/libc.a(lib_a-__atexit.o)
 .debug_info    0x00000000000066c3      0x948 /home/marco/altera/15.0/nios2eds/bin/gnu/H-x86_64-pc-linux-gnu/bin/../lib/gcc/nios2-elf/4.9.1/../../../../../H-x86_64-pc-linux-gnu/nios2-elf/lib/mno-hw-mul/libc.a(lib_a-__call_atexit.o)
 .debug_info    0x000000000000700b       0xb4 /home/marco/altera/15.0/nios2eds/bin/gnu/H-x86_64-pc-linux-gnu/bin/../lib/gcc/nios2-elf/4.9.1/mno-hw-mul/libgcc.a(lib2-mul.o)
 .debug_info    0x00000000000070bf       0xe5 ../lights_bsp//libhal_bsp.a(alt_exit.o)

.debug_abbrev   0x0000000000000000     0x27d5
 *(.debug_abbrev)
 .debug_abbrev  0x0000000000000000       0x12 ../lights_bsp//obj/HAL/src/crt0.o
 .debug_abbrev  0x0000000000000012       0x2a obj/default/hello_world.o
 .debug_abbrev  0x000000000000003c       0x9f ../lights_bsp//libhal_bsp.a(alt_load.o)
 .debug_abbrev  0x00000000000000db       0xba ../lights_bsp//libhal_bsp.a(alt_main.o)
 .debug_abbrev  0x0000000000000195      0x187 ../lights_bsp//libhal_bsp.a(alt_sys_init.o)
 .debug_abbrev  0x000000000000031c      0x127 ../lights_bsp//libhal_bsp.a(altera_avalon_jtag_uart_fd.o)
 .debug_abbrev  0x0000000000000443      0x197 ../lights_bsp//libhal_bsp.a(altera_avalon_jtag_uart_init.o)
 .debug_abbrev  0x00000000000005da      0x111 ../lights_bsp//libhal_bsp.a(altera_avalon_jtag_uart_ioctl.o)
 .debug_abbrev  0x00000000000006eb      0x1ac ../lights_bsp//libhal_bsp.a(altera_avalon_jtag_uart_read.o)
 .debug_abbrev  0x0000000000000897      0x1a8 ../lights_bsp//libhal_bsp.a(altera_avalon_jtag_uart_write.o)
 .debug_abbrev  0x0000000000000a3f      0x162 ../lights_bsp//libhal_bsp.a(alt_alarm_start.o)
 .debug_abbrev  0x0000000000000ba1      0x11f ../lights_bsp//libhal_bsp.a(alt_close.o)
 .debug_abbrev  0x0000000000000cc0       0x42 ../lights_bsp//libhal_bsp.a(alt_dcache_flush_all.o)
 .debug_abbrev  0x0000000000000d02       0xd9 ../lights_bsp//libhal_bsp.a(alt_dev.o)
 .debug_abbrev  0x0000000000000ddb      0x114 ../lights_bsp//libhal_bsp.a(alt_dev_llist_insert.o)
 .debug_abbrev  0x0000000000000eef       0x79 ../lights_bsp//libhal_bsp.a(alt_do_ctors.o)
 .debug_abbrev  0x0000000000000f68       0x79 ../lights_bsp//libhal_bsp.a(alt_do_dtors.o)
 .debug_abbrev  0x0000000000000fe1       0x5a ../lights_bsp//libhal_bsp.a(alt_errno.o)
 .debug_abbrev  0x000000000000103b       0x42 ../lights_bsp//libhal_bsp.a(alt_icache_flush_all.o)
 .debug_abbrev  0x000000000000107d      0x163 ../lights_bsp//libhal_bsp.a(alt_iic.o)
 .debug_abbrev  0x00000000000011e0      0x169 ../lights_bsp//libhal_bsp.a(alt_iic_isr_register.o)
 .debug_abbrev  0x0000000000001349      0x114 ../lights_bsp//libhal_bsp.a(alt_io_redirect.o)
 .debug_abbrev  0x000000000000145d       0x12 ../lights_bsp//libhal_bsp.a(alt_irq_entry.o)
 .debug_abbrev  0x000000000000146f      0x122 ../lights_bsp//libhal_bsp.a(alt_irq_handler.o)
 .debug_abbrev  0x0000000000001591       0x40 ../lights_bsp//libhal_bsp.a(alt_irq_vars.o)
 .debug_abbrev  0x00000000000015d1      0x148 ../lights_bsp//libhal_bsp.a(alt_open.o)
 .debug_abbrev  0x0000000000001719       0xde ../lights_bsp//libhal_bsp.a(alt_release_fd.o)
 .debug_abbrev  0x00000000000017f7      0x15a ../lights_bsp//libhal_bsp.a(alt_tick.o)
 .debug_abbrev  0x0000000000001951       0x42 ../lights_bsp//libhal_bsp.a(altera_nios2_qsys_irq.o)
 .debug_abbrev  0x0000000000001993       0x12 ../lights_bsp//libhal_bsp.a(alt_exception_entry.o)
 .debug_abbrev  0x00000000000019a5       0xf0 ../lights_bsp//libhal_bsp.a(alt_find_dev.o)
 .debug_abbrev  0x0000000000001a95       0xf0 ../lights_bsp//libhal_bsp.a(alt_find_file.o)
 .debug_abbrev  0x0000000000001b85      0x10d ../lights_bsp//libhal_bsp.a(alt_get_fd.o)
 .debug_abbrev  0x0000000000001c92       0xb8 /home/marco/altera/15.0/nios2eds/bin/gnu/H-x86_64-pc-linux-gnu/bin/../lib/gcc/nios2-elf/4.9.1/../../../../../H-x86_64-pc-linux-gnu/nios2-elf/lib/mno-hw-mul/libc.a(lib_a-atexit.o)
 .debug_abbrev  0x0000000000001d4a      0x1e6 /home/marco/altera/15.0/nios2eds/bin/gnu/H-x86_64-pc-linux-gnu/bin/../lib/gcc/nios2-elf/4.9.1/../../../../../H-x86_64-pc-linux-gnu/nios2-elf/lib/mno-hw-mul/libc.a(lib_a-exit.o)
 .debug_abbrev  0x0000000000001f30      0x180 /home/marco/altera/15.0/nios2eds/bin/gnu/H-x86_64-pc-linux-gnu/bin/../lib/gcc/nios2-elf/4.9.1/../../../../../H-x86_64-pc-linux-gnu/nios2-elf/lib/mno-hw-mul/libc.a(lib_a-impure.o)
 .debug_abbrev  0x00000000000020b0       0x37 /home/marco/altera/15.0/nios2eds/bin/gnu/H-x86_64-pc-linux-gnu/bin/../lib/gcc/nios2-elf/4.9.1/../../../../../H-x86_64-pc-linux-gnu/nios2-elf/lib/mno-hw-mul/libc.a(lib_a-int_errno.o)
 .debug_abbrev  0x00000000000020e7       0x7f /home/marco/altera/15.0/nios2eds/bin/gnu/H-x86_64-pc-linux-gnu/bin/../lib/gcc/nios2-elf/4.9.1/../../../../../H-x86_64-pc-linux-gnu/nios2-elf/lib/mno-hw-mul/libc.a(lib_a-memcmp.o)
 .debug_abbrev  0x0000000000002166       0x9c /home/marco/altera/15.0/nios2eds/bin/gnu/H-x86_64-pc-linux-gnu/bin/../lib/gcc/nios2-elf/4.9.1/../../../../../H-x86_64-pc-linux-gnu/nios2-elf/lib/mno-hw-mul/libc.a(lib_a-memcpy.o)
 .debug_abbrev  0x0000000000002202       0x90 /home/marco/altera/15.0/nios2eds/bin/gnu/H-x86_64-pc-linux-gnu/bin/../lib/gcc/nios2-elf/4.9.1/../../../../../H-x86_64-pc-linux-gnu/nios2-elf/lib/mno-hw-mul/libc.a(lib_a-strlen.o)
 .debug_abbrev  0x0000000000002292      0x21e /home/marco/altera/15.0/nios2eds/bin/gnu/H-x86_64-pc-linux-gnu/bin/../lib/gcc/nios2-elf/4.9.1/../../../../../H-x86_64-pc-linux-gnu/nios2-elf/lib/mno-hw-mul/libc.a(lib_a-__atexit.o)
 .debug_abbrev  0x00000000000024b0      0x210 /home/marco/altera/15.0/nios2eds/bin/gnu/H-x86_64-pc-linux-gnu/bin/../lib/gcc/nios2-elf/4.9.1/../../../../../H-x86_64-pc-linux-gnu/nios2-elf/lib/mno-hw-mul/libc.a(lib_a-__call_atexit.o)
 .debug_abbrev  0x00000000000026c0       0x6f /home/marco/altera/15.0/nios2eds/bin/gnu/H-x86_64-pc-linux-gnu/bin/../lib/gcc/nios2-elf/4.9.1/mno-hw-mul/libgcc.a(lib2-mul.o)
 .debug_abbrev  0x000000000000272f       0xa6 ../lights_bsp//libhal_bsp.a(alt_exit.o)

.debug_line     0x0000000000000000     0x28ae
 *(.debug_line)
 .debug_line    0x0000000000000000       0x66 ../lights_bsp//obj/HAL/src/crt0.o
 .debug_line    0x0000000000000066       0x46 obj/default/hello_world.o
 .debug_line    0x00000000000000ac       0x8d ../lights_bsp//libhal_bsp.a(alt_load.o)
 .debug_line    0x0000000000000139       0xa4 ../lights_bsp//libhal_bsp.a(alt_main.o)
 .debug_line    0x00000000000001dd      0x136 ../lights_bsp//libhal_bsp.a(alt_sys_init.o)
 .debug_line    0x0000000000000313      0x12f ../lights_bsp//libhal_bsp.a(altera_avalon_jtag_uart_fd.o)
 .debug_line    0x0000000000000442      0x180 ../lights_bsp//libhal_bsp.a(altera_avalon_jtag_uart_init.o)
 .debug_line    0x00000000000005c2      0x12e ../lights_bsp//libhal_bsp.a(altera_avalon_jtag_uart_ioctl.o)
 .debug_line    0x00000000000006f0      0x16a ../lights_bsp//libhal_bsp.a(altera_avalon_jtag_uart_read.o)
 .debug_line    0x000000000000085a      0x16a ../lights_bsp//libhal_bsp.a(altera_avalon_jtag_uart_write.o)
 .debug_line    0x00000000000009c4       0xfa ../lights_bsp//libhal_bsp.a(alt_alarm_start.o)
 .debug_line    0x0000000000000abe      0x16c ../lights_bsp//libhal_bsp.a(alt_close.o)
 .debug_line    0x0000000000000c2a       0x51 ../lights_bsp//libhal_bsp.a(alt_dcache_flush_all.o)
 .debug_line    0x0000000000000c7b       0xfe ../lights_bsp//libhal_bsp.a(alt_dev.o)
 .debug_line    0x0000000000000d79       0xd0 ../lights_bsp//libhal_bsp.a(alt_dev_llist_insert.o)
 .debug_line    0x0000000000000e49       0x59 ../lights_bsp//libhal_bsp.a(alt_do_ctors.o)
 .debug_line    0x0000000000000ea2       0x59 ../lights_bsp//libhal_bsp.a(alt_do_dtors.o)
 .debug_line    0x0000000000000efb       0x51 ../lights_bsp//libhal_bsp.a(alt_errno.o)
 .debug_line    0x0000000000000f4c       0x4f ../lights_bsp//libhal_bsp.a(alt_icache_flush_all.o)
 .debug_line    0x0000000000000f9b       0xef ../lights_bsp//libhal_bsp.a(alt_iic.o)
 .debug_line    0x000000000000108a       0xdb ../lights_bsp//libhal_bsp.a(alt_iic_isr_register.o)
 .debug_line    0x0000000000001165      0x13b ../lights_bsp//libhal_bsp.a(alt_io_redirect.o)
 .debug_line    0x00000000000012a0       0x6b ../lights_bsp//libhal_bsp.a(alt_irq_entry.o)
 .debug_line    0x000000000000130b       0xaa ../lights_bsp//libhal_bsp.a(alt_irq_handler.o)
 .debug_line    0x00000000000013b5       0x50 ../lights_bsp//libhal_bsp.a(alt_irq_vars.o)
 .debug_line    0x0000000000001405      0x12d ../lights_bsp//libhal_bsp.a(alt_open.o)
 .debug_line    0x0000000000001532       0xb0 ../lights_bsp//libhal_bsp.a(alt_release_fd.o)
 .debug_line    0x00000000000015e2       0xfe ../lights_bsp//libhal_bsp.a(alt_tick.o)
 .debug_line    0x00000000000016e0       0x51 ../lights_bsp//libhal_bsp.a(altera_nios2_qsys_irq.o)
 .debug_line    0x0000000000001731       0xab ../lights_bsp//libhal_bsp.a(alt_exception_entry.o)
 .debug_line    0x00000000000017dc       0xb5 ../lights_bsp//libhal_bsp.a(alt_find_dev.o)
 .debug_line    0x0000000000001891       0xd1 ../lights_bsp//libhal_bsp.a(alt_find_file.o)
 .debug_line    0x0000000000001962       0xd8 ../lights_bsp//libhal_bsp.a(alt_get_fd.o)
 .debug_line    0x0000000000001a3a       0xe9 /home/marco/altera/15.0/nios2eds/bin/gnu/H-x86_64-pc-linux-gnu/bin/../lib/gcc/nios2-elf/4.9.1/../../../../../H-x86_64-pc-linux-gnu/nios2-elf/lib/mno-hw-mul/libc.a(lib_a-atexit.o)
 .debug_line    0x0000000000001b23      0x1fd /home/marco/altera/15.0/nios2eds/bin/gnu/H-x86_64-pc-linux-gnu/bin/../lib/gcc/nios2-elf/4.9.1/../../../../../H-x86_64-pc-linux-gnu/nios2-elf/lib/mno-hw-mul/libc.a(lib_a-exit.o)
 .debug_line    0x0000000000001d20      0x162 /home/marco/altera/15.0/nios2eds/bin/gnu/H-x86_64-pc-linux-gnu/bin/../lib/gcc/nios2-elf/4.9.1/../../../../../H-x86_64-pc-linux-gnu/nios2-elf/lib/mno-hw-mul/libc.a(lib_a-impure.o)
 .debug_line    0x0000000000001e82       0x60 /home/marco/altera/15.0/nios2eds/bin/gnu/H-x86_64-pc-linux-gnu/bin/../lib/gcc/nios2-elf/4.9.1/../../../../../H-x86_64-pc-linux-gnu/nios2-elf/lib/mno-hw-mul/libc.a(lib_a-int_errno.o)
 .debug_line    0x0000000000001ee2      0x178 /home/marco/altera/15.0/nios2eds/bin/gnu/H-x86_64-pc-linux-gnu/bin/../lib/gcc/nios2-elf/4.9.1/../../../../../H-x86_64-pc-linux-gnu/nios2-elf/lib/mno-hw-mul/libc.a(lib_a-memcmp.o)
 .debug_line    0x000000000000205a      0x187 /home/marco/altera/15.0/nios2eds/bin/gnu/H-x86_64-pc-linux-gnu/bin/../lib/gcc/nios2-elf/4.9.1/../../../../../H-x86_64-pc-linux-gnu/nios2-elf/lib/mno-hw-mul/libc.a(lib_a-memcpy.o)
 .debug_line    0x00000000000021e1      0x171 /home/marco/altera/15.0/nios2eds/bin/gnu/H-x86_64-pc-linux-gnu/bin/../lib/gcc/nios2-elf/4.9.1/../../../../../H-x86_64-pc-linux-gnu/nios2-elf/lib/mno-hw-mul/libc.a(lib_a-strlen.o)
 .debug_line    0x0000000000002352      0x227 /home/marco/altera/15.0/nios2eds/bin/gnu/H-x86_64-pc-linux-gnu/bin/../lib/gcc/nios2-elf/4.9.1/../../../../../H-x86_64-pc-linux-gnu/nios2-elf/lib/mno-hw-mul/libc.a(lib_a-__atexit.o)
 .debug_line    0x0000000000002579      0x244 /home/marco/altera/15.0/nios2eds/bin/gnu/H-x86_64-pc-linux-gnu/bin/../lib/gcc/nios2-elf/4.9.1/../../../../../H-x86_64-pc-linux-gnu/nios2-elf/lib/mno-hw-mul/libc.a(lib_a-__call_atexit.o)
 .debug_line    0x00000000000027bd       0x80 /home/marco/altera/15.0/nios2eds/bin/gnu/H-x86_64-pc-linux-gnu/bin/../lib/gcc/nios2-elf/4.9.1/mno-hw-mul/libgcc.a(lib2-mul.o)
 .debug_line    0x000000000000283d       0x71 ../lights_bsp//libhal_bsp.a(alt_exit.o)

.debug_frame    0x0000000000000000      0xa40
 *(.debug_frame)
 .debug_frame   0x0000000000000000       0x2c obj/default/hello_world.o
 .debug_frame   0x000000000000002c       0x5c ../lights_bsp//libhal_bsp.a(alt_load.o)
 .debug_frame   0x0000000000000088       0x2c ../lights_bsp//libhal_bsp.a(alt_main.o)
 .debug_frame   0x00000000000000b4       0x88 ../lights_bsp//libhal_bsp.a(alt_sys_init.o)
 .debug_frame   0x000000000000013c       0xb0 ../lights_bsp//libhal_bsp.a(altera_avalon_jtag_uart_fd.o)
 .debug_frame   0x00000000000001ec       0xa4 ../lights_bsp//libhal_bsp.a(altera_avalon_jtag_uart_init.o)
 .debug_frame   0x0000000000000290       0x34 ../lights_bsp//libhal_bsp.a(altera_avalon_jtag_uart_ioctl.o)
 .debug_frame   0x00000000000002c4       0x38 ../lights_bsp//libhal_bsp.a(altera_avalon_jtag_uart_read.o)
 .debug_frame   0x00000000000002fc       0x38 ../lights_bsp//libhal_bsp.a(altera_avalon_jtag_uart_write.o)
 .debug_frame   0x0000000000000334       0x34 ../lights_bsp//libhal_bsp.a(alt_alarm_start.o)
 .debug_frame   0x0000000000000368       0x60 ../lights_bsp//libhal_bsp.a(alt_close.o)
 .debug_frame   0x00000000000003c8       0x34 ../lights_bsp//libhal_bsp.a(alt_dcache_flush_all.o)
 .debug_frame   0x00000000000003fc       0x34 ../lights_bsp//libhal_bsp.a(alt_dev.o)
 .debug_frame   0x0000000000000430       0x60 ../lights_bsp//libhal_bsp.a(alt_dev_llist_insert.o)
 .debug_frame   0x0000000000000490       0x38 ../lights_bsp//libhal_bsp.a(alt_do_ctors.o)
 .debug_frame   0x00000000000004c8       0x38 ../lights_bsp//libhal_bsp.a(alt_do_dtors.o)
 .debug_frame   0x0000000000000500       0x34 ../lights_bsp//libhal_bsp.a(alt_icache_flush_all.o)
 .debug_frame   0x0000000000000534       0xa4 ../lights_bsp//libhal_bsp.a(alt_iic.o)
 .debug_frame   0x00000000000005d8       0x38 ../lights_bsp//libhal_bsp.a(alt_iic_isr_register.o)
 .debug_frame   0x0000000000000610       0x64 ../lights_bsp//libhal_bsp.a(alt_io_redirect.o)
 .debug_frame   0x0000000000000674       0x38 ../lights_bsp//libhal_bsp.a(alt_irq_handler.o)
 .debug_frame   0x00000000000006ac       0x8c ../lights_bsp//libhal_bsp.a(alt_open.o)
 .debug_frame   0x0000000000000738       0x3c ../lights_bsp//libhal_bsp.a(alt_release_fd.o)
 .debug_frame   0x0000000000000774       0x5c ../lights_bsp//libhal_bsp.a(alt_tick.o)
 .debug_frame   0x00000000000007d0       0x34 ../lights_bsp//libhal_bsp.a(altera_nios2_qsys_irq.o)
 .debug_frame   0x0000000000000804       0x38 ../lights_bsp//libhal_bsp.a(alt_find_dev.o)
 .debug_frame   0x000000000000083c       0x38 ../lights_bsp//libhal_bsp.a(alt_find_file.o)
 .debug_frame   0x0000000000000874       0x3c ../lights_bsp//libhal_bsp.a(alt_get_fd.o)
 .debug_frame   0x00000000000008b0       0x20 /home/marco/altera/15.0/nios2eds/bin/gnu/H-x86_64-pc-linux-gnu/bin/../lib/gcc/nios2-elf/4.9.1/../../../../../H-x86_64-pc-linux-gnu/nios2-elf/lib/mno-hw-mul/libc.a(lib_a-atexit.o)
 .debug_frame   0x00000000000008d0       0x28 /home/marco/altera/15.0/nios2eds/bin/gnu/H-x86_64-pc-linux-gnu/bin/../lib/gcc/nios2-elf/4.9.1/../../../../../H-x86_64-pc-linux-gnu/nios2-elf/lib/mno-hw-mul/libc.a(lib_a-exit.o)
 .debug_frame   0x00000000000008f8       0x20 /home/marco/altera/15.0/nios2eds/bin/gnu/H-x86_64-pc-linux-gnu/bin/../lib/gcc/nios2-elf/4.9.1/../../../../../H-x86_64-pc-linux-gnu/nios2-elf/lib/mno-hw-mul/libc.a(lib_a-memcmp.o)
 .debug_frame   0x0000000000000918       0x30 /home/marco/altera/15.0/nios2eds/bin/gnu/H-x86_64-pc-linux-gnu/bin/../lib/gcc/nios2-elf/4.9.1/../../../../../H-x86_64-pc-linux-gnu/nios2-elf/lib/mno-hw-mul/libc.a(lib_a-memcpy.o)
 .debug_frame   0x0000000000000948       0x20 /home/marco/altera/15.0/nios2eds/bin/gnu/H-x86_64-pc-linux-gnu/bin/../lib/gcc/nios2-elf/4.9.1/../../../../../H-x86_64-pc-linux-gnu/nios2-elf/lib/mno-hw-mul/libc.a(lib_a-strlen.o)
 .debug_frame   0x0000000000000968       0x38 /home/marco/altera/15.0/nios2eds/bin/gnu/H-x86_64-pc-linux-gnu/bin/../lib/gcc/nios2-elf/4.9.1/../../../../../H-x86_64-pc-linux-gnu/nios2-elf/lib/mno-hw-mul/libc.a(lib_a-__atexit.o)
 .debug_frame   0x00000000000009a0       0x54 /home/marco/altera/15.0/nios2eds/bin/gnu/H-x86_64-pc-linux-gnu/bin/../lib/gcc/nios2-elf/4.9.1/../../../../../H-x86_64-pc-linux-gnu/nios2-elf/lib/mno-hw-mul/libc.a(lib_a-__call_atexit.o)
 .debug_frame   0x00000000000009f4       0x20 /home/marco/altera/15.0/nios2eds/bin/gnu/H-x86_64-pc-linux-gnu/bin/../lib/gcc/nios2-elf/4.9.1/mno-hw-mul/libgcc.a(lib2-mul.o)
 .debug_frame   0x0000000000000a14       0x2c ../lights_bsp//libhal_bsp.a(alt_exit.o)

.debug_str      0x0000000000000000     0x1697
 *(.debug_str)
 .debug_str     0x0000000000000000       0x7c obj/default/hello_world.o
                                         0x81 (size before relaxing)
 .debug_str     0x000000000000007c      0x184 ../lights_bsp//libhal_bsp.a(alt_load.o)
                                        0x1f5 (size before relaxing)
 .debug_str     0x0000000000000200       0x70 ../lights_bsp//libhal_bsp.a(alt_main.o)
                                        0x180 (size before relaxing)
 .debug_str     0x0000000000000270      0x1a2 ../lights_bsp//libhal_bsp.a(alt_sys_init.o)
                                        0x33b (size before relaxing)
 .debug_str     0x0000000000000412       0xb9 ../lights_bsp//libhal_bsp.a(altera_avalon_jtag_uart_fd.o)
                                        0x387 (size before relaxing)
 .debug_str     0x00000000000004cb       0xd1 ../lights_bsp//libhal_bsp.a(altera_avalon_jtag_uart_init.o)
                                        0x31b (size before relaxing)
 .debug_str     0x000000000000059c       0x4a ../lights_bsp//libhal_bsp.a(altera_avalon_jtag_uart_ioctl.o)
                                        0x276 (size before relaxing)
 .debug_str     0x00000000000005e6       0x7f ../lights_bsp//libhal_bsp.a(altera_avalon_jtag_uart_read.o)
                                        0x2cb (size before relaxing)
 .debug_str     0x0000000000000665       0x4a ../lights_bsp//libhal_bsp.a(altera_avalon_jtag_uart_write.o)
                                        0x2cc (size before relaxing)
 .debug_str     0x00000000000006af       0x5f ../lights_bsp//libhal_bsp.a(alt_alarm_start.o)
                                        0x261 (size before relaxing)
 .debug_str     0x000000000000070e       0x44 ../lights_bsp//libhal_bsp.a(alt_close.o)
                                        0x1ee (size before relaxing)
 .debug_str     0x0000000000000752       0x34 ../lights_bsp//libhal_bsp.a(alt_dcache_flush_all.o)
                                        0x138 (size before relaxing)
 .debug_str     0x0000000000000786      0x120 ../lights_bsp//libhal_bsp.a(alt_dev.o)
                                        0x2e8 (size before relaxing)
 .debug_str     0x00000000000008a6       0x34 ../lights_bsp//libhal_bsp.a(alt_dev_llist_insert.o)
                                        0x1af (size before relaxing)
 .debug_str     0x00000000000008da       0x48 ../lights_bsp//libhal_bsp.a(alt_do_ctors.o)
                                         0xbf (size before relaxing)
 .debug_str     0x0000000000000922       0x4c ../lights_bsp//libhal_bsp.a(alt_do_dtors.o)
                                         0xbe (size before relaxing)
 .debug_str     0x000000000000096e       0x14 ../lights_bsp//libhal_bsp.a(alt_errno.o)
                                        0x128 (size before relaxing)
 .debug_str     0x0000000000000982       0x34 ../lights_bsp//libhal_bsp.a(alt_icache_flush_all.o)
                                        0x138 (size before relaxing)
 .debug_str     0x00000000000009b6       0xc4 ../lights_bsp//libhal_bsp.a(alt_iic.o)
                                        0x221 (size before relaxing)
 .debug_str     0x0000000000000a7a       0x4c ../lights_bsp//libhal_bsp.a(alt_iic_isr_register.o)
                                        0x1cb (size before relaxing)
 .debug_str     0x0000000000000ac6       0x56 ../lights_bsp//libhal_bsp.a(alt_io_redirect.o)
                                        0x2f9 (size before relaxing)
 .debug_str     0x0000000000000b1c       0x3a ../lights_bsp//libhal_bsp.a(alt_irq_handler.o)
                                        0x17a (size before relaxing)
 .debug_str     0x0000000000000b56       0x17 ../lights_bsp//libhal_bsp.a(alt_irq_vars.o)
                                        0x129 (size before relaxing)
 .debug_str     0x0000000000000b6d       0x2f ../lights_bsp//libhal_bsp.a(alt_open.o)
                                        0x22e (size before relaxing)
 .debug_str     0x0000000000000b9c       0x28 ../lights_bsp//libhal_bsp.a(alt_release_fd.o)
                                        0x1c2 (size before relaxing)
 .debug_str     0x0000000000000bc4       0x4a ../lights_bsp//libhal_bsp.a(alt_tick.o)
                                        0x235 (size before relaxing)
 .debug_str     0x0000000000000c0e       0x3b ../lights_bsp//libhal_bsp.a(altera_nios2_qsys_irq.o)
                                        0x13f (size before relaxing)
 .debug_str     0x0000000000000c49       0x24 ../lights_bsp//libhal_bsp.a(alt_find_dev.o)
                                        0x1cf (size before relaxing)
 .debug_str     0x0000000000000c6d       0x26 ../lights_bsp//libhal_bsp.a(alt_find_file.o)
                                        0x1dd (size before relaxing)
 .debug_str     0x0000000000000c93       0x30 ../lights_bsp//libhal_bsp.a(alt_get_fd.o)
                                        0x1ff (size before relaxing)
 .debug_str     0x0000000000000cc3      0x14d /home/marco/altera/15.0/nios2eds/bin/gnu/H-x86_64-pc-linux-gnu/bin/../lib/gcc/nios2-elf/4.9.1/../../../../../H-x86_64-pc-linux-gnu/nios2-elf/lib/mno-hw-mul/libc.a(lib_a-atexit.o)
                                        0x1e6 (size before relaxing)
 .debug_str     0x0000000000000e10      0x3be /home/marco/altera/15.0/nios2eds/bin/gnu/H-x86_64-pc-linux-gnu/bin/../lib/gcc/nios2-elf/4.9.1/../../../../../H-x86_64-pc-linux-gnu/nios2-elf/lib/mno-hw-mul/libc.a(lib_a-exit.o)
                                        0x57c (size before relaxing)
 .debug_str     0x00000000000011ce       0xd8 /home/marco/altera/15.0/nios2eds/bin/gnu/H-x86_64-pc-linux-gnu/bin/../lib/gcc/nios2-elf/4.9.1/../../../../../H-x86_64-pc-linux-gnu/nios2-elf/lib/mno-hw-mul/libc.a(lib_a-impure.o)
                                        0x573 (size before relaxing)
 .debug_str     0x00000000000012a6       0x40 /home/marco/altera/15.0/nios2eds/bin/gnu/H-x86_64-pc-linux-gnu/bin/../lib/gcc/nios2-elf/4.9.1/../../../../../H-x86_64-pc-linux-gnu/nios2-elf/lib/mno-hw-mul/libc.a(lib_a-int_errno.o)
                                        0x1a2 (size before relaxing)
 .debug_str     0x00000000000012e6       0xdc /home/marco/altera/15.0/nios2eds/bin/gnu/H-x86_64-pc-linux-gnu/bin/../lib/gcc/nios2-elf/4.9.1/../../../../../H-x86_64-pc-linux-gnu/nios2-elf/lib/mno-hw-mul/libc.a(lib_a-memcmp.o)
                                        0x1a9 (size before relaxing)
 .debug_str     0x00000000000013c2       0x6c /home/marco/altera/15.0/nios2eds/bin/gnu/H-x86_64-pc-linux-gnu/bin/../lib/gcc/nios2-elf/4.9.1/../../../../../H-x86_64-pc-linux-gnu/nios2-elf/lib/mno-hw-mul/libc.a(lib_a-memcpy.o)
                                        0x1d0 (size before relaxing)
 .debug_str     0x000000000000142e       0x52 /home/marco/altera/15.0/nios2eds/bin/gnu/H-x86_64-pc-linux-gnu/bin/../lib/gcc/nios2-elf/4.9.1/../../../../../H-x86_64-pc-linux-gnu/nios2-elf/lib/mno-hw-mul/libc.a(lib_a-strlen.o)
                                        0x1bc (size before relaxing)
 .debug_str     0x0000000000001480       0x4e /home/marco/altera/15.0/nios2eds/bin/gnu/H-x86_64-pc-linux-gnu/bin/../lib/gcc/nios2-elf/4.9.1/../../../../../H-x86_64-pc-linux-gnu/nios2-elf/lib/mno-hw-mul/libc.a(lib_a-__atexit.o)
                                        0x5c9 (size before relaxing)
 .debug_str     0x00000000000014ce       0x58 /home/marco/altera/15.0/nios2eds/bin/gnu/H-x86_64-pc-linux-gnu/bin/../lib/gcc/nios2-elf/4.9.1/../../../../../H-x86_64-pc-linux-gnu/nios2-elf/lib/mno-hw-mul/libc.a(lib_a-__call_atexit.o)
                                        0x592 (size before relaxing)
 .debug_str     0x0000000000001526      0x147 /home/marco/altera/15.0/nios2eds/bin/gnu/H-x86_64-pc-linux-gnu/bin/../lib/gcc/nios2-elf/4.9.1/mno-hw-mul/libgcc.a(lib2-mul.o)
                                        0x192 (size before relaxing)
 .debug_str     0x000000000000166d       0x2a ../lights_bsp//libhal_bsp.a(alt_exit.o)
                                        0x134 (size before relaxing)

.debug_loc      0x0000000000000000      0x817
 *(.debug_loc)
 .debug_loc     0x0000000000000000       0x2c /home/marco/altera/15.0/nios2eds/bin/gnu/H-x86_64-pc-linux-gnu/bin/../lib/gcc/nios2-elf/4.9.1/../../../../../H-x86_64-pc-linux-gnu/nios2-elf/lib/mno-hw-mul/libc.a(lib_a-atexit.o)
 .debug_loc     0x000000000000002c       0x1e /home/marco/altera/15.0/nios2eds/bin/gnu/H-x86_64-pc-linux-gnu/bin/../lib/gcc/nios2-elf/4.9.1/../../../../../H-x86_64-pc-linux-gnu/nios2-elf/lib/mno-hw-mul/libc.a(lib_a-exit.o)
 .debug_loc     0x000000000000004a      0x126 /home/marco/altera/15.0/nios2eds/bin/gnu/H-x86_64-pc-linux-gnu/bin/../lib/gcc/nios2-elf/4.9.1/../../../../../H-x86_64-pc-linux-gnu/nios2-elf/lib/mno-hw-mul/libc.a(lib_a-memcmp.o)
 .debug_loc     0x0000000000000170      0x2a2 /home/marco/altera/15.0/nios2eds/bin/gnu/H-x86_64-pc-linux-gnu/bin/../lib/gcc/nios2-elf/4.9.1/../../../../../H-x86_64-pc-linux-gnu/nios2-elf/lib/mno-hw-mul/libc.a(lib_a-memcpy.o)
 .debug_loc     0x0000000000000412       0x47 /home/marco/altera/15.0/nios2eds/bin/gnu/H-x86_64-pc-linux-gnu/bin/../lib/gcc/nios2-elf/4.9.1/../../../../../H-x86_64-pc-linux-gnu/nios2-elf/lib/mno-hw-mul/libc.a(lib_a-strlen.o)
 .debug_loc     0x0000000000000459      0x185 /home/marco/altera/15.0/nios2eds/bin/gnu/H-x86_64-pc-linux-gnu/bin/../lib/gcc/nios2-elf/4.9.1/../../../../../H-x86_64-pc-linux-gnu/nios2-elf/lib/mno-hw-mul/libc.a(lib_a-__atexit.o)
 .debug_loc     0x00000000000005de      0x1a6 /home/marco/altera/15.0/nios2eds/bin/gnu/H-x86_64-pc-linux-gnu/bin/../lib/gcc/nios2-elf/4.9.1/../../../../../H-x86_64-pc-linux-gnu/nios2-elf/lib/mno-hw-mul/libc.a(lib_a-__call_atexit.o)
 .debug_loc     0x0000000000000784       0x93 /home/marco/altera/15.0/nios2eds/bin/gnu/H-x86_64-pc-linux-gnu/bin/../lib/gcc/nios2-elf/4.9.1/mno-hw-mul/libgcc.a(lib2-mul.o)

.debug_macinfo
 *(.debug_macinfo)

.debug_weaknames
 *(.debug_weaknames)

.debug_funcnames
 *(.debug_funcnames)

.debug_typenames
 *(.debug_typenames)

.debug_varnames
 *(.debug_varnames)

.debug_alt_sim_info
                0x0000000000000000       0x10
 *(.debug_alt_sim_info)
 .debug_alt_sim_info
                0x0000000000000000       0x10 ../lights_bsp//obj/HAL/src/crt0.o
                0x000000000000fa30                __alt_data_end = 0xfa30
                0x000000000000fa30                PROVIDE (__alt_stack_pointer, __alt_data_end)
                0x0000000000005210                PROVIDE (__alt_stack_limit, __alt_stack_base)
                0x0000000000005210                PROVIDE (__alt_heap_start, end)
                0x000000000000fa30                PROVIDE (__alt_heap_limit, 0xfa30)
OUTPUT(lights.elf elf32-littlenios2)

.debug_ranges   0x0000000000000000       0xa0
 .debug_ranges  0x0000000000000000       0x20 ../lights_bsp//obj/HAL/src/crt0.o
 .debug_ranges  0x0000000000000020       0x28 ../lights_bsp//libhal_bsp.a(alt_irq_entry.o)
 .debug_ranges  0x0000000000000048       0x10 ../lights_bsp//libhal_bsp.a(alt_irq_handler.o)
 .debug_ranges  0x0000000000000058       0x30 ../lights_bsp//libhal_bsp.a(alt_exception_entry.o)
 .debug_ranges  0x0000000000000088       0x18 /home/marco/altera/15.0/nios2eds/bin/gnu/H-x86_64-pc-linux-gnu/bin/../lib/gcc/nios2-elf/4.9.1/../../../../../H-x86_64-pc-linux-gnu/nios2-elf/lib/mno-hw-mul/libc.a(lib_a-__call_atexit.o)
