Archive member included to satisfy reference by file (symbol)

/home/marco/altera/15.0/nios2eds/bin/gnu/H-x86_64-pc-linux-gnu/bin/../lib/gcc/nios2-elf/4.9.1/../../../../../H-x86_64-pc-linux-gnu/nios2-elf/lib/mno-hw-mul/libc.a(lib_a-printf.o)
                              obj/default/hello_world.o (printf)
/home/marco/altera/15.0/nios2eds/bin/gnu/H-x86_64-pc-linux-gnu/bin/../lib/gcc/nios2-elf/4.9.1/../../../../../H-x86_64-pc-linux-gnu/nios2-elf/lib/mno-hw-mul/libc.a(lib_a-putchar.o)
                              obj/default/hello_world.o (putchar)
/home/marco/altera/15.0/nios2eds/bin/gnu/H-x86_64-pc-linux-gnu/bin/../lib/gcc/nios2-elf/4.9.1/../../../../../H-x86_64-pc-linux-gnu/nios2-elf/lib/mno-hw-mul/libc.a(lib_a-puts.o)
                              obj/default/hello_world.o (puts)
/home/marco/altera/15.0/nios2eds/bin/gnu/H-x86_64-pc-linux-gnu/bin/../lib/gcc/nios2-elf/4.9.1/../../../../../H-x86_64-pc-linux-gnu/nios2-elf/lib/mno-hw-mul/libc.a(lib_a-strlen.o)
                              /home/marco/altera/15.0/nios2eds/bin/gnu/H-x86_64-pc-linux-gnu/bin/../lib/gcc/nios2-elf/4.9.1/../../../../../H-x86_64-pc-linux-gnu/nios2-elf/lib/mno-hw-mul/libc.a(lib_a-puts.o) (strlen)
/home/marco/altera/15.0/nios2eds/bin/gnu/H-x86_64-pc-linux-gnu/bin/../lib/gcc/nios2-elf/4.9.1/../../../../../H-x86_64-pc-linux-gnu/nios2-elf/lib/mno-hw-mul/libc.a(lib_a-vfprintf.o)
                              /home/marco/altera/15.0/nios2eds/bin/gnu/H-x86_64-pc-linux-gnu/bin/../lib/gcc/nios2-elf/4.9.1/../../../../../H-x86_64-pc-linux-gnu/nios2-elf/lib/mno-hw-mul/libc.a(lib_a-printf.o) (___vfprintf_internal_r)
/home/marco/altera/15.0/nios2eds/bin/gnu/H-x86_64-pc-linux-gnu/bin/../lib/gcc/nios2-elf/4.9.1/../../../../../H-x86_64-pc-linux-gnu/nios2-elf/lib/mno-hw-mul/libc.a(lib_a-wsetup.o)
                              /home/marco/altera/15.0/nios2eds/bin/gnu/H-x86_64-pc-linux-gnu/bin/../lib/gcc/nios2-elf/4.9.1/../../../../../H-x86_64-pc-linux-gnu/nios2-elf/lib/mno-hw-mul/libc.a(lib_a-vfprintf.o) (__swsetup_r)
/home/marco/altera/15.0/nios2eds/bin/gnu/H-x86_64-pc-linux-gnu/bin/../lib/gcc/nios2-elf/4.9.1/../../../../../H-x86_64-pc-linux-gnu/nios2-elf/lib/mno-hw-mul/libc.a(lib_a-dtoa.o)
                              /home/marco/altera/15.0/nios2eds/bin/gnu/H-x86_64-pc-linux-gnu/bin/../lib/gcc/nios2-elf/4.9.1/../../../../../H-x86_64-pc-linux-gnu/nios2-elf/lib/mno-hw-mul/libc.a(lib_a-vfprintf.o) (_dtoa_r)
/home/marco/altera/15.0/nios2eds/bin/gnu/H-x86_64-pc-linux-gnu/bin/../lib/gcc/nios2-elf/4.9.1/../../../../../H-x86_64-pc-linux-gnu/nios2-elf/lib/mno-hw-mul/libc.a(lib_a-fflush.o)
                              /home/marco/altera/15.0/nios2eds/bin/gnu/H-x86_64-pc-linux-gnu/bin/../lib/gcc/nios2-elf/4.9.1/../../../../../H-x86_64-pc-linux-gnu/nios2-elf/lib/mno-hw-mul/libc.a(lib_a-vfprintf.o) (_fflush_r)
/home/marco/altera/15.0/nios2eds/bin/gnu/H-x86_64-pc-linux-gnu/bin/../lib/gcc/nios2-elf/4.9.1/../../../../../H-x86_64-pc-linux-gnu/nios2-elf/lib/mno-hw-mul/libc.a(lib_a-findfp.o)
                              /home/marco/altera/15.0/nios2eds/bin/gnu/H-x86_64-pc-linux-gnu/bin/../lib/gcc/nios2-elf/4.9.1/../../../../../H-x86_64-pc-linux-gnu/nios2-elf/lib/mno-hw-mul/libc.a(lib_a-vfprintf.o) (__sinit)
/home/marco/altera/15.0/nios2eds/bin/gnu/H-x86_64-pc-linux-gnu/bin/../lib/gcc/nios2-elf/4.9.1/../../../../../H-x86_64-pc-linux-gnu/nios2-elf/lib/mno-hw-mul/libc.a(lib_a-freer.o)
                              /home/marco/altera/15.0/nios2eds/bin/gnu/H-x86_64-pc-linux-gnu/bin/../lib/gcc/nios2-elf/4.9.1/../../../../../H-x86_64-pc-linux-gnu/nios2-elf/lib/mno-hw-mul/libc.a(lib_a-wsetup.o) (_free_r)
/home/marco/altera/15.0/nios2eds/bin/gnu/H-x86_64-pc-linux-gnu/bin/../lib/gcc/nios2-elf/4.9.1/../../../../../H-x86_64-pc-linux-gnu/nios2-elf/lib/mno-hw-mul/libc.a(lib_a-fvwrite.o)
                              /home/marco/altera/15.0/nios2eds/bin/gnu/H-x86_64-pc-linux-gnu/bin/../lib/gcc/nios2-elf/4.9.1/../../../../../H-x86_64-pc-linux-gnu/nios2-elf/lib/mno-hw-mul/libc.a(lib_a-puts.o) (__sfvwrite_r)
/home/marco/altera/15.0/nios2eds/bin/gnu/H-x86_64-pc-linux-gnu/bin/../lib/gcc/nios2-elf/4.9.1/../../../../../H-x86_64-pc-linux-gnu/nios2-elf/lib/mno-hw-mul/libc.a(lib_a-fwalk.o)
                              /home/marco/altera/15.0/nios2eds/bin/gnu/H-x86_64-pc-linux-gnu/bin/../lib/gcc/nios2-elf/4.9.1/../../../../../H-x86_64-pc-linux-gnu/nios2-elf/lib/mno-hw-mul/libc.a(lib_a-findfp.o) (_fwalk)
/home/marco/altera/15.0/nios2eds/bin/gnu/H-x86_64-pc-linux-gnu/bin/../lib/gcc/nios2-elf/4.9.1/../../../../../H-x86_64-pc-linux-gnu/nios2-elf/lib/mno-hw-mul/libc.a(lib_a-impure.o)
                              /home/marco/altera/15.0/nios2eds/bin/gnu/H-x86_64-pc-linux-gnu/bin/../lib/gcc/nios2-elf/4.9.1/../../../../../H-x86_64-pc-linux-gnu/nios2-elf/lib/mno-hw-mul/libc.a(lib_a-fflush.o) (_global_impure_ptr)
/home/marco/altera/15.0/nios2eds/bin/gnu/H-x86_64-pc-linux-gnu/bin/../lib/gcc/nios2-elf/4.9.1/../../../../../H-x86_64-pc-linux-gnu/nios2-elf/lib/mno-hw-mul/libc.a(lib_a-locale.o)
[...]
Memory Configuration

Name             Origin             Length             Attributes
onchip_memory2_0 0x0000000000000000 0x000000000000fa30
reset            0x0000000010000000 0x0000000000000020
sdram            0x0000000010000020 0x0000000007ffffe0
*default*        0x0000000000000000 0xffffffffffffffff

Linker script and memory map

LOAD ../HWSECo_bsp//obj/HAL/src/crt0.o
LOAD obj/default/hello_world.o
LOAD /home/marco/altera/15.0/nios2eds/bin/gnu/H-x86_64-pc-linux-gnu/bin/../lib/gcc/nios2-elf/4.9.1/../../../../../H-x86_64-pc-linux-gnu/nios2-elf/lib/mno-hw-mul/libstdc++.a
LOAD /home/marco/altera/15.0/nios2eds/bin/gnu/H-x86_64-pc-linux-gnu/bin/../lib/gcc/nios2-elf/4.9.1/../../../../../H-x86_64-pc-linux-gnu/nios2-elf/lib/mno-hw-mul/libm.a
LOAD /home/marco/altera/15.0/nios2eds/bin/gnu/H-x86_64-pc-linux-gnu/bin/../lib/gcc/nios2-elf/4.9.1/mno-hw-mul/libgcc.a
START GROUP
LOAD /home/marco/altera/15.0/nios2eds/bin/gnu/H-x86_64-pc-linux-gnu/bin/../lib/gcc/nios2-elf/4.9.1/../../../../../H-x86_64-pc-linux-gnu/nios2-elf/lib/mno-hw-mul/libc.a
LOAD /home/marco/altera/15.0/nios2eds/bin/gnu/H-x86_64-pc-linux-gnu/bin/../lib/gcc/nios2-elf/4.9.1/mno-hw-mul/libgcc.a
LOAD ../HWSECo_bsp//libhal_bsp.a
LOAD /home/marco/altera/15.0/nios2eds/bin/gnu/H-x86_64-pc-linux-gnu/bin/../lib/gcc/nios2-elf/4.9.1/../../../../../H-x86_64-pc-linux-gnu/nios2-elf/lib/mno-hw-mul/libm.a
END GROUP
LOAD /home/marco/altera/15.0/nios2eds/bin/gnu/H-x86_64-pc-linux-gnu/bin/../lib/gcc/nios2-elf/4.9.1/mno-hw-mul/libgcc.a
                0x0000000000000000                __alt_mem_onchip_memory2_0 = 0x0
                0x0000000010000000                __alt_mem_sdram = 0x10000000

.entry          0x0000000010000000       0x20
 *(.entry)
 .entry         0x0000000010000000       0x20 ../HWSECo_bsp//obj/HAL/src/crt0.o
                0x0000000010000000                __reset

.exceptions     0x0000000010000020      0x19c
                0x0000000010000020                PROVIDE (__ram_exceptions_start, ABSOLUTE (.))
                0x0000000010000020                . = ALIGN (0x20)
 *(.irq)
 *(.exceptions.entry.label)
 .exceptions.entry.label
                0x0000000010000020        0x0 ../HWSECo_bsp//libhal_bsp.a(alt_irq_entry.o)
                0x0000000010000020                alt_irq_entry
 .exceptions.entry.label
                0x0000000010000020        0x0 ../HWSECo_bsp//libhal_bsp.a(alt_exception_entry.o)
                0x0000000010000020                alt_exception
 *(.exceptions.entry.user)
 *(.exceptions.entry.ecc_fatal)
 *(.exceptions.entry)
 .exceptions.entry
                0x0000000010000020       0x54 ../HWSECo_bsp//libhal_bsp.a(alt_exception_entry.o)
 *(.exceptions.irqtest.user)
 *(.exceptions.irqtest)
 .exceptions.irqtest
                0x0000000010000074       0x10 ../HWSECo_bsp//libhal_bsp.a(alt_irq_entry.o)
 *(.exceptions.irqhandler.user)
 *(.exceptions.irqhandler)
 .exceptions.irqhandler
                0x0000000010000084        0x4 ../HWSECo_bsp//libhal_bsp.a(alt_irq_entry.o)
 *(.exceptions.irqreturn.user)
 *(.exceptions.irqreturn)
 .exceptions.irqreturn
                0x0000000010000088        0x4 ../HWSECo_bsp//libhal_bsp.a(alt_irq_entry.o)
 *(.exceptions.notirq.label)
 .exceptions.notirq.label
                0x000000001000008c        0x0 ../HWSECo_bsp//libhal_bsp.a(alt_irq_entry.o)
 *(.exceptions.notirq.user)
 *(.exceptions.notirq)
 .exceptions.notirq
                0x000000001000008c        0x8 ../HWSECo_bsp//libhal_bsp.a(alt_exception_entry.o)
 *(.exceptions.soft.user)
 *(.exceptions.soft)
 *(.exceptions.unknown.user)
 *(.exceptions.unknown)
 .exceptions.unknown
                0x0000000010000094        0x4 ../HWSECo_bsp//libhal_bsp.a(alt_exception_entry.o)
 *(.exceptions.exit.label)
 .exceptions.exit.label
                0x0000000010000098        0x0 ../HWSECo_bsp//libhal_bsp.a(alt_irq_entry.o)
 .exceptions.exit.label
                0x0000000010000098        0x0 ../HWSECo_bsp//libhal_bsp.a(alt_exception_entry.o)
 *(.exceptions.exit.user)
 *(.exceptions.exit)
 .exceptions.exit
                0x0000000010000098       0x54 ../HWSECo_bsp//libhal_bsp.a(alt_exception_entry.o)
 *(.exceptions)
 .exceptions    0x00000000100000ec       0xd0 ../HWSECo_bsp//libhal_bsp.a(alt_irq_handler.o)
                0x00000000100000ec                alt_irq_handler
                0x00000000100001bc                PROVIDE (__ram_exceptions_end, ABSOLUTE (.))
                0x0000000010000020                PROVIDE (__flash_exceptions_start, LOADADDR (.exceptions))

.text           0x00000000100001bc     0xf39c
                0x00000000100001bc                PROVIDE (stext, ABSOLUTE (.))
 *(.interp)
 *(.hash)
 *(.dynsym)
 *(.dynstr)
 *(.gnu.version)
 *(.gnu.version_d)
 *(.gnu.version_r)
 *(.rel.init)
 *(.rela.init)
 *(.rel.text .rel.text.* .rel.gnu.linkonce.t.*)
 *(.rela.text .rela.text.* .rela.gnu.linkonce.t.*)
 *(.rel.fini)
 *(.rela.fini)
 *(.rel.rodata .rel.rodata.* .rel.gnu.linkonce.r.*)
 *(.rela.rodata .rela.rodata.* .rela.gnu.linkonce.r.*)
 *(.rel.data .rel.data.* .rel.gnu.linkonce.d.*)
 *(.rela.data .rela.data.* .rela.gnu.linkonce.d.*)
 *(.rel.tdata .rel.tdata.* .rel.gnu.linkonce.td.*)
 *(.rela.tdata .rela.tdata.* .rela.gnu.linkonce.td.*)
 *(.rel.tbss .rel.tbss.* .rel.gnu.linkonce.tb.*)
 *(.rela.tbss .rela.tbss.* .rela.gnu.linkonce.tb.*)
 *(.rel.ctors)
 *(.rela.ctors)
 *(.rel.dtors)
 *(.rela.dtors)
 *(.rel.got)
 *(.rela.got)
 *(.rel.sdata .rel.sdata.* .rel.gnu.linkonce.s.*)
 *(.rela.sdata .rela.sdata.* .rela.gnu.linkonce.s.*)
 *(.rel.sbss .rel.sbss.* .rel.gnu.linkonce.sb.*)
 *(.rela.sbss .rela.sbss.* .rela.gnu.linkonce.sb.*)
 *(.rel.sdata2 .rel.sdata2.* .rel.gnu.linkonce.s2.*)
 *(.rela.sdata2 .rela.sdata2.* .rela.gnu.linkonce.s2.*)
 *(.rel.sbss2 .rel.sbss2.* .rel.gnu.linkonce.sb2.*)
 *(.rela.sbss2 .rela.sbss2.* .rela.gnu.linkonce.sb2.*)
 *(.rel.bss .rel.bss.* .rel.gnu.linkonce.b.*)
 *(.rela.bss .rela.bss.* .rela.gnu.linkonce.b.*)
 *(.rel.plt)
 *(.rela.plt)
 *(.rel.dyn)
 *(.init)
 *(.plt)
 *(.text .stub .text.* .gnu.linkonce.t.*)
 .text          0x00000000100001bc       0x3c ../HWSECo_bsp//obj/HAL/src/crt0.o
                0x00000000100001bc                _start
 .text          0x00000000100001f8      0x1bc obj/default/hello_world.o
                0x00000000100001f8                print_bits_impl
                0x0000000010000254                print_bits
                0x000000001000028c                main
 .text          0x00000000100003b4       0x68 /home/marco/altera/15.0/nios2eds/bin/gnu/H-x86_64-pc-linux-gnu/bin/../lib/gcc/nios2-elf/4.9.1/../../../../../H-x86_64-pc-linux-gnu/nios2-elf/lib/mno-hw-mul/libc.a(lib_a-printf.o)
                0x00000000100003b4                _printf_r
                0x00000000100003e0                printf
 .text          0x000000001000041c       0x20 /home/marco/altera/15.0/nios2eds/bin/gnu/H-x86_64-pc-linux-gnu/bin/../lib/gcc/nios2-elf/4.9.1/../../../../../H-x86_64-pc-linux-gnu/nios2-elf/lib/mno-hw-mul/libc.a(lib_a-putchar.o)
                0x000000001000041c                _putchar_r
                0x0000000010000424                putchar
 .text          0x000000001000043c       0xcc /home/marco/altera/15.0/nios2eds/bin/gnu/H-x86_64-pc-linux-gnu/bin/../lib/gcc/nios2-elf/4.9.1/../../../../../H-x86_64-pc-linux-gnu/nios2-elf/lib/mno-hw-mul/libc.a(lib_a-puts.o)
                0x000000001000043c                _puts_r
                0x00000000100004f4                puts
 .text          0x0000000010000508       0x98 /home/marco/altera/15.0/nios2eds/bin/gnu/H-x86_64-pc-linux-gnu/bin/../lib/gcc/nios2-elf/4.9.1/../../../../../H-x86_64-pc-linux-gnu/nios2-elf/lib/mno-hw-mul/libc.a(lib_a-strlen.o)
                0x0000000010000508                strlen
 .text          0x00000000100005a0     0x2120 /home/marco/altera/15.0/nios2eds/bin/gnu/H-x86_64-pc-linux-gnu/bin/../lib/gcc/nios2-elf/4.9.1/../../../../../H-x86_64-pc-linux-gnu/nios2-elf/lib/mno-hw-mul/libc.a(lib_a-vfprintf.o)
                0x00000000100005a0                ___vfprintf_internal_r
                0x000000001000269c                __vfprintf_internal
 .text          0x00000000100026c0      0x130 /home/marco/altera/15.0/nios2eds/bin/gnu/H-x86_64-pc-linux-gnu/bin/../lib/gcc/nios2-elf/4.9.1/../../../../../H-x86_64-pc-linux-gnu/nios2-elf/lib/mno-hw-mul/libc.a(lib_a-wsetup.o)
                0x00000000100026c0                __swsetup_r
 .text          0x00000000100027f0     0x1950 /home/marco/altera/15.0/nios2eds/bin/gnu/H-x86_64-pc-linux-gnu/bin/../lib/gcc/nios2-elf/4.9.1/../../../../../H-x86_64-pc-linux-gnu/nios2-elf/lib/mno-hw-mul/libc.a(lib_a-dtoa.o)
                0x0000000010002a18                _dtoa_r
 .text          0x0000000010004140      0x258 /home/marco/altera/15.0/nios2eds/bin/gnu/H-x86_64-pc-linux-gnu/bin/../lib/gcc/nios2-elf/4.9.1/../../../../../H-x86_64-pc-linux-gnu/nios2-elf/lib/mno-hw-mul/libc.a(lib_a-fflush.o)
                0x0000000010004140                _fflush_r
                0x0000000010004368                fflush
 .text          0x0000000010004398      0x3b4 /home/marco/altera/15.0/nios2eds/bin/gnu/H-x86_64-pc-linux-gnu/bin/../lib/gcc/nios2-elf/4.9.1/../../../../../H-x86_64-pc-linux-gnu/nios2-elf/lib/mno-hw-mul/libc.a(lib_a-findfp.o)
                0x00000000100043a8                _cleanup_r
                0x0000000010004554                __sfmoreglue
                0x00000000100045cc                __sfp
                0x00000000100046e4                _cleanup
                0x00000000100046fc                __sinit
                0x000000001000470c                __sfp_lock_acquire
                0x0000000010004710                __sfp_lock_release
                0x0000000010004714                __sinit_lock_acquire
                0x0000000010004718                __sinit_lock_release
                0x000000001000471c                __fp_lock_all
                0x0000000010004734                __fp_unlock_all
 .text          0x000000001000474c      0x414 /home/marco/altera/15.0/nios2eds/bin/gnu/H-x86_64-pc-linux-gnu/bin/../lib/gcc/nios2-elf/4.9.1/../../../../../H-x86_64-pc-linux-gnu/nios2-elf/lib/mno-hw-mul/libc.a(lib_a-freer.o)
                0x000000001000474c                _malloc_trim_r
                0x0000000010004870                _free_r
 .text          0x0000000010004b60      0x4a4 /home/marco/altera/15.0/nios2eds/bin/gnu/H-x86_64-pc-linux-gnu/bin/../lib/gcc/nios2-elf/4.9.1/../../../../../H-x86_64-pc-linux-gnu/nios2-elf/lib/mno-hw-mul/libc.a(lib_a-fvwrite.o)
                0x0000000010004b60                __sfvwrite_r
 .text          0x0000000010005004      0x170 /home/marco/altera/15.0/nios2eds/bin/gnu/H-x86_64-pc-linux-gnu/bin/../lib/gcc/nios2-elf/4.9.1/../../../../../H-x86_64-pc-linux-gnu/nios2-elf/lib/mno-hw-mul/libc.a(lib_a-fwalk.o)
                0x0000000010005004                _fwalk
                0x00000000100050bc                _fwalk_reent
 .text          0x0000000010005174        0x0 /home/marco/altera/15.0/nios2eds/bin/gnu/H-x86_64-pc-linux-gnu/bin/../lib/gcc/nios2-elf/4.9.1/../../../../../H-x86_64-pc-linux-gnu/nios2-elf/lib/mno-hw-mul/libc.a(lib_a-impure.o)
 .text          0x0000000010005174       0xe0 /home/marco/altera/15.0/nios2eds/bin/gnu/H-x86_64-pc-linux-gnu/bin/../lib/gcc/nios2-elf/4.9.1/../../../../../H-x86_64-pc-linux-gnu/nios2-elf/lib/mno-hw-mul/libc.a(lib_a-locale.o)
                0x0000000010005174                _setlocale_r
                0x00000000100051f0                __locale_charset
                0x00000000100051fc                __locale_mb_cur_max
                0x000000001000520c                __locale_msgcharset
                0x0000000010005218                __locale_cjk_lang
                0x0000000010005220                _localeconv_r
                0x000000001000522c                setlocale
                0x0000000010005248                localeconv
 .text          0x0000000010005254      0x1b8 /home/marco/altera/15.0/nios2eds/bin/gnu/H-x86_64-pc-linux-gnu/bin/../lib/gcc/nios2-elf/4.9.1/../../../../../H-x86_64-pc-linux-gnu/nios2-elf/lib/mno-hw-mul/libc.a(lib_a-makebuf.o)
                0x0000000010005254                __smakebuf_r
 .text          0x000000001000540c      0x7a8 /home/marco/altera/15.0/nios2eds/bin/gnu/H-x86_64-pc-linux-gnu/bin/../lib/gcc/nios2-elf/4.9.1/../../../../../H-x86_64-pc-linux-gnu/nios2-elf/lib/mno-hw-mul/libc.a(lib_a-mallocr.o)
                0x000000001000540c                _malloc_r
 .text          0x0000000010005bb4       0xe8 /home/marco/altera/15.0/nios2eds/bin/gnu/H-x86_64-pc-linux-gnu/bin/../lib/gcc/nios2-elf/4.9.1/../../../../../H-x86_64-pc-linux-gnu/nios2-elf/lib/mno-hw-mul/libc.a(lib_a-memchr.o)
                0x0000000010005bb4                memchr
 .text          0x0000000010005c9c      0x138 /home/marco/altera/15.0/nios2eds/bin/gnu/H-x86_64-pc-linux-gnu/bin/../lib/gcc/nios2-elf/4.9.1/../../../../../H-x86_64-pc-linux-gnu/nios2-elf/lib/mno-hw-mul/libc.a(lib_a-memcpy.o)
                0x0000000010005c9c                memcpy
 .text          0x0000000010005dd4      0x15c /home/marco/altera/15.0/nios2eds/bin/gnu/H-x86_64-pc-linux-gnu/bin/../lib/gcc/nios2-elf/4.9.1/../../../../../H-x86_64-pc-linux-gnu/nios2-elf/lib/mno-hw-mul/libc.a(lib_a-memmove.o)
                0x0000000010005dd4                memmove
 .text          0x0000000010005f30      0x124 /home/marco/altera/15.0/nios2eds/bin/gnu/H-x86_64-pc-linux-gnu/bin/../lib/gcc/nios2-elf/4.9.1/../../../../../H-x86_64-pc-linux-gnu/nios2-elf/lib/mno-hw-mul/libc.a(lib_a-memset.o)
                0x0000000010005f30                memset
 .text          0x0000000010006054     0x1048 /home/marco/altera/15.0/nios2eds/bin/gnu/H-x86_64-pc-linux-gnu/bin/../lib/gcc/nios2-elf/4.9.1/../../../../../H-x86_64-pc-linux-gnu/nios2-elf/lib/mno-hw-mul/libc.a(lib_a-mprec.o)
                0x0000000010006054                _Balloc
                0x00000000100060fc                _Bfree
                0x0000000010006124                __multadd
                0x0000000010006260                __s2b
                0x0000000010006364                __hi0bits
                0x00000000100063cc                __lo0bits
                0x000000001000647c                __i2b
                0x00000000100064b8                __multiply
                0x0000000010006748                __pow5mult
                0x0000000010006888                __lshift
                0x00000000100069d0                __mcmp
                0x0000000010006a30                __mdiff
                0x0000000010006bc8                __ulp
                0x0000000010006c28                __b2d
                0x0000000010006d44                __d2b
                0x0000000010006e80                __ratio
                0x0000000010006f24                _mprec_log10
                0x0000000010006f98                __copybits
                0x0000000010007010                __any_on
 .text          0x000000001000709c      0x168 /home/marco/altera/15.0/nios2eds/bin/gnu/H-x86_64-pc-linux-gnu/bin/../lib/gcc/nios2-elf/4.9.1/../../../../../H-x86_64-pc-linux-gnu/nios2-elf/lib/mno-hw-mul/libc.a(lib_a-putc.o)
                0x000000001000709c                _putc_r
                0x000000001000713c                putc
 .text          0x0000000010007204      0x5a0 /home/marco/altera/15.0/nios2eds/bin/gnu/H-x86_64-pc-linux-gnu/bin/../lib/gcc/nios2-elf/4.9.1/../../../../../H-x86_64-pc-linux-gnu/nios2-elf/lib/mno-hw-mul/libc.a(lib_a-reallocr.o)
                0x0000000010007204                _realloc_r
 .text          0x00000000100077a4       0x74 /home/marco/altera/15.0/nios2eds/bin/gnu/H-x86_64-pc-linux-gnu/bin/../lib/gcc/nios2-elf/4.9.1/../../../../../H-x86_64-pc-linux-gnu/nios2-elf/lib/mno-hw-mul/libc.a(lib_a-s_fpclassify.o)
                0x00000000100077a4                __fpclassifyd
 .text          0x0000000010007818       0x54 /home/marco/altera/15.0/nios2eds/bin/gnu/H-x86_64-pc-linux-gnu/bin/../lib/gcc/nios2-elf/4.9.1/../../../../../H-x86_64-pc-linux-gnu/nios2-elf/lib/mno-hw-mul/libc.a(lib_a-sbrkr.o)
                0x0000000010007818                _sbrk_r
 .text          0x000000001000786c      0x13c /home/marco/altera/15.0/nios2eds/bin/gnu/H-x86_64-pc-linux-gnu/bin/../lib/gcc/nios2-elf/4.9.1/../../../../../H-x86_64-pc-linux-gnu/nios2-elf/lib/mno-hw-mul/libc.a(lib_a-stdio.o)
                0x000000001000786c                __sread
                0x00000000100078c0                __seofread
                0x00000000100078c8                __swrite
                0x0000000010007944                __sseek
                0x00000000100079a0                __sclose
 .text          0x00000000100079a8       0xa4 /home/marco/altera/15.0/nios2eds/bin/gnu/H-x86_64-pc-linux-gnu/bin/../lib/gcc/nios2-elf/4.9.1/../../../../../H-x86_64-pc-linux-gnu/nios2-elf/lib/mno-hw-mul/libc.a(lib_a-strcmp.o)
                0x00000000100079a8                strcmp
 .text          0x0000000010007a4c     0x155c /home/marco/altera/15.0/nios2eds/bin/gnu/H-x86_64-pc-linux-gnu/bin/../lib/gcc/nios2-elf/4.9.1/../../../../../H-x86_64-pc-linux-gnu/nios2-elf/lib/mno-hw-mul/libc.a(lib_a-vfiprintf.o)
                0x0000000010007b48                __sprint_r
                0x0000000010007b60                ___vfiprintf_internal_r
                0x0000000010008f84                __vfiprintf_internal
 .text          0x0000000010008fa8      0x170 /home/marco/altera/15.0/nios2eds/bin/gnu/H-x86_64-pc-linux-gnu/bin/../lib/gcc/nios2-elf/4.9.1/../../../../../H-x86_64-pc-linux-gnu/nios2-elf/lib/mno-hw-mul/libc.a(lib_a-wbuf.o)
                0x0000000010008fa8                __swbuf_r
                0x00000000100090fc                __swbuf
 .text          0x0000000010009118       0x5c /home/marco/altera/15.0/nios2eds/bin/gnu/H-x86_64-pc-linux-gnu/bin/../lib/gcc/nios2-elf/4.9.1/../../../../../H-x86_64-pc-linux-gnu/nios2-elf/lib/mno-hw-mul/libc.a(lib_a-writer.o)
                0x0000000010009118                _write_r
 .text          0x0000000010009174       0x54 /home/marco/altera/15.0/nios2eds/bin/gnu/H-x86_64-pc-linux-gnu/bin/../lib/gcc/nios2-elf/4.9.1/../../../../../H-x86_64-pc-linux-gnu/nios2-elf/lib/mno-hw-mul/libc.a(closer.o)
                0x0000000010009174                _close_r
 .text          0x00000000100091c8       0xd8 /home/marco/altera/15.0/nios2eds/bin/gnu/H-x86_64-pc-linux-gnu/bin/../lib/gcc/nios2-elf/4.9.1/../../../../../H-x86_64-pc-linux-gnu/nios2-elf/lib/mno-hw-mul/libc.a(lib_a-callocr.o)
                0x00000000100091c8                _calloc_r
 .text          0x00000000100092a0      0x114 /home/marco/altera/15.0/nios2eds/bin/gnu/H-x86_64-pc-linux-gnu/bin/../lib/gcc/nios2-elf/4.9.1/../../../../../H-x86_64-pc-linux-gnu/nios2-elf/lib/mno-hw-mul/libc.a(lib_a-fclose.o)
                0x00000000100092a0                _fclose_r
                0x00000000100093a0                fclose
 .text          0x00000000100093b4      0x1dc /home/marco/altera/15.0/nios2eds/bin/gnu/H-x86_64-pc-linux-gnu/bin/../lib/gcc/nios2-elf/4.9.1/../../../../../H-x86_64-pc-linux-gnu/nios2-elf/lib/mno-hw-mul/libc.a(lib_a-fputwc.o)
                0x00000000100093b4                _fputwc_r
                0x0000000010009538                fputwc
 .text          0x0000000010009590       0x58 /home/marco/altera/15.0/nios2eds/bin/gnu/H-x86_64-pc-linux-gnu/bin/../lib/gcc/nios2-elf/4.9.1/../../../../../H-x86_64-pc-linux-gnu/nios2-elf/lib/mno-hw-mul/libc.a(lib_a-fstatr.o)
                0x0000000010009590                _fstat_r
 .text          0x00000000100095e8        0x0 /home/marco/altera/15.0/nios2eds/bin/gnu/H-x86_64-pc-linux-gnu/bin/../lib/gcc/nios2-elf/4.9.1/../../../../../H-x86_64-pc-linux-gnu/nios2-elf/lib/mno-hw-mul/libc.a(lib_a-int_errno.o)
 .text          0x00000000100095e8       0x54 /home/marco/altera/15.0/nios2eds/bin/gnu/H-x86_64-pc-linux-gnu/bin/../lib/gcc/nios2-elf/4.9.1/../../../../../H-x86_64-pc-linux-gnu/nios2-elf/lib/mno-hw-mul/libc.a(lib_a-isattyr.o)
                0x00000000100095e8                _isatty_r
 .text          0x000000001000963c       0x5c /home/marco/altera/15.0/nios2eds/bin/gnu/H-x86_64-pc-linux-gnu/bin/../lib/gcc/nios2-elf/4.9.1/../../../../../H-x86_64-pc-linux-gnu/nios2-elf/lib/mno-hw-mul/libc.a(lib_a-lseekr.o)
                0x000000001000963c                _lseek_r
 .text          0x0000000010009698       0x5c /home/marco/altera/15.0/nios2eds/bin/gnu/H-x86_64-pc-linux-gnu/bin/../lib/gcc/nios2-elf/4.9.1/../../../../../H-x86_64-pc-linux-gnu/nios2-elf/lib/mno-hw-mul/libc.a(lib_a-readr.o)
                0x0000000010009698                _read_r
 .text          0x00000000100096f4      0x174 /home/marco/altera/15.0/nios2eds/bin/gnu/H-x86_64-pc-linux-gnu/bin/../lib/gcc/nios2-elf/4.9.1/../../../../../H-x86_64-pc-linux-gnu/nios2-elf/lib/mno-hw-mul/libc.a(lib_a-wcrtomb.o)
                0x00000000100096f4                _wcrtomb_r
                0x0000000010009790                wcrtomb
 .text          0x0000000010009868       0x8c /home/marco/altera/15.0/nios2eds/bin/gnu/H-x86_64-pc-linux-gnu/bin/../lib/gcc/nios2-elf/4.9.1/../../../../../H-x86_64-pc-linux-gnu/nios2-elf/lib/mno-hw-mul/libc.a(lib_a-wctomb_r.o)
                0x0000000010009868                __ascii_wctomb
                0x0000000010009898                _wctomb_r
 .text          0x00000000100098f4      0x640 /home/marco/altera/15.0/nios2eds/bin/gnu/H-x86_64-pc-linux-gnu/bin/../lib/gcc/nios2-elf/4.9.1/mno-hw-mul/libgcc.a(_udivdi3.o)
                0x00000000100098f4                __udivdi3
 .text          0x0000000010009f34      0x61c /home/marco/altera/15.0/nios2eds/bin/gnu/H-x86_64-pc-linux-gnu/bin/../lib/gcc/nios2-elf/4.9.1/mno-hw-mul/libgcc.a(_umoddi3.o)
                0x0000000010009f34                __umoddi3
 .text          0x000000001000a550      0x12c /home/marco/altera/15.0/nios2eds/bin/gnu/H-x86_64-pc-linux-gnu/bin/../lib/gcc/nios2-elf/4.9.1/mno-hw-mul/libgcc.a(lib2-divmod.o)
                0x000000001000a5bc                __divsi3
                0x000000001000a610                __modsi3
                0x000000001000a66c                __udivsi3
                0x000000001000a674                __umodsi3
 .text          0x000000001000a67c       0x28 /home/marco/altera/15.0/nios2eds/bin/gnu/H-x86_64-pc-linux-gnu/bin/../lib/gcc/nios2-elf/4.9.1/mno-hw-mul/libgcc.a(lib2-mul.o)
                0x000000001000a67c                __mulsi3
 .text          0x000000001000a6a4      0x89c /home/marco/altera/15.0/nios2eds/bin/gnu/H-x86_64-pc-linux-gnu/bin/../lib/gcc/nios2-elf/4.9.1/mno-hw-mul/libgcc.a(adddf3.o)
                0x000000001000a6a4                __adddf3
 .text          0x000000001000af40      0x980 /home/marco/altera/15.0/nios2eds/bin/gnu/H-x86_64-pc-linux-gnu/bin/../lib/gcc/nios2-elf/4.9.1/mno-hw-mul/libgcc.a(divdf3.o)
                0x000000001000af40                __divdf3
 .text          0x000000001000b8c0       0x84 /home/marco/altera/15.0/nios2eds/bin/gnu/H-x86_64-pc-linux-gnu/bin/../lib/gcc/nios2-elf/4.9.1/mno-hw-mul/libgcc.a(eqdf2.o)
                0x000000001000b8c0                __eqdf2
                0x000000001000b8c0                __nedf2
 .text          0x000000001000b944       0xe0 /home/marco/altera/15.0/nios2eds/bin/gnu/H-x86_64-pc-linux-gnu/bin/../lib/gcc/nios2-elf/4.9.1/mno-hw-mul/libgcc.a(gedf2.o)
                0x000000001000b944                __gtdf2
                0x000000001000b944                __gedf2
 .text          0x000000001000ba24       0xe0 /home/marco/altera/15.0/nios2eds/bin/gnu/H-x86_64-pc-linux-gnu/bin/../lib/gcc/nios2-elf/4.9.1/mno-hw-mul/libgcc.a(ledf2.o)
                0x000000001000ba24                __ltdf2
                0x000000001000ba24                __ledf2
 .text          0x000000001000bb04      0x86c /home/marco/altera/15.0/nios2eds/bin/gnu/H-x86_64-pc-linux-gnu/bin/../lib/gcc/nios2-elf/4.9.1/mno-hw-mul/libgcc.a(muldf3.o)
                0x000000001000bb04                __muldf3
 .text          0x000000001000c370      0x8d0 /home/marco/altera/15.0/nios2eds/bin/gnu/H-x86_64-pc-linux-gnu/bin/../lib/gcc/nios2-elf/4.9.1/mno-hw-mul/libgcc.a(subdf3.o)
                0x000000001000c370                __subdf3
 .text          0x000000001000cc40       0x88 /home/marco/altera/15.0/nios2eds/bin/gnu/H-x86_64-pc-linux-gnu/bin/../lib/gcc/nios2-elf/4.9.1/mno-hw-mul/libgcc.a(fixdfsi.o)
                0x000000001000cc40                __fixdfsi
 .text          0x000000001000ccc8       0xd0 /home/marco/altera/15.0/nios2eds/bin/gnu/H-x86_64-pc-linux-gnu/bin/../lib/gcc/nios2-elf/4.9.1/mno-hw-mul/libgcc.a(floatsidf.o)
                0x000000001000ccc8                __floatsidf
 .text          0x000000001000cd98       0xa4 /home/marco/altera/15.0/nios2eds/bin/gnu/H-x86_64-pc-linux-gnu/bin/../lib/gcc/nios2-elf/4.9.1/mno-hw-mul/libgcc.a(floatunsidf.o)
                0x000000001000cd98                __floatunsidf
 .text          0x000000001000ce3c        0x0 /home/marco/altera/15.0/nios2eds/bin/gnu/H-x86_64-pc-linux-gnu/bin/../lib/gcc/nios2-elf/4.9.1/mno-hw-mul/libgcc.a(_clz.o)
 .text          0x000000001000ce3c       0x64 /home/marco/altera/15.0/nios2eds/bin/gnu/H-x86_64-pc-linux-gnu/bin/../lib/gcc/nios2-elf/4.9.1/mno-hw-mul/libgcc.a(_clzsi2.o)
                0x000000001000ce3c                __clzsi2
 .text          0x000000001000cea0      0x128 ../HWSECo_bsp//libhal_bsp.a(alt_close.o)
                0x000000001000cef0                close
 .text          0x000000001000cfc8       0x2c ../HWSECo_bsp//libhal_bsp.a(alt_dev.o)
 .text          0x000000001000cff4        0x0 ../HWSECo_bsp//libhal_bsp.a(alt_errno.o)
 .text          0x000000001000cff4      0x108 ../HWSECo_bsp//libhal_bsp.a(alt_fstat.o)
                0x000000001000d044                fstat
 .text          0x000000001000d0fc       0xfc ../HWSECo_bsp//libhal_bsp.a(alt_isatty.o)
                0x000000001000d14c                isatty
 .text          0x000000001000d1f8       0xe4 ../HWSECo_bsp//libhal_bsp.a(alt_load.o)
                0x000000001000d25c                alt_load
 .text          0x000000001000d2dc      0x12c ../HWSECo_bsp//libhal_bsp.a(alt_lseek.o)
                0x000000001000d32c                lseek
 .text          0x000000001000d408       0x78 ../HWSECo_bsp//libhal_bsp.a(alt_main.o)
                0x000000001000d408                alt_main
 .text          0x000000001000d480       0x40 ../HWSECo_bsp//libhal_bsp.a(alt_malloc_lock.o)
                0x000000001000d480                __malloc_lock
                0x000000001000d4a0                __malloc_unlock
 .text          0x000000001000d4c0      0x154 ../HWSECo_bsp//libhal_bsp.a(alt_read.o)
                0x000000001000d510                read
 .text          0x000000001000d614       0x80 ../HWSECo_bsp//libhal_bsp.a(alt_release_fd.o)
                0x000000001000d614                alt_release_fd
 .text          0x000000001000d694       0xb0 ../HWSECo_bsp//libhal_bsp.a(alt_sbrk.o)
                0x000000001000d694                sbrk
 .text          0x000000001000d744      0x150 ../HWSECo_bsp//libhal_bsp.a(alt_write.o)
                0x000000001000d794                write
 .text          0x000000001000d894       0xb0 ../HWSECo_bsp//libhal_bsp.a(alt_sys_init.o)
                0x000000001000d8cc                alt_irq_init
                0x000000001000d900                alt_sys_init
 .text          0x000000001000d944      0x164 ../HWSECo_bsp//libhal_bsp.a(altera_avalon_jtag_uart_fd.o)
                0x000000001000d944                altera_avalon_jtag_uart_read_fd
                0x000000001000d9a4                altera_avalon_jtag_uart_write_fd
                0x000000001000da04                altera_avalon_jtag_uart_close_fd
                0x000000001000da54                altera_avalon_jtag_uart_ioctl_fd
 .text          0x000000001000daa8      0x3d8 ../HWSECo_bsp//libhal_bsp.a(altera_avalon_jtag_uart_init.o)
                0x000000001000daa8                altera_avalon_jtag_uart_init
                0x000000001000de18                altera_avalon_jtag_uart_close
 .text          0x000000001000de80       0xec ../HWSECo_bsp//libhal_bsp.a(altera_avalon_jtag_uart_ioctl.o)
                0x000000001000de80                altera_avalon_jtag_uart_ioctl
 .text          0x000000001000df6c      0x20c ../HWSECo_bsp//libhal_bsp.a(altera_avalon_jtag_uart_read.o)
                0x000000001000df6c                altera_avalon_jtag_uart_read
 .text          0x000000001000e178      0x218 ../HWSECo_bsp//libhal_bsp.a(altera_avalon_jtag_uart_write.o)
                0x000000001000e178                altera_avalon_jtag_uart_write
 .text          0x000000001000e390      0x140 ../HWSECo_bsp//libhal_bsp.a(alt_alarm_start.o)
                0x000000001000e390                alt_alarm_start
 .text          0x000000001000e4d0       0x1c ../HWSECo_bsp//libhal_bsp.a(alt_dcache_flush_all.o)
                0x000000001000e4d0                alt_dcache_flush_all
 .text          0x000000001000e4ec       0xf4 ../HWSECo_bsp//libhal_bsp.a(alt_dev_llist_insert.o)
                0x000000001000e53c                alt_dev_llist_insert
 .text          0x000000001000e5e0       0x5c ../HWSECo_bsp//libhal_bsp.a(alt_do_ctors.o)
                0x000000001000e5e0                _do_ctors
 .text          0x000000001000e63c       0x5c ../HWSECo_bsp//libhal_bsp.a(alt_do_dtors.o)
                0x000000001000e63c                _do_dtors
 .text          0x000000001000e698       0x1c ../HWSECo_bsp//libhal_bsp.a(alt_icache_flush_all.o)
                0x000000001000e698                alt_icache_flush_all
 .text          0x000000001000e6b4      0x1e0 ../HWSECo_bsp//libhal_bsp.a(alt_iic.o)
                0x000000001000e6b4                alt_ic_isr_register
                0x000000001000e704                alt_ic_irq_enable
                0x000000001000e7a4                alt_ic_irq_disable
                0x000000001000e848                alt_ic_irq_enabled
 .text          0x000000001000e894       0xf0 ../HWSECo_bsp//libhal_bsp.a(alt_iic_isr_register.o)
                0x000000001000e894                alt_iic_isr_register
 .text          0x000000001000e984      0x158 ../HWSECo_bsp//libhal_bsp.a(alt_io_redirect.o)
                0x000000001000ea64                alt_io_redirect
 .text          0x000000001000eadc        0x0 ../HWSECo_bsp//libhal_bsp.a(alt_irq_entry.o)
 .text          0x000000001000eadc        0x0 ../HWSECo_bsp//libhal_bsp.a(alt_irq_handler.o)
 .text          0x000000001000eadc        0x0 ../HWSECo_bsp//libhal_bsp.a(alt_irq_vars.o)
 .text          0x000000001000eadc      0x2a4 ../HWSECo_bsp//libhal_bsp.a(alt_open.o)
                0x000000001000ec20                open
 .text          0x000000001000ed80      0x19c ../HWSECo_bsp//libhal_bsp.a(alt_tick.o)
                0x000000001000ed80                alt_alarm_stop
                0x000000001000ee18                alt_tick
 .text          0x000000001000ef1c       0x20 ../HWSECo_bsp//libhal_bsp.a(altera_nios2_qsys_irq.o)
                0x000000001000ef1c                altera_nios2_qsys_irq_init
 .text          0x000000001000ef3c        0x0 ../HWSECo_bsp//libhal_bsp.a(alt_exception_entry.o)
 .text          0x000000001000ef3c       0x90 ../HWSECo_bsp//libhal_bsp.a(alt_find_dev.o)
                0x000000001000ef3c                alt_find_dev
 .text          0x000000001000efcc      0x114 ../HWSECo_bsp//libhal_bsp.a(alt_find_file.o)
                0x000000001000efcc                alt_find_file
 .text          0x000000001000f0e0       0xd4 ../HWSECo_bsp//libhal_bsp.a(alt_get_fd.o)
                0x000000001000f0e0                alt_get_fd
 .text          0x000000001000f1b4       0x14 /home/marco/altera/15.0/nios2eds/bin/gnu/H-x86_64-pc-linux-gnu/bin/../lib/gcc/nios2-elf/4.9.1/../../../../../H-x86_64-pc-linux-gnu/nios2-elf/lib/mno-hw-mul/libc.a(lib_a-atexit.o)
                0x000000001000f1b4                atexit
 .text          0x000000001000f1c8       0x38 /home/marco/altera/15.0/nios2eds/bin/gnu/H-x86_64-pc-linux-gnu/bin/../lib/gcc/nios2-elf/4.9.1/../../../../../H-x86_64-pc-linux-gnu/nios2-elf/lib/mno-hw-mul/libc.a(lib_a-exit.o)
                0x000000001000f1c8                exit
 .text          0x000000001000f200       0x7c /home/marco/altera/15.0/nios2eds/bin/gnu/H-x86_64-pc-linux-gnu/bin/../lib/gcc/nios2-elf/4.9.1/../../../../../H-x86_64-pc-linux-gnu/nios2-elf/lib/mno-hw-mul/libc.a(lib_a-memcmp.o)
                0x000000001000f200                memcmp
 .text          0x000000001000f27c      0x114 /home/marco/altera/15.0/nios2eds/bin/gnu/H-x86_64-pc-linux-gnu/bin/../lib/gcc/nios2-elf/4.9.1/../../../../../H-x86_64-pc-linux-gnu/nios2-elf/lib/mno-hw-mul/libc.a(lib_a-__atexit.o)
                0x000000001000f27c                __register_exitproc
 .text          0x000000001000f390      0x194 /home/marco/altera/15.0/nios2eds/bin/gnu/H-x86_64-pc-linux-gnu/bin/../lib/gcc/nios2-elf/4.9.1/../../../../../H-x86_64-pc-linux-gnu/nios2-elf/lib/mno-hw-mul/libc.a(lib_a-__call_atexit.o)
                0x000000001000f390                __call_exitprocs
 .text          0x000000001000f524       0x34 ../HWSECo_bsp//libhal_bsp.a(alt_exit.o)
                0x000000001000f524                _exit
 *(.gnu.warning.*)
 *(.fini)
                0x000000001000f558                PROVIDE (__etext, ABSOLUTE (.))
                0x000000001000f558                PROVIDE (_etext, ABSOLUTE (.))
                0x000000001000f558                PROVIDE (etext, ABSOLUTE (.))
 *(.eh_frame_hdr)
                0x000000001000f558                . = ALIGN (0x4)
                0x000000001000f558                PROVIDE (__preinit_array_start, ABSOLUTE (.))
 *(.preinit_array)
                0x000000001000f558                PROVIDE (__preinit_array_end, ABSOLUTE (.))
                0x000000001000f558                PROVIDE (__init_array_start, ABSOLUTE (.))
 *(.init_array)
                0x000000001000f558                PROVIDE (__init_array_end, ABSOLUTE (.))
                0x000000001000f558                PROVIDE (__fini_array_start, ABSOLUTE (.))
 *(.fini_array)
                0x000000001000f558                PROVIDE (__fini_array_end, ABSOLUTE (.))
 *(.eh_frame)
 *(.gcc_except_table .gcc_except_table.*)
 *(.dynamic)
                0x000000001000f558                PROVIDE (__CTOR_LIST__, ABSOLUTE (.))
 *(.ctors)
 *(SORT(.ctors.*))
                0x000000001000f558                PROVIDE (__CTOR_END__, ABSOLUTE (.))
                0x000000001000f558                PROVIDE (__DTOR_LIST__, ABSOLUTE (.))
 *(.dtors)
 *(SORT(.dtors.*))
                0x000000001000f558                PROVIDE (__DTOR_END__, ABSOLUTE (.))
 *(.jcr)
                0x000000001000f558                . = ALIGN (0x4)

.rodata         0x000000001000f558      0x370
                0x000000001000f558                PROVIDE (__ram_rodata_start, ABSOLUTE (.))
                0x000000001000f558                . = ALIGN (0x4)
 *(.rodata .rodata.* .gnu.linkonce.r.*)
 .rodata        0x000000001000f558       0x70 obj/default/hello_world.o
 .rodata.str1.4
                0x000000001000f5c8        0x2 /home/marco/altera/15.0/nios2eds/bin/gnu/H-x86_64-pc-linux-gnu/bin/../lib/gcc/nios2-elf/4.9.1/../../../../../H-x86_64-pc-linux-gnu/nios2-elf/lib/mno-hw-mul/libc.a(lib_a-puts.o)
                                          0x4 (size before relaxing)
 *fill*         0x000000001000f5ca        0x2 
 .rodata.str1.4
                0x000000001000f5cc       0x42 /home/marco/altera/15.0/nios2eds/bin/gnu/H-x86_64-pc-linux-gnu/bin/../lib/gcc/nios2-elf/4.9.1/../../../../../H-x86_64-pc-linux-gnu/nios2-elf/lib/mno-hw-mul/libc.a(lib_a-vfprintf.o)
                                         0x44 (size before relaxing)
 .rodata        0x000000001000f60e       0x20 /home/marco/altera/15.0/nios2eds/bin/gnu/H-x86_64-pc-linux-gnu/bin/../lib/gcc/nios2-elf/4.9.1/../../../../../H-x86_64-pc-linux-gnu/nios2-elf/lib/mno-hw-mul/libc.a(lib_a-vfprintf.o)
 *fill*         0x000000001000f62e        0x2 
 .rodata.str1.4
                0x000000001000f630       0x10 /home/marco/altera/15.0/nios2eds/bin/gnu/H-x86_64-pc-linux-gnu/bin/../lib/gcc/nios2-elf/4.9.1/../../../../../H-x86_64-pc-linux-gnu/nios2-elf/lib/mno-hw-mul/libc.a(lib_a-dtoa.o)
                                         0x14 (size before relaxing)
 .rodata.str1.4
                0x000000001000f640        0x2 /home/marco/altera/15.0/nios2eds/bin/gnu/H-x86_64-pc-linux-gnu/bin/../lib/gcc/nios2-elf/4.9.1/../../../../../H-x86_64-pc-linux-gnu/nios2-elf/lib/mno-hw-mul/libc.a(lib_a-impure.o)
                                          0x4 (size before relaxing)
 *fill*         0x000000001000f642        0x2 
 .rodata.str1.4
                0x000000001000f644        0xc /home/marco/altera/15.0/nios2eds/bin/gnu/H-x86_64-pc-linux-gnu/bin/../lib/gcc/nios2-elf/4.9.1/../../../../../H-x86_64-pc-linux-gnu/nios2-elf/lib/mno-hw-mul/libc.a(lib_a-locale.o)
                                         0x14 (size before relaxing)
 .rodata        0x000000001000f650      0x124 /home/marco/altera/15.0/nios2eds/bin/gnu/H-x86_64-pc-linux-gnu/bin/../lib/gcc/nios2-elf/4.9.1/../../../../../H-x86_64-pc-linux-gnu/nios2-elf/lib/mno-hw-mul/libc.a(lib_a-mprec.o)
                0x000000001000f65c                __mprec_tinytens
                0x000000001000f684                __mprec_bigtens
                0x000000001000f6ac                __mprec_tens
 .rodata.str1.4
                0x0000000000000000       0x30 /home/marco/altera/15.0/nios2eds/bin/gnu/H-x86_64-pc-linux-gnu/bin/../lib/gcc/nios2-elf/4.9.1/../../../../../H-x86_64-pc-linux-gnu/nios2-elf/lib/mno-hw-mul/libc.a(lib_a-vfiprintf.o)
 .rodata        0x000000001000f774       0x20 /home/marco/altera/15.0/nios2eds/bin/gnu/H-x86_64-pc-linux-gnu/bin/../lib/gcc/nios2-elf/4.9.1/../../../../../H-x86_64-pc-linux-gnu/nios2-elf/lib/mno-hw-mul/libc.a(lib_a-vfiprintf.o)
 .rodata        0x000000001000f794      0x100 /home/marco/altera/15.0/nios2eds/bin/gnu/H-x86_64-pc-linux-gnu/bin/../lib/gcc/nios2-elf/4.9.1/mno-hw-mul/libgcc.a(_clz.o)
                0x000000001000f794                __clz_tab
 .rodata        0x000000001000f894        0xc ../HWSECo_bsp//libhal_bsp.a(alt_dev.o)
 .rodata        0x000000001000f8a0       0x14 ../HWSECo_bsp//libhal_bsp.a(alt_main.o)
 .rodata        0x000000001000f8b4       0x14 ../HWSECo_bsp//libhal_bsp.a(alt_sys_init.o)
 *(.rodata1)
                0x000000001000f8c8                . = ALIGN (0x4)
                0x000000001000f8c8                PROVIDE (__ram_rodata_end, ABSOLUTE (.))
                0x000000001000f558                PROVIDE (__flash_rodata_start, LOADADDR (.rodata))

.rwdata         0x000000001000f8c8     0x1af4 load address 0x00000000100113bc
                0x000000001000f8c8                PROVIDE (__ram_rwdata_start, ABSOLUTE (.))
                0x000000001000f8c8                . = ALIGN (0x4)
 *(.got.plt)
 *(.got)
 *(.data1)
 *(.data .data.* .gnu.linkonce.d.*)
 .data          0x000000001000f8c8        0x0 ../HWSECo_bsp//obj/HAL/src/crt0.o
 .data          0x000000001000f8c8        0x0 obj/default/hello_world.o
 .data          0x000000001000f8c8        0x0 /home/marco/altera/15.0/nios2eds/bin/gnu/H-x86_64-pc-linux-gnu/bin/../lib/gcc/nios2-elf/4.9.1/../../../../../H-x86_64-pc-linux-gnu/nios2-elf/lib/mno-hw-mul/libc.a(lib_a-printf.o)
 .data          0x000000001000f8c8        0x0 /home/marco/altera/15.0/nios2eds/bin/gnu/H-x86_64-pc-linux-gnu/bin/../lib/gcc/nios2-elf/4.9.1/../../../../../H-x86_64-pc-linux-gnu/nios2-elf/lib/mno-hw-mul/libc.a(lib_a-putchar.o)
 .data          0x000000001000f8c8        0x0 /home/marco/altera/15.0/nios2eds/bin/gnu/H-x86_64-pc-linux-gnu/bin/../lib/gcc/nios2-elf/4.9.1/../../../../../H-x86_64-pc-linux-gnu/nios2-elf/lib/mno-hw-mul/libc.a(lib_a-puts.o)
 .data          0x000000001000f8c8        0x0 /home/marco/altera/15.0/nios2eds/bin/gnu/H-x86_64-pc-linux-gnu/bin/../lib/gcc/nios2-elf/4.9.1/../../../../../H-x86_64-pc-linux-gnu/nios2-elf/lib/mno-hw-mul/libc.a(lib_a-strlen.o)
 .data          0x000000001000f8c8        0x0 /home/marco/altera/15.0/nios2eds/bin/gnu/H-x86_64-pc-linux-gnu/bin/../lib/gcc/nios2-elf/4.9.1/../../../../../H-x86_64-pc-linux-gnu/nios2-elf/lib/mno-hw-mul/libc.a(lib_a-vfprintf.o)
 .data          0x000000001000f8c8        0x0 /home/marco/altera/15.0/nios2eds/bin/gnu/H-x86_64-pc-linux-gnu/bin/../lib/gcc/nios2-elf/4.9.1/../../../../../H-x86_64-pc-linux-gnu/nios2-elf/lib/mno-hw-mul/libc.a(lib_a-wsetup.o)
 .data          0x000000001000f8c8        0x0 /home/marco/altera/15.0/nios2eds/bin/gnu/H-x86_64-pc-linux-gnu/bin/../lib/gcc/nios2-elf/4.9.1/../../../../../H-x86_64-pc-linux-gnu/nios2-elf/lib/mno-hw-mul/libc.a(lib_a-dtoa.o)
 .data          0x000000001000f8c8        0x0 /home/marco/altera/15.0/nios2eds/bin/gnu/H-x86_64-pc-linux-gnu/bin/../lib/gcc/nios2-elf/4.9.1/../../../../../H-x86_64-pc-linux-gnu/nios2-elf/lib/mno-hw-mul/libc.a(lib_a-fflush.o)
 .data          0x000000001000f8c8        0x0 /home/marco/altera/15.0/nios2eds/bin/gnu/H-x86_64-pc-linux-gnu/bin/../lib/gcc/nios2-elf/4.9.1/../../../../../H-x86_64-pc-linux-gnu/nios2-elf/lib/mno-hw-mul/libc.a(lib_a-findfp.o)
 .data          0x000000001000f8c8        0x0 /home/marco/altera/15.0/nios2eds/bin/gnu/H-x86_64-pc-linux-gnu/bin/../lib/gcc/nios2-elf/4.9.1/../../../../../H-x86_64-pc-linux-gnu/nios2-elf/lib/mno-hw-mul/libc.a(lib_a-freer.o)
 .data          0x000000001000f8c8        0x0 /home/marco/altera/15.0/nios2eds/bin/gnu/H-x86_64-pc-linux-gnu/bin/../lib/gcc/nios2-elf/4.9.1/../../../../../H-x86_64-pc-linux-gnu/nios2-elf/lib/mno-hw-mul/libc.a(lib_a-fvwrite.o)
 .data          0x000000001000f8c8        0x0 /home/marco/altera/15.0/nios2eds/bin/gnu/H-x86_64-pc-linux-gnu/bin/../lib/gcc/nios2-elf/4.9.1/../../../../../H-x86_64-pc-linux-gnu/nios2-elf/lib/mno-hw-mul/libc.a(lib_a-fwalk.o)
 .data          0x000000001000f8c8      0x424 /home/marco/altera/15.0/nios2eds/bin/gnu/H-x86_64-pc-linux-gnu/bin/../lib/gcc/nios2-elf/4.9.1/../../../../../H-x86_64-pc-linux-gnu/nios2-elf/lib/mno-hw-mul/libc.a(lib_a-impure.o)
 .data          0x000000001000fcec       0x78 /home/marco/altera/15.0/nios2eds/bin/gnu/H-x86_64-pc-linux-gnu/bin/../lib/gcc/nios2-elf/4.9.1/../../../../../H-x86_64-pc-linux-gnu/nios2-elf/lib/mno-hw-mul/libc.a(lib_a-locale.o)
 .data          0x000000001000fd64        0x0 /home/marco/altera/15.0/nios2eds/bin/gnu/H-x86_64-pc-linux-gnu/bin/../lib/gcc/nios2-elf/4.9.1/../../../../../H-x86_64-pc-linux-gnu/nios2-elf/lib/mno-hw-mul/libc.a(lib_a-makebuf.o)
 .data          0x000000001000fd64      0x408 /home/marco/altera/15.0/nios2eds/bin/gnu/H-x86_64-pc-linux-gnu/bin/../lib/gcc/nios2-elf/4.9.1/../../../../../H-x86_64-pc-linux-gnu/nios2-elf/lib/mno-hw-mul/libc.a(lib_a-mallocr.o)
                0x000000001000fd64                __malloc_av_
 .data          0x000000001001016c        0x0 /home/marco/altera/15.0/nios2eds/bin/gnu/H-x86_64-pc-linux-gnu/bin/../lib/gcc/nios2-elf/4.9.1/../../../../../H-x86_64-pc-linux-gnu/nios2-elf/lib/mno-hw-mul/libc.a(lib_a-memchr.o)
 .data          0x000000001001016c        0x0 /home/marco/altera/15.0/nios2eds/bin/gnu/H-x86_64-pc-linux-gnu/bin/../lib/gcc/nios2-elf/4.9.1/../../../../../H-x86_64-pc-linux-gnu/nios2-elf/lib/mno-hw-mul/libc.a(lib_a-memcpy.o)
 .data          0x000000001001016c        0x0 /home/marco/altera/15.0/nios2eds/bin/gnu/H-x86_64-pc-linux-gnu/bin/../lib/gcc/nios2-elf/4.9.1/../../../../../H-x86_64-pc-linux-gnu/nios2-elf/lib/mno-hw-mul/libc.a(lib_a-memmove.o)
 .data          0x000000001001016c        0x0 /home/marco/altera/15.0/nios2eds/bin/gnu/H-x86_64-pc-linux-gnu/bin/../lib/gcc/nios2-elf/4.9.1/../../../../../H-x86_64-pc-linux-gnu/nios2-elf/lib/mno-hw-mul/libc.a(lib_a-memset.o)
 .data          0x000000001001016c        0x0 /home/marco/altera/15.0/nios2eds/bin/gnu/H-x86_64-pc-linux-gnu/bin/../lib/gcc/nios2-elf/4.9.1/../../../../../H-x86_64-pc-linux-gnu/nios2-elf/lib/mno-hw-mul/libc.a(lib_a-mprec.o)
 .data          0x000000001001016c        0x0 /home/marco/altera/15.0/nios2eds/bin/gnu/H-x86_64-pc-linux-gnu/bin/../lib/gcc/nios2-elf/4.9.1/../../../../../H-x86_64-pc-linux-gnu/nios2-elf/lib/mno-hw-mul/libc.a(lib_a-putc.o)
 .data          0x000000001001016c        0x0 /home/marco/altera/15.0/nios2eds/bin/gnu/H-x86_64-pc-linux-gnu/bin/../lib/gcc/nios2-elf/4.9.1/../../../../../H-x86_64-pc-linux-gnu/nios2-elf/lib/mno-hw-mul/libc.a(lib_a-reallocr.o)
 .data          0x000000001001016c        0x0 /home/marco/altera/15.0/nios2eds/bin/gnu/H-x86_64-pc-linux-gnu/bin/../lib/gcc/nios2-elf/4.9.1/../../../../../H-x86_64-pc-linux-gnu/nios2-elf/lib/mno-hw-mul/libc.a(lib_a-s_fpclassify.o)
 .data          0x000000001001016c        0x0 /home/marco/altera/15.0/nios2eds/bin/gnu/H-x86_64-pc-linux-gnu/bin/../lib/gcc/nios2-elf/4.9.1/../../../../../H-x86_64-pc-linux-gnu/nios2-elf/lib/mno-hw-mul/libc.a(lib_a-sbrkr.o)
 .data          0x000000001001016c        0x0 /home/marco/altera/15.0/nios2eds/bin/gnu/H-x86_64-pc-linux-gnu/bin/../lib/gcc/nios2-elf/4.9.1/../../../../../H-x86_64-pc-linux-gnu/nios2-elf/lib/mno-hw-mul/libc.a(lib_a-stdio.o)
 .data          0x000000001001016c        0x0 /home/marco/altera/15.0/nios2eds/bin/gnu/H-x86_64-pc-linux-gnu/bin/../lib/gcc/nios2-elf/4.9.1/../../../../../H-x86_64-pc-linux-gnu/nios2-elf/lib/mno-hw-mul/libc.a(lib_a-strcmp.o)
 .data          0x000000001001016c        0x0 /home/marco/altera/15.0/nios2eds/bin/gnu/H-x86_64-pc-linux-gnu/bin/../lib/gcc/nios2-elf/4.9.1/../../../../../H-x86_64-pc-linux-gnu/nios2-elf/lib/mno-hw-mul/libc.a(lib_a-vfiprintf.o)
 .data          0x000000001001016c        0x0 /home/marco/altera/15.0/nios2eds/bin/gnu/H-x86_64-pc-linux-gnu/bin/../lib/gcc/nios2-elf/4.9.1/../../../../../H-x86_64-pc-linux-gnu/nios2-elf/lib/mno-hw-mul/libc.a(lib_a-wbuf.o)
 .data          0x000000001001016c        0x0 /home/marco/altera/15.0/nios2eds/bin/gnu/H-x86_64-pc-linux-gnu/bin/../lib/gcc/nios2-elf/4.9.1/../../../../../H-x86_64-pc-linux-gnu/nios2-elf/lib/mno-hw-mul/libc.a(lib_a-writer.o)
 .data          0x000000001001016c        0x0 /home/marco/altera/15.0/nios2eds/bin/gnu/H-x86_64-pc-linux-gnu/bin/../lib/gcc/nios2-elf/4.9.1/../../../../../H-x86_64-pc-linux-gnu/nios2-elf/lib/mno-hw-mul/libc.a(closer.o)
 .data          0x000000001001016c        0x0 /home/marco/altera/15.0/nios2eds/bin/gnu/H-x86_64-pc-linux-gnu/bin/../lib/gcc/nios2-elf/4.9.1/../../../../../H-x86_64-pc-linux-gnu/nios2-elf/lib/mno-hw-mul/libc.a(lib_a-callocr.o)
 .data          0x000000001001016c        0x0 /home/marco/altera/15.0/nios2eds/bin/gnu/H-x86_64-pc-linux-gnu/bin/../lib/gcc/nios2-elf/4.9.1/../../../../../H-x86_64-pc-linux-gnu/nios2-elf/lib/mno-hw-mul/libc.a(lib_a-fclose.o)
 .data          0x000000001001016c        0x0 /home/marco/altera/15.0/nios2eds/bin/gnu/H-x86_64-pc-linux-gnu/bin/../lib/gcc/nios2-elf/4.9.1/../../../../../H-x86_64-pc-linux-gnu/nios2-elf/lib/mno-hw-mul/libc.a(lib_a-fputwc.o)
 .data          0x000000001001016c        0x0 /home/marco/altera/15.0/nios2eds/bin/gnu/H-x86_64-pc-linux-gnu/bin/../lib/gcc/nios2-elf/4.9.1/../../../../../H-x86_64-pc-linux-gnu/nios2-elf/lib/mno-hw-mul/libc.a(lib_a-fstatr.o)
 .data          0x000000001001016c        0x0 /home/marco/altera/15.0/nios2eds/bin/gnu/H-x86_64-pc-linux-gnu/bin/../lib/gcc/nios2-elf/4.9.1/../../../../../H-x86_64-pc-linux-gnu/nios2-elf/lib/mno-hw-mul/libc.a(lib_a-int_errno.o)
 .data          0x000000001001016c        0x0 /home/marco/altera/15.0/nios2eds/bin/gnu/H-x86_64-pc-linux-gnu/bin/../lib/gcc/nios2-elf/4.9.1/../../../../../H-x86_64-pc-linux-gnu/nios2-elf/lib/mno-hw-mul/libc.a(lib_a-isattyr.o)
 .data          0x000000001001016c        0x0 /home/marco/altera/15.0/nios2eds/bin/gnu/H-x86_64-pc-linux-gnu/bin/../lib/gcc/nios2-elf/4.9.1/../../../../../H-x86_64-pc-linux-gnu/nios2-elf/lib/mno-hw-mul/libc.a(lib_a-lseekr.o)
 .data          0x000000001001016c        0x0 /home/marco/altera/15.0/nios2eds/bin/gnu/H-x86_64-pc-linux-gnu/bin/../lib/gcc/nios2-elf/4.9.1/../../../../../H-x86_64-pc-linux-gnu/nios2-elf/lib/mno-hw-mul/libc.a(lib_a-readr.o)
 .data          0x000000001001016c        0x0 /home/marco/altera/15.0/nios2eds/bin/gnu/H-x86_64-pc-linux-gnu/bin/../lib/gcc/nios2-elf/4.9.1/../../../../../H-x86_64-pc-linux-gnu/nios2-elf/lib/mno-hw-mul/libc.a(lib_a-wcrtomb.o)
 .data          0x000000001001016c        0x0 /home/marco/altera/15.0/nios2eds/bin/gnu/H-x86_64-pc-linux-gnu/bin/../lib/gcc/nios2-elf/4.9.1/../../../../../H-x86_64-pc-linux-gnu/nios2-elf/lib/mno-hw-mul/libc.a(lib_a-wctomb_r.o)
 .data          0x000000001001016c        0x0 /home/marco/altera/15.0/nios2eds/bin/gnu/H-x86_64-pc-linux-gnu/bin/../lib/gcc/nios2-elf/4.9.1/mno-hw-mul/libgcc.a(_udivdi3.o)
 .data          0x000000001001016c        0x0 /home/marco/altera/15.0/nios2eds/bin/gnu/H-x86_64-pc-linux-gnu/bin/../lib/gcc/nios2-elf/4.9.1/mno-hw-mul/libgcc.a(_umoddi3.o)
 .data          0x000000001001016c        0x0 /home/marco/altera/15.0/nios2eds/bin/gnu/H-x86_64-pc-linux-gnu/bin/../lib/gcc/nios2-elf/4.9.1/mno-hw-mul/libgcc.a(lib2-divmod.o)
 .data          0x000000001001016c        0x0 /home/marco/altera/15.0/nios2eds/bin/gnu/H-x86_64-pc-linux-gnu/bin/../lib/gcc/nios2-elf/4.9.1/mno-hw-mul/libgcc.a(lib2-mul.o)
 .data          0x000000001001016c        0x0 /home/marco/altera/15.0/nios2eds/bin/gnu/H-x86_64-pc-linux-gnu/bin/../lib/gcc/nios2-elf/4.9.1/mno-hw-mul/libgcc.a(adddf3.o)
 .data          0x000000001001016c        0x0 /home/marco/altera/15.0/nios2eds/bin/gnu/H-x86_64-pc-linux-gnu/bin/../lib/gcc/nios2-elf/4.9.1/mno-hw-mul/libgcc.a(divdf3.o)
 .data          0x000000001001016c        0x0 /home/marco/altera/15.0/nios2eds/bin/gnu/H-x86_64-pc-linux-gnu/bin/../lib/gcc/nios2-elf/4.9.1/mno-hw-mul/libgcc.a(eqdf2.o)
 .data          0x000000001001016c        0x0 /home/marco/altera/15.0/nios2eds/bin/gnu/H-x86_64-pc-linux-gnu/bin/../lib/gcc/nios2-elf/4.9.1/mno-hw-mul/libgcc.a(gedf2.o)
 .data          0x000000001001016c        0x0 /home/marco/altera/15.0/nios2eds/bin/gnu/H-x86_64-pc-linux-gnu/bin/../lib/gcc/nios2-elf/4.9.1/mno-hw-mul/libgcc.a(ledf2.o)
 .data          0x000000001001016c        0x0 /home/marco/altera/15.0/nios2eds/bin/gnu/H-x86_64-pc-linux-gnu/bin/../lib/gcc/nios2-elf/4.9.1/mno-hw-mul/libgcc.a(muldf3.o)
 .data          0x000000001001016c        0x0 /home/marco/altera/15.0/nios2eds/bin/gnu/H-x86_64-pc-linux-gnu/bin/../lib/gcc/nios2-elf/4.9.1/mno-hw-mul/libgcc.a(subdf3.o)
 .data          0x000000001001016c        0x0 /home/marco/altera/15.0/nios2eds/bin/gnu/H-x86_64-pc-linux-gnu/bin/../lib/gcc/nios2-elf/4.9.1/mno-hw-mul/libgcc.a(fixdfsi.o)
 .data          0x000000001001016c        0x0 /home/marco/altera/15.0/nios2eds/bin/gnu/H-x86_64-pc-linux-gnu/bin/../lib/gcc/nios2-elf/4.9.1/mno-hw-mul/libgcc.a(floatsidf.o)
 .data          0x000000001001016c        0x0 /home/marco/altera/15.0/nios2eds/bin/gnu/H-x86_64-pc-linux-gnu/bin/../lib/gcc/nios2-elf/4.9.1/mno-hw-mul/libgcc.a(floatunsidf.o)
 .data          0x000000001001016c        0x0 /home/marco/altera/15.0/nios2eds/bin/gnu/H-x86_64-pc-linux-gnu/bin/../lib/gcc/nios2-elf/4.9.1/mno-hw-mul/libgcc.a(_clz.o)
 .data          0x000000001001016c        0x0 /home/marco/altera/15.0/nios2eds/bin/gnu/H-x86_64-pc-linux-gnu/bin/../lib/gcc/nios2-elf/4.9.1/mno-hw-mul/libgcc.a(_clzsi2.o)
 .data          0x000000001001016c        0x0 ../HWSECo_bsp//libhal_bsp.a(alt_close.o)
 .data          0x000000001001016c      0x1a8 ../HWSECo_bsp//libhal_bsp.a(alt_dev.o)
                0x000000001001016c                alt_dev_null
                0x0000000010010194                alt_fd_list
 .data          0x0000000010010314        0x0 ../HWSECo_bsp//libhal_bsp.a(alt_errno.o)
 .data          0x0000000010010314        0x0 ../HWSECo_bsp//libhal_bsp.a(alt_fstat.o)
 .data          0x0000000010010314        0x0 ../HWSECo_bsp//libhal_bsp.a(alt_isatty.o)
 .data          0x0000000010010314        0x0 ../HWSECo_bsp//libhal_bsp.a(alt_load.o)
 .data          0x0000000010010314        0x0 ../HWSECo_bsp//libhal_bsp.a(alt_lseek.o)
 .data          0x0000000010010314        0x0 ../HWSECo_bsp//libhal_bsp.a(alt_main.o)
 .data          0x0000000010010314        0x0 ../HWSECo_bsp//libhal_bsp.a(alt_malloc_lock.o)
 .data          0x0000000010010314        0x0 ../HWSECo_bsp//libhal_bsp.a(alt_read.o)
 .data          0x0000000010010314        0x0 ../HWSECo_bsp//libhal_bsp.a(alt_release_fd.o)
 .data          0x0000000010010314        0x0 ../HWSECo_bsp//libhal_bsp.a(alt_sbrk.o)
 .data          0x0000000010010314        0x0 ../HWSECo_bsp//libhal_bsp.a(alt_write.o)
 .data          0x0000000010010314     0x1060 ../HWSECo_bsp//libhal_bsp.a(alt_sys_init.o)
 .data          0x0000000010011374        0x0 ../HWSECo_bsp//libhal_bsp.a(altera_avalon_jtag_uart_fd.o)
 .data          0x0000000010011374        0x0 ../HWSECo_bsp//libhal_bsp.a(altera_avalon_jtag_uart_init.o)
 .data          0x0000000010011374        0x0 ../HWSECo_bsp//libhal_bsp.a(altera_avalon_jtag_uart_ioctl.o)
 .data          0x0000000010011374        0x0 ../HWSECo_bsp//libhal_bsp.a(altera_avalon_jtag_uart_read.o)
 .data          0x0000000010011374        0x0 ../HWSECo_bsp//libhal_bsp.a(altera_avalon_jtag_uart_write.o)
 .data          0x0000000010011374        0x0 ../HWSECo_bsp//libhal_bsp.a(alt_alarm_start.o)
 .data          0x0000000010011374        0x0 ../HWSECo_bsp//libhal_bsp.a(alt_dcache_flush_all.o)
 .data          0x0000000010011374        0x0 ../HWSECo_bsp//libhal_bsp.a(alt_dev_llist_insert.o)
 .data          0x0000000010011374        0x0 ../HWSECo_bsp//libhal_bsp.a(alt_do_ctors.o)
 .data          0x0000000010011374        0x0 ../HWSECo_bsp//libhal_bsp.a(alt_do_dtors.o)
 .data          0x0000000010011374        0x0 ../HWSECo_bsp//libhal_bsp.a(alt_icache_flush_all.o)
 .data          0x0000000010011374        0x0 ../HWSECo_bsp//libhal_bsp.a(alt_iic.o)
 .data          0x0000000010011374        0x0 ../HWSECo_bsp//libhal_bsp.a(alt_iic_isr_register.o)
 .data          0x0000000010011374        0x0 ../HWSECo_bsp//libhal_bsp.a(alt_io_redirect.o)
 .data          0x0000000010011374        0x0 ../HWSECo_bsp//libhal_bsp.a(alt_irq_entry.o)
 .data          0x0000000010011374        0x0 ../HWSECo_bsp//libhal_bsp.a(alt_irq_handler.o)
 .data          0x0000000010011374        0x0 ../HWSECo_bsp//libhal_bsp.a(alt_irq_vars.o)
 .data          0x0000000010011374        0x0 ../HWSECo_bsp//libhal_bsp.a(alt_open.o)
 .data          0x0000000010011374        0x0 ../HWSECo_bsp//libhal_bsp.a(alt_tick.o)
 .data          0x0000000010011374        0x0 ../HWSECo_bsp//libhal_bsp.a(altera_nios2_qsys_irq.o)
 .data          0x0000000010011374        0x0 ../HWSECo_bsp//libhal_bsp.a(alt_exception_entry.o)
 .data          0x0000000010011374        0x0 ../HWSECo_bsp//libhal_bsp.a(alt_find_dev.o)
 .data          0x0000000010011374        0x0 ../HWSECo_bsp//libhal_bsp.a(alt_find_file.o)
 .data          0x0000000010011374        0x0 ../HWSECo_bsp//libhal_bsp.a(alt_get_fd.o)
 .data          0x0000000010011374        0x0 /home/marco/altera/15.0/nios2eds/bin/gnu/H-x86_64-pc-linux-gnu/bin/../lib/gcc/nios2-elf/4.9.1/../../../../../H-x86_64-pc-linux-gnu/nios2-elf/lib/mno-hw-mul/libc.a(lib_a-atexit.o)
 .data          0x0000000010011374        0x0 /home/marco/altera/15.0/nios2eds/bin/gnu/H-x86_64-pc-linux-gnu/bin/../lib/gcc/nios2-elf/4.9.1/../../../../../H-x86_64-pc-linux-gnu/nios2-elf/lib/mno-hw-mul/libc.a(lib_a-exit.o)
 .data          0x0000000010011374        0x0 /home/marco/altera/15.0/nios2eds/bin/gnu/H-x86_64-pc-linux-gnu/bin/../lib/gcc/nios2-elf/4.9.1/../../../../../H-x86_64-pc-linux-gnu/nios2-elf/lib/mno-hw-mul/libc.a(lib_a-memcmp.o)
 .data          0x0000000010011374        0x0 /home/marco/altera/15.0/nios2eds/bin/gnu/H-x86_64-pc-linux-gnu/bin/../lib/gcc/nios2-elf/4.9.1/../../../../../H-x86_64-pc-linux-gnu/nios2-elf/lib/mno-hw-mul/libc.a(lib_a-__atexit.o)
 .data          0x0000000010011374        0x0 /home/marco/altera/15.0/nios2eds/bin/gnu/H-x86_64-pc-linux-gnu/bin/../lib/gcc/nios2-elf/4.9.1/../../../../../H-x86_64-pc-linux-gnu/nios2-elf/lib/mno-hw-mul/libc.a(lib_a-__call_atexit.o)
 .data          0x0000000010011374        0x0 ../HWSECo_bsp//libhal_bsp.a(alt_exit.o)
                0x0000000010019374                _gp = ABSOLUTE ((. + 0x8000))
                0x0000000010019374                PROVIDE (gp, _gp)
 *(.rwdata .rwdata.*)
 *(.sdata .sdata.* .gnu.linkonce.s.*)
 .sdata         0x0000000010011374        0x8 obj/default/hello_world.o
                0x0000000010011374                gen
                0x0000000010011378                msg
 .sdata         0x000000001001137c        0x8 /home/marco/altera/15.0/nios2eds/bin/gnu/H-x86_64-pc-linux-gnu/bin/../lib/gcc/nios2-elf/4.9.1/../../../../../H-x86_64-pc-linux-gnu/nios2-elf/lib/mno-hw-mul/libc.a(lib_a-impure.o)
                0x000000001001137c                _global_impure_ptr
                0x0000000010011380                _impure_ptr
 .sdata         0x0000000010011384        0x4 /home/marco/altera/15.0/nios2eds/bin/gnu/H-x86_64-pc-linux-gnu/bin/../lib/gcc/nios2-elf/4.9.1/../../../../../H-x86_64-pc-linux-gnu/nios2-elf/lib/mno-hw-mul/libc.a(lib_a-locale.o)
                0x0000000010011384                __mb_cur_max
 .sdata         0x0000000010011388        0x8 /home/marco/altera/15.0/nios2eds/bin/gnu/H-x86_64-pc-linux-gnu/bin/../lib/gcc/nios2-elf/4.9.1/../../../../../H-x86_64-pc-linux-gnu/nios2-elf/lib/mno-hw-mul/libc.a(lib_a-mallocr.o)
                0x0000000010011388                __malloc_sbrk_base
                0x000000001001138c                __malloc_trim_threshold
 .sdata         0x0000000010011390        0x4 /home/marco/altera/15.0/nios2eds/bin/gnu/H-x86_64-pc-linux-gnu/bin/../lib/gcc/nios2-elf/4.9.1/../../../../../H-x86_64-pc-linux-gnu/nios2-elf/lib/mno-hw-mul/libc.a(lib_a-wctomb_r.o)
                0x0000000010011390                __wctomb
 .sdata         0x0000000010011394       0x14 ../HWSECo_bsp//libhal_bsp.a(alt_dev.o)
                0x0000000010011394                alt_fs_list
                0x000000001001139c                alt_dev_list
                0x00000000100113a4                alt_max_fd
 .sdata         0x00000000100113a8        0x4 ../HWSECo_bsp//libhal_bsp.a(alt_errno.o)
                0x00000000100113a8                alt_errno
 .sdata         0x00000000100113ac        0x4 ../HWSECo_bsp//libhal_bsp.a(alt_sbrk.o)
 .sdata         0x00000000100113b0        0x4 ../HWSECo_bsp//libhal_bsp.a(alt_irq_vars.o)
                0x00000000100113b0                alt_priority_mask
 .sdata         0x00000000100113b4        0x8 ../HWSECo_bsp//libhal_bsp.a(alt_tick.o)
                0x00000000100113b4                alt_alarm_list
 *(.sdata2 .sdata2.* .gnu.linkonce.s2.*)
                0x00000000100113bc                . = ALIGN (0x4)
                0x00000000100113bc                _edata = ABSOLUTE (.)
                0x00000000100113bc                PROVIDE (edata, ABSOLUTE (.))
                0x00000000100113bc                PROVIDE (__ram_rwdata_end, ABSOLUTE (.))
                0x00000000100113bc                PROVIDE (__flash_rwdata_start, LOADADDR (.rwdata))

.bss            0x0000000010012eb0      0x15c
                0x0000000010012eb0                __bss_start = ABSOLUTE (.)
                0x0000000010012eb0                PROVIDE (__sbss_start, ABSOLUTE (.))
                0x0000000010012eb0                PROVIDE (___sbss_start, ABSOLUTE (.))
 *(.dynsbss)
 *(.sbss .sbss.* .gnu.linkonce.sb.*)
 .sbss          0x0000000010012eb0        0xc /home/marco/altera/15.0/nios2eds/bin/gnu/H-x86_64-pc-linux-gnu/bin/../lib/gcc/nios2-elf/4.9.1/../../../../../H-x86_64-pc-linux-gnu/nios2-elf/lib/mno-hw-mul/libc.a(lib_a-locale.o)
                0x0000000010012eb0                _PathLocale
                0x0000000010012eb4                __mlocale_changed
                0x0000000010012eb8                __nlocale_changed
 .sbss          0x0000000010012ebc        0xc /home/marco/altera/15.0/nios2eds/bin/gnu/H-x86_64-pc-linux-gnu/bin/../lib/gcc/nios2-elf/4.9.1/../../../../../H-x86_64-pc-linux-gnu/nios2-elf/lib/mno-hw-mul/libc.a(lib_a-mallocr.o)
                0x0000000010012ebc                __malloc_max_total_mem
                0x0000000010012ec0                __malloc_max_sbrked_mem
                0x0000000010012ec4                __malloc_top_pad
 .sbss          0x0000000010012ec8        0x4 /home/marco/altera/15.0/nios2eds/bin/gnu/H-x86_64-pc-linux-gnu/bin/../lib/gcc/nios2-elf/4.9.1/../../../../../H-x86_64-pc-linux-gnu/nios2-elf/lib/mno-hw-mul/libc.a(lib_a-int_errno.o)
                0x0000000010012ec8                errno
 .sbss          0x0000000010012ecc        0xc ../HWSECo_bsp//libhal_bsp.a(alt_main.o)
                0x0000000010012ecc                alt_argc
                0x0000000010012ed0                alt_argv
                0x0000000010012ed4                alt_envp
 .sbss          0x0000000010012ed8        0x4 ../HWSECo_bsp//libhal_bsp.a(alt_irq_vars.o)
                0x0000000010012ed8                alt_irq_active
 .sbss          0x0000000010012edc        0x8 ../HWSECo_bsp//libhal_bsp.a(alt_tick.o)
                0x0000000010012edc                _alt_tick_rate
                0x0000000010012ee0                _alt_nticks
 *(.sbss2 .sbss2.* .gnu.linkonce.sb2.*)
 *(.scommon)
                0x0000000010012ee4                PROVIDE (__sbss_end, ABSOLUTE (.))
                0x0000000010012ee4                PROVIDE (___sbss_end, ABSOLUTE (.))
 *(.dynbss)
 *(.bss .bss.* .gnu.linkonce.b.*)
 .bss           0x0000000010012ee4        0x0 ../HWSECo_bsp//obj/HAL/src/crt0.o
 .bss           0x0000000010012ee4        0x0 obj/default/hello_world.o
 .bss           0x0000000010012ee4        0x0 /home/marco/altera/15.0/nios2eds/bin/gnu/H-x86_64-pc-linux-gnu/bin/../lib/gcc/nios2-elf/4.9.1/../../../../../H-x86_64-pc-linux-gnu/nios2-elf/lib/mno-hw-mul/libc.a(lib_a-printf.o)
 .bss           0x0000000010012ee4        0x0 /home/marco/altera/15.0/nios2eds/bin/gnu/H-x86_64-pc-linux-gnu/bin/../lib/gcc/nios2-elf/4.9.1/../../../../../H-x86_64-pc-linux-gnu/nios2-elf/lib/mno-hw-mul/libc.a(lib_a-putchar.o)
 .bss           0x0000000010012ee4        0x0 /home/marco/altera/15.0/nios2eds/bin/gnu/H-x86_64-pc-linux-gnu/bin/../lib/gcc/nios2-elf/4.9.1/../../../../../H-x86_64-pc-linux-gnu/nios2-elf/lib/mno-hw-mul/libc.a(lib_a-puts.o)
 .bss           0x0000000010012ee4        0x0 /home/marco/altera/15.0/nios2eds/bin/gnu/H-x86_64-pc-linux-gnu/bin/../lib/gcc/nios2-elf/4.9.1/../../../../../H-x86_64-pc-linux-gnu/nios2-elf/lib/mno-hw-mul/libc.a(lib_a-strlen.o)
 .bss           0x0000000010012ee4        0x0 /home/marco/altera/15.0/nios2eds/bin/gnu/H-x86_64-pc-linux-gnu/bin/../lib/gcc/nios2-elf/4.9.1/../../../../../H-x86_64-pc-linux-gnu/nios2-elf/lib/mno-hw-mul/libc.a(lib_a-vfprintf.o)
 .bss           0x0000000010012ee4        0x0 /home/marco/altera/15.0/nios2eds/bin/gnu/H-x86_64-pc-linux-gnu/bin/../lib/gcc/nios2-elf/4.9.1/../../../../../H-x86_64-pc-linux-gnu/nios2-elf/lib/mno-hw-mul/libc.a(lib_a-wsetup.o)
 .bss           0x0000000010012ee4        0x0 /home/marco/altera/15.0/nios2eds/bin/gnu/H-x86_64-pc-linux-gnu/bin/../lib/gcc/nios2-elf/4.9.1/../../../../../H-x86_64-pc-linux-gnu/nios2-elf/lib/mno-hw-mul/libc.a(lib_a-dtoa.o)
 .bss           0x0000000010012ee4        0x0 /home/marco/altera/15.0/nios2eds/bin/gnu/H-x86_64-pc-linux-gnu/bin/../lib/gcc/nios2-elf/4.9.1/../../../../../H-x86_64-pc-linux-gnu/nios2-elf/lib/mno-hw-mul/libc.a(lib_a-fflush.o)
 .bss           0x0000000010012ee4        0x0 /home/marco/altera/15.0/nios2eds/bin/gnu/H-x86_64-pc-linux-gnu/bin/../lib/gcc/nios2-elf/4.9.1/../../../../../H-x86_64-pc-linux-gnu/nios2-elf/lib/mno-hw-mul/libc.a(lib_a-findfp.o)
 .bss           0x0000000010012ee4        0x0 /home/marco/altera/15.0/nios2eds/bin/gnu/H-x86_64-pc-linux-gnu/bin/../lib/gcc/nios2-elf/4.9.1/../../../../../H-x86_64-pc-linux-gnu/nios2-elf/lib/mno-hw-mul/libc.a(lib_a-freer.o)
 .bss           0x0000000010012ee4        0x0 /home/marco/altera/15.0/nios2eds/bin/gnu/H-x86_64-pc-linux-gnu/bin/../lib/gcc/nios2-elf/4.9.1/../../../../../H-x86_64-pc-linux-gnu/nios2-elf/lib/mno-hw-mul/libc.a(lib_a-fvwrite.o)
 .bss           0x0000000010012ee4        0x0 /home/marco/altera/15.0/nios2eds/bin/gnu/H-x86_64-pc-linux-gnu/bin/../lib/gcc/nios2-elf/4.9.1/../../../../../H-x86_64-pc-linux-gnu/nios2-elf/lib/mno-hw-mul/libc.a(lib_a-fwalk.o)
 .bss           0x0000000010012ee4        0x0 /home/marco/altera/15.0/nios2eds/bin/gnu/H-x86_64-pc-linux-gnu/bin/../lib/gcc/nios2-elf/4.9.1/../../../../../H-x86_64-pc-linux-gnu/nios2-elf/lib/mno-hw-mul/libc.a(lib_a-impure.o)
 .bss           0x0000000010012ee4        0x0 /home/marco/altera/15.0/nios2eds/bin/gnu/H-x86_64-pc-linux-gnu/bin/../lib/gcc/nios2-elf/4.9.1/../../../../../H-x86_64-pc-linux-gnu/nios2-elf/lib/mno-hw-mul/libc.a(lib_a-locale.o)
 .bss           0x0000000010012ee4        0x0 /home/marco/altera/15.0/nios2eds/bin/gnu/H-x86_64-pc-linux-gnu/bin/../lib/gcc/nios2-elf/4.9.1/../../../../../H-x86_64-pc-linux-gnu/nios2-elf/lib/mno-hw-mul/libc.a(lib_a-makebuf.o)
 .bss           0x0000000010012ee4       0x28 /home/marco/altera/15.0/nios2eds/bin/gnu/H-x86_64-pc-linux-gnu/bin/../lib/gcc/nios2-elf/4.9.1/../../../../../H-x86_64-pc-linux-gnu/nios2-elf/lib/mno-hw-mul/libc.a(lib_a-mallocr.o)
                0x0000000010012ee4                __malloc_current_mallinfo
 .bss           0x0000000010012f0c        0x0 /home/marco/altera/15.0/nios2eds/bin/gnu/H-x86_64-pc-linux-gnu/bin/../lib/gcc/nios2-elf/4.9.1/../../../../../H-x86_64-pc-linux-gnu/nios2-elf/lib/mno-hw-mul/libc.a(lib_a-memchr.o)
 .bss           0x0000000010012f0c        0x0 /home/marco/altera/15.0/nios2eds/bin/gnu/H-x86_64-pc-linux-gnu/bin/../lib/gcc/nios2-elf/4.9.1/../../../../../H-x86_64-pc-linux-gnu/nios2-elf/lib/mno-hw-mul/libc.a(lib_a-memcpy.o)
 .bss           0x0000000010012f0c        0x0 /home/marco/altera/15.0/nios2eds/bin/gnu/H-x86_64-pc-linux-gnu/bin/../lib/gcc/nios2-elf/4.9.1/../../../../../H-x86_64-pc-linux-gnu/nios2-elf/lib/mno-hw-mul/libc.a(lib_a-memmove.o)
 .bss           0x0000000010012f0c        0x0 /home/marco/altera/15.0/nios2eds/bin/gnu/H-x86_64-pc-linux-gnu/bin/../lib/gcc/nios2-elf/4.9.1/../../../../../H-x86_64-pc-linux-gnu/nios2-elf/lib/mno-hw-mul/libc.a(lib_a-memset.o)
 .bss           0x0000000010012f0c        0x0 /home/marco/altera/15.0/nios2eds/bin/gnu/H-x86_64-pc-linux-gnu/bin/../lib/gcc/nios2-elf/4.9.1/../../../../../H-x86_64-pc-linux-gnu/nios2-elf/lib/mno-hw-mul/libc.a(lib_a-mprec.o)
 .bss           0x0000000010012f0c        0x0 /home/marco/altera/15.0/nios2eds/bin/gnu/H-x86_64-pc-linux-gnu/bin/../lib/gcc/nios2-elf/4.9.1/../../../../../H-x86_64-pc-linux-gnu/nios2-elf/lib/mno-hw-mul/libc.a(lib_a-putc.o)
 .bss           0x0000000010012f0c        0x0 /home/marco/altera/15.0/nios2eds/bin/gnu/H-x86_64-pc-linux-gnu/bin/../lib/gcc/nios2-elf/4.9.1/../../../../../H-x86_64-pc-linux-gnu/nios2-elf/lib/mno-hw-mul/libc.a(lib_a-reallocr.o)
 .bss           0x0000000010012f0c        0x0 /home/marco/altera/15.0/nios2eds/bin/gnu/H-x86_64-pc-linux-gnu/bin/../lib/gcc/nios2-elf/4.9.1/../../../../../H-x86_64-pc-linux-gnu/nios2-elf/lib/mno-hw-mul/libc.a(lib_a-s_fpclassify.o)
 .bss           0x0000000010012f0c        0x0 /home/marco/altera/15.0/nios2eds/bin/gnu/H-x86_64-pc-linux-gnu/bin/../lib/gcc/nios2-elf/4.9.1/../../../../../H-x86_64-pc-linux-gnu/nios2-elf/lib/mno-hw-mul/libc.a(lib_a-sbrkr.o)
 .bss           0x0000000010012f0c        0x0 /home/marco/altera/15.0/nios2eds/bin/gnu/H-x86_64-pc-linux-gnu/bin/../lib/gcc/nios2-elf/4.9.1/../../../../../H-x86_64-pc-linux-gnu/nios2-elf/lib/mno-hw-mul/libc.a(lib_a-stdio.o)
 .bss           0x0000000010012f0c        0x0 /home/marco/altera/15.0/nios2eds/bin/gnu/H-x86_64-pc-linux-gnu/bin/../lib/gcc/nios2-elf/4.9.1/../../../../../H-x86_64-pc-linux-gnu/nios2-elf/lib/mno-hw-mul/libc.a(lib_a-strcmp.o)
 .bss           0x0000000010012f0c        0x0 /home/marco/altera/15.0/nios2eds/bin/gnu/H-x86_64-pc-linux-gnu/bin/../lib/gcc/nios2-elf/4.9.1/../../../../../H-x86_64-pc-linux-gnu/nios2-elf/lib/mno-hw-mul/libc.a(lib_a-vfiprintf.o)
 .bss           0x0000000010012f0c        0x0 /home/marco/altera/15.0/nios2eds/bin/gnu/H-x86_64-pc-linux-gnu/bin/../lib/gcc/nios2-elf/4.9.1/../../../../../H-x86_64-pc-linux-gnu/nios2-elf/lib/mno-hw-mul/libc.a(lib_a-wbuf.o)
 .bss           0x0000000010012f0c        0x0 /home/marco/altera/15.0/nios2eds/bin/gnu/H-x86_64-pc-linux-gnu/bin/../lib/gcc/nios2-elf/4.9.1/../../../../../H-x86_64-pc-linux-gnu/nios2-elf/lib/mno-hw-mul/libc.a(lib_a-writer.o)
 .bss           0x0000000010012f0c        0x0 /home/marco/altera/15.0/nios2eds/bin/gnu/H-x86_64-pc-linux-gnu/bin/../lib/gcc/nios2-elf/4.9.1/../../../../../H-x86_64-pc-linux-gnu/nios2-elf/lib/mno-hw-mul/libc.a(closer.o)
 .bss           0x0000000010012f0c        0x0 /home/marco/altera/15.0/nios2eds/bin/gnu/H-x86_64-pc-linux-gnu/bin/../lib/gcc/nios2-elf/4.9.1/../../../../../H-x86_64-pc-linux-gnu/nios2-elf/lib/mno-hw-mul/libc.a(lib_a-callocr.o)
 .bss           0x0000000010012f0c        0x0 /home/marco/altera/15.0/nios2eds/bin/gnu/H-x86_64-pc-linux-gnu/bin/../lib/gcc/nios2-elf/4.9.1/../../../../../H-x86_64-pc-linux-gnu/nios2-elf/lib/mno-hw-mul/libc.a(lib_a-fclose.o)
 .bss           0x0000000010012f0c        0x0 /home/marco/altera/15.0/nios2eds/bin/gnu/H-x86_64-pc-linux-gnu/bin/../lib/gcc/nios2-elf/4.9.1/../../../../../H-x86_64-pc-linux-gnu/nios2-elf/lib/mno-hw-mul/libc.a(lib_a-fputwc.o)
 .bss           0x0000000010012f0c        0x0 /home/marco/altera/15.0/nios2eds/bin/gnu/H-x86_64-pc-linux-gnu/bin/../lib/gcc/nios2-elf/4.9.1/../../../../../H-x86_64-pc-linux-gnu/nios2-elf/lib/mno-hw-mul/libc.a(lib_a-fstatr.o)
 .bss           0x0000000010012f0c        0x0 /home/marco/altera/15.0/nios2eds/bin/gnu/H-x86_64-pc-linux-gnu/bin/../lib/gcc/nios2-elf/4.9.1/../../../../../H-x86_64-pc-linux-gnu/nios2-elf/lib/mno-hw-mul/libc.a(lib_a-int_errno.o)
 .bss           0x0000000010012f0c        0x0 /home/marco/altera/15.0/nios2eds/bin/gnu/H-x86_64-pc-linux-gnu/bin/../lib/gcc/nios2-elf/4.9.1/../../../../../H-x86_64-pc-linux-gnu/nios2-elf/lib/mno-hw-mul/libc.a(lib_a-isattyr.o)
 .bss           0x0000000010012f0c        0x0 /home/marco/altera/15.0/nios2eds/bin/gnu/H-x86_64-pc-linux-gnu/bin/../lib/gcc/nios2-elf/4.9.1/../../../../../H-x86_64-pc-linux-gnu/nios2-elf/lib/mno-hw-mul/libc.a(lib_a-lseekr.o)
 .bss           0x0000000010012f0c        0x0 /home/marco/altera/15.0/nios2eds/bin/gnu/H-x86_64-pc-linux-gnu/bin/../lib/gcc/nios2-elf/4.9.1/../../../../../H-x86_64-pc-linux-gnu/nios2-elf/lib/mno-hw-mul/libc.a(lib_a-readr.o)
 .bss           0x0000000010012f0c        0x0 /home/marco/altera/15.0/nios2eds/bin/gnu/H-x86_64-pc-linux-gnu/bin/../lib/gcc/nios2-elf/4.9.1/../../../../../H-x86_64-pc-linux-gnu/nios2-elf/lib/mno-hw-mul/libc.a(lib_a-wcrtomb.o)
 .bss           0x0000000010012f0c        0x0 /home/marco/altera/15.0/nios2eds/bin/gnu/H-x86_64-pc-linux-gnu/bin/../lib/gcc/nios2-elf/4.9.1/../../../../../H-x86_64-pc-linux-gnu/nios2-elf/lib/mno-hw-mul/libc.a(lib_a-wctomb_r.o)
 .bss           0x0000000010012f0c        0x0 /home/marco/altera/15.0/nios2eds/bin/gnu/H-x86_64-pc-linux-gnu/bin/../lib/gcc/nios2-elf/4.9.1/mno-hw-mul/libgcc.a(_udivdi3.o)
 .bss           0x0000000010012f0c        0x0 /home/marco/altera/15.0/nios2eds/bin/gnu/H-x86_64-pc-linux-gnu/bin/../lib/gcc/nios2-elf/4.9.1/mno-hw-mul/libgcc.a(_umoddi3.o)
 .bss           0x0000000010012f0c        0x0 /home/marco/altera/15.0/nios2eds/bin/gnu/H-x86_64-pc-linux-gnu/bin/../lib/gcc/nios2-elf/4.9.1/mno-hw-mul/libgcc.a(lib2-divmod.o)
 .bss           0x0000000010012f0c        0x0 /home/marco/altera/15.0/nios2eds/bin/gnu/H-x86_64-pc-linux-gnu/bin/../lib/gcc/nios2-elf/4.9.1/mno-hw-mul/libgcc.a(lib2-mul.o)
 .bss           0x0000000010012f0c        0x0 /home/marco/altera/15.0/nios2eds/bin/gnu/H-x86_64-pc-linux-gnu/bin/../lib/gcc/nios2-elf/4.9.1/mno-hw-mul/libgcc.a(adddf3.o)
 .bss           0x0000000010012f0c        0x0 /home/marco/altera/15.0/nios2eds/bin/gnu/H-x86_64-pc-linux-gnu/bin/../lib/gcc/nios2-elf/4.9.1/mno-hw-mul/libgcc.a(divdf3.o)
 .bss           0x0000000010012f0c        0x0 /home/marco/altera/15.0/nios2eds/bin/gnu/H-x86_64-pc-linux-gnu/bin/../lib/gcc/nios2-elf/4.9.1/mno-hw-mul/libgcc.a(eqdf2.o)
 .bss           0x0000000010012f0c        0x0 /home/marco/altera/15.0/nios2eds/bin/gnu/H-x86_64-pc-linux-gnu/bin/../lib/gcc/nios2-elf/4.9.1/mno-hw-mul/libgcc.a(gedf2.o)
 .bss           0x0000000010012f0c        0x0 /home/marco/altera/15.0/nios2eds/bin/gnu/H-x86_64-pc-linux-gnu/bin/../lib/gcc/nios2-elf/4.9.1/mno-hw-mul/libgcc.a(ledf2.o)
 .bss           0x0000000010012f0c        0x0 /home/marco/altera/15.0/nios2eds/bin/gnu/H-x86_64-pc-linux-gnu/bin/../lib/gcc/nios2-elf/4.9.1/mno-hw-mul/libgcc.a(muldf3.o)
 .bss           0x0000000010012f0c        0x0 /home/marco/altera/15.0/nios2eds/bin/gnu/H-x86_64-pc-linux-gnu/bin/../lib/gcc/nios2-elf/4.9.1/mno-hw-mul/libgcc.a(subdf3.o)
 .bss           0x0000000010012f0c        0x0 /home/marco/altera/15.0/nios2eds/bin/gnu/H-x86_64-pc-linux-gnu/bin/../lib/gcc/nios2-elf/4.9.1/mno-hw-mul/libgcc.a(fixdfsi.o)
 .bss           0x0000000010012f0c        0x0 /home/marco/altera/15.0/nios2eds/bin/gnu/H-x86_64-pc-linux-gnu/bin/../lib/gcc/nios2-elf/4.9.1/mno-hw-mul/libgcc.a(floatsidf.o)
 .bss           0x0000000010012f0c        0x0 /home/marco/altera/15.0/nios2eds/bin/gnu/H-x86_64-pc-linux-gnu/bin/../lib/gcc/nios2-elf/4.9.1/mno-hw-mul/libgcc.a(floatunsidf.o)
 .bss           0x0000000010012f0c        0x0 /home/marco/altera/15.0/nios2eds/bin/gnu/H-x86_64-pc-linux-gnu/bin/../lib/gcc/nios2-elf/4.9.1/mno-hw-mul/libgcc.a(_clz.o)
 .bss           0x0000000010012f0c        0x0 /home/marco/altera/15.0/nios2eds/bin/gnu/H-x86_64-pc-linux-gnu/bin/../lib/gcc/nios2-elf/4.9.1/mno-hw-mul/libgcc.a(_clzsi2.o)
 .bss           0x0000000010012f0c        0x0 ../HWSECo_bsp//libhal_bsp.a(alt_close.o)
 .bss           0x0000000010012f0c        0x0 ../HWSECo_bsp//libhal_bsp.a(alt_dev.o)
 .bss           0x0000000010012f0c        0x0 ../HWSECo_bsp//libhal_bsp.a(alt_errno.o)
 .bss           0x0000000010012f0c        0x0 ../HWSECo_bsp//libhal_bsp.a(alt_fstat.o)
 .bss           0x0000000010012f0c        0x0 ../HWSECo_bsp//libhal_bsp.a(alt_isatty.o)
 .bss           0x0000000010012f0c        0x0 ../HWSECo_bsp//libhal_bsp.a(alt_load.o)
 .bss           0x0000000010012f0c        0x0 ../HWSECo_bsp//libhal_bsp.a(alt_lseek.o)
 .bss           0x0000000010012f0c        0x0 ../HWSECo_bsp//libhal_bsp.a(alt_main.o)
 .bss           0x0000000010012f0c        0x0 ../HWSECo_bsp//libhal_bsp.a(alt_malloc_lock.o)
 .bss           0x0000000010012f0c        0x0 ../HWSECo_bsp//libhal_bsp.a(alt_read.o)
 .bss           0x0000000010012f0c        0x0 ../HWSECo_bsp//libhal_bsp.a(alt_release_fd.o)
 .bss           0x0000000010012f0c        0x0 ../HWSECo_bsp//libhal_bsp.a(alt_sbrk.o)
 .bss           0x0000000010012f0c        0x0 ../HWSECo_bsp//libhal_bsp.a(alt_write.o)
 .bss           0x0000000010012f0c        0x0 ../HWSECo_bsp//libhal_bsp.a(alt_sys_init.o)
 .bss           0x0000000010012f0c        0x0 ../HWSECo_bsp//libhal_bsp.a(altera_avalon_jtag_uart_fd.o)
 .bss           0x0000000010012f0c        0x0 ../HWSECo_bsp//libhal_bsp.a(altera_avalon_jtag_uart_init.o)
 .bss           0x0000000010012f0c        0x0 ../HWSECo_bsp//libhal_bsp.a(altera_avalon_jtag_uart_ioctl.o)
 .bss           0x0000000010012f0c        0x0 ../HWSECo_bsp//libhal_bsp.a(altera_avalon_jtag_uart_read.o)
 .bss           0x0000000010012f0c        0x0 ../HWSECo_bsp//libhal_bsp.a(altera_avalon_jtag_uart_write.o)
 .bss           0x0000000010012f0c        0x0 ../HWSECo_bsp//libhal_bsp.a(alt_alarm_start.o)
 .bss           0x0000000010012f0c        0x0 ../HWSECo_bsp//libhal_bsp.a(alt_dcache_flush_all.o)
 .bss           0x0000000010012f0c        0x0 ../HWSECo_bsp//libhal_bsp.a(alt_dev_llist_insert.o)
 .bss           0x0000000010012f0c        0x0 ../HWSECo_bsp//libhal_bsp.a(alt_do_ctors.o)
 .bss           0x0000000010012f0c        0x0 ../HWSECo_bsp//libhal_bsp.a(alt_do_dtors.o)
 .bss           0x0000000010012f0c        0x0 ../HWSECo_bsp//libhal_bsp.a(alt_icache_flush_all.o)
 .bss           0x0000000010012f0c        0x0 ../HWSECo_bsp//libhal_bsp.a(alt_iic.o)
 .bss           0x0000000010012f0c        0x0 ../HWSECo_bsp//libhal_bsp.a(alt_iic_isr_register.o)
 .bss           0x0000000010012f0c        0x0 ../HWSECo_bsp//libhal_bsp.a(alt_io_redirect.o)
 .bss           0x0000000010012f0c        0x0 ../HWSECo_bsp//libhal_bsp.a(alt_irq_entry.o)
 .bss           0x0000000010012f0c        0x0 ../HWSECo_bsp//libhal_bsp.a(alt_irq_handler.o)
 .bss           0x0000000010012f0c        0x0 ../HWSECo_bsp//libhal_bsp.a(alt_irq_vars.o)
 .bss           0x0000000010012f0c        0x0 ../HWSECo_bsp//libhal_bsp.a(alt_open.o)
 .bss           0x0000000010012f0c        0x0 ../HWSECo_bsp//libhal_bsp.a(alt_tick.o)
 .bss           0x0000000010012f0c        0x0 ../HWSECo_bsp//libhal_bsp.a(altera_nios2_qsys_irq.o)
 .bss           0x0000000010012f0c        0x0 ../HWSECo_bsp//libhal_bsp.a(alt_exception_entry.o)
 .bss           0x0000000010012f0c        0x0 ../HWSECo_bsp//libhal_bsp.a(alt_find_dev.o)
 .bss           0x0000000010012f0c        0x0 ../HWSECo_bsp//libhal_bsp.a(alt_find_file.o)
 .bss           0x0000000010012f0c        0x0 ../HWSECo_bsp//libhal_bsp.a(alt_get_fd.o)
 .bss           0x0000000010012f0c        0x0 /home/marco/altera/15.0/nios2eds/bin/gnu/H-x86_64-pc-linux-gnu/bin/../lib/gcc/nios2-elf/4.9.1/../../../../../H-x86_64-pc-linux-gnu/nios2-elf/lib/mno-hw-mul/libc.a(lib_a-atexit.o)
 .bss           0x0000000010012f0c        0x0 /home/marco/altera/15.0/nios2eds/bin/gnu/H-x86_64-pc-linux-gnu/bin/../lib/gcc/nios2-elf/4.9.1/../../../../../H-x86_64-pc-linux-gnu/nios2-elf/lib/mno-hw-mul/libc.a(lib_a-exit.o)
 .bss           0x0000000010012f0c        0x0 /home/marco/altera/15.0/nios2eds/bin/gnu/H-x86_64-pc-linux-gnu/bin/../lib/gcc/nios2-elf/4.9.1/../../../../../H-x86_64-pc-linux-gnu/nios2-elf/lib/mno-hw-mul/libc.a(lib_a-memcmp.o)
 .bss           0x0000000010012f0c        0x0 /home/marco/altera/15.0/nios2eds/bin/gnu/H-x86_64-pc-linux-gnu/bin/../lib/gcc/nios2-elf/4.9.1/../../../../../H-x86_64-pc-linux-gnu/nios2-elf/lib/mno-hw-mul/libc.a(lib_a-__atexit.o)
 .bss           0x0000000010012f0c        0x0 /home/marco/altera/15.0/nios2eds/bin/gnu/H-x86_64-pc-linux-gnu/bin/../lib/gcc/nios2-elf/4.9.1/../../../../../H-x86_64-pc-linux-gnu/nios2-elf/lib/mno-hw-mul/libc.a(lib_a-__call_atexit.o)
 .bss           0x0000000010012f0c        0x0 ../HWSECo_bsp//libhal_bsp.a(alt_exit.o)
 *(COMMON)
 COMMON         0x0000000010012f0c      0x100 ../HWSECo_bsp//libhal_bsp.a(alt_irq_handler.o)
                0x0000000010012f0c                alt_irq
                0x000000001001300c                . = ALIGN (0x4)
                0x000000001001300c                __bss_end = ABSOLUTE (.)

.onchip_memory2_0
                0x0000000000000000        0x0 load address 0x000000001001300c
                0x0000000000000000                PROVIDE (_alt_partition_onchip_memory2_0_start, ABSOLUTE (.))
 *(.onchip_memory2_0 .onchip_memory2_0. onchip_memory2_0.*)
                0x0000000000000000                . = ALIGN (0x4)
                0x0000000000000000                PROVIDE (_alt_partition_onchip_memory2_0_end, ABSOLUTE (.))
                0x000000001001300c                PROVIDE (_alt_partition_onchip_memory2_0_load_addr, LOADADDR (.onchip_memory2_0))

.sdram          0x000000001001300c        0x0
                0x000000001001300c                PROVIDE (_alt_partition_sdram_start, ABSOLUTE (.))
 *(.sdram .sdram. sdram.*)
                0x000000001001300c                . = ALIGN (0x4)
                0x000000001001300c                PROVIDE (_alt_partition_sdram_end, ABSOLUTE (.))
                0x000000001001300c                _end = ABSOLUTE (.)
                0x000000001001300c                end = ABSOLUTE (.)
                0x000000001001300c                __alt_stack_base = ABSOLUTE (.)
                0x000000001001300c                PROVIDE (_alt_partition_sdram_load_addr, LOADADDR (.sdram))

.stab
 *(.stab)

.stabstr
 *(.stabstr)

.stab.excl
 *(.stab.excl)

.stab.exclstr
 *(.stab.exclstr)

.stab.index
 *(.stab.index)

.stab.indexstr
 *(.stab.indexstr)

.comment        0x0000000000000000       0x23
 *(.comment)
 .comment       0x0000000000000000       0x23 obj/default/hello_world.o
                                         0x24 (size before relaxing)
 .comment       0x0000000000000000       0x24 /home/marco/altera/15.0/nios2eds/bin/gnu/H-x86_64-pc-linux-gnu/bin/../lib/gcc/nios2-elf/4.9.1/../../../../../H-x86_64-pc-linux-gnu/nios2-elf/lib/mno-hw-mul/libc.a(lib_a-printf.o)
 .comment       0x0000000000000000       0x24 /home/marco/altera/15.0/nios2eds/bin/gnu/H-x86_64-pc-linux-gnu/bin/../lib/gcc/nios2-elf/4.9.1/../../../../../H-x86_64-pc-linux-gnu/nios2-elf/lib/mno-hw-mul/libc.a(lib_a-putchar.o)
 .comment       0x0000000000000000       0x24 /home/marco/altera/15.0/nios2eds/bin/gnu/H-x86_64-pc-linux-gnu/bin/../lib/gcc/nios2-elf/4.9.1/../../../../../H-x86_64-pc-linux-gnu/nios2-elf/lib/mno-hw-mul/libc.a(lib_a-puts.o)
 .comment       0x0000000000000000       0x24 /home/marco/altera/15.0/nios2eds/bin/gnu/H-x86_64-pc-linux-gnu/bin/../lib/gcc/nios2-elf/4.9.1/../../../../../H-x86_64-pc-linux-gnu/nios2-elf/lib/mno-hw-mul/libc.a(lib_a-strlen.o)
 .comment       0x0000000000000000       0x24 /home/marco/altera/15.0/nios2eds/bin/gnu/H-x86_64-pc-linux-gnu/bin/../lib/gcc/nios2-elf/4.9.1/../../../../../H-x86_64-pc-linux-gnu/nios2-elf/lib/mno-hw-mul/libc.a(lib_a-vfprintf.o)
 .comment       0x0000000000000000       0x24 /home/marco/altera/15.0/nios2eds/bin/gnu/H-x86_64-pc-linux-gnu/bin/../lib/gcc/nios2-elf/4.9.1/../../../../../H-x86_64-pc-linux-gnu/nios2-elf/lib/mno-hw-mul/libc.a(lib_a-wsetup.o)
 .comment       0x0000000000000000       0x24 /home/marco/altera/15.0/nios2eds/bin/gnu/H-x86_64-pc-linux-gnu/bin/../lib/gcc/nios2-elf/4.9.1/../../../../../H-x86_64-pc-linux-gnu/nios2-elf/lib/mno-hw-mul/libc.a(lib_a-dtoa.o)
 .comment       0x0000000000000000       0x24 /home/marco/altera/15.0/nios2eds/bin/gnu/H-x86_64-pc-linux-gnu/bin/../lib/gcc/nios2-elf/4.9.1/../../../../../H-x86_64-pc-linux-gnu/nios2-elf/lib/mno-hw-mul/libc.a(lib_a-fflush.o)
 .comment       0x0000000000000000       0x24 /home/marco/altera/15.0/nios2eds/bin/gnu/H-x86_64-pc-linux-gnu/bin/../lib/gcc/nios2-elf/4.9.1/../../../../../H-x86_64-pc-linux-gnu/nios2-elf/lib/mno-hw-mul/libc.a(lib_a-findfp.o)
 .comment       0x0000000000000000       0x24 /home/marco/altera/15.0/nios2eds/bin/gnu/H-x86_64-pc-linux-gnu/bin/../lib/gcc/nios2-elf/4.9.1/../../../../../H-x86_64-pc-linux-gnu/nios2-elf/lib/mno-hw-mul/libc.a(lib_a-freer.o)
 .comment       0x0000000000000000       0x24 /home/marco/altera/15.0/nios2eds/bin/gnu/H-x86_64-pc-linux-gnu/bin/../lib/gcc/nios2-elf/4.9.1/../../../../../H-x86_64-pc-linux-gnu/nios2-elf/lib/mno-hw-mul/libc.a(lib_a-fvwrite.o)
 .comment       0x0000000000000000       0x24 /home/marco/altera/15.0/nios2eds/bin/gnu/H-x86_64-pc-linux-gnu/bin/../lib/gcc/nios2-elf/4.9.1/../../../../../H-x86_64-pc-linux-gnu/nios2-elf/lib/mno-hw-mul/libc.a(lib_a-fwalk.o)
 .comment       0x0000000000000000       0x24 /home/marco/altera/15.0/nios2eds/bin/gnu/H-x86_64-pc-linux-gnu/bin/../lib/gcc/nios2-elf/4.9.1/../../../../../H-x86_64-pc-linux-gnu/nios2-elf/lib/mno-hw-mul/libc.a(lib_a-impure.o)
 .comment       0x0000000000000000       0x24 /home/marco/altera/15.0/nios2eds/bin/gnu/H-x86_64-pc-linux-gnu/bin/../lib/gcc/nios2-elf/4.9.1/../../../../../H-x86_64-pc-linux-gnu/nios2-elf/lib/mno-hw-mul/libc.a(lib_a-locale.o)
 .comment       0x0000000000000000       0x24 /home/marco/altera/15.0/nios2eds/bin/gnu/H-x86_64-pc-linux-gnu/bin/../lib/gcc/nios2-elf/4.9.1/../../../../../H-x86_64-pc-linux-gnu/nios2-elf/lib/mno-hw-mul/libc.a(lib_a-makebuf.o)
 .comment       0x0000000000000000       0x24 /home/marco/altera/15.0/nios2eds/bin/gnu/H-x86_64-pc-linux-gnu/bin/../lib/gcc/nios2-elf/4.9.1/../../../../../H-x86_64-pc-linux-gnu/nios2-elf/lib/mno-hw-mul/libc.a(lib_a-mallocr.o)
 .comment       0x0000000000000000       0x24 /home/marco/altera/15.0/nios2eds/bin/gnu/H-x86_64-pc-linux-gnu/bin/../lib/gcc/nios2-elf/4.9.1/../../../../../H-x86_64-pc-linux-gnu/nios2-elf/lib/mno-hw-mul/libc.a(lib_a-memchr.o)
 .comment       0x0000000000000000       0x24 /home/marco/altera/15.0/nios2eds/bin/gnu/H-x86_64-pc-linux-gnu/bin/../lib/gcc/nios2-elf/4.9.1/../../../../../H-x86_64-pc-linux-gnu/nios2-elf/lib/mno-hw-mul/libc.a(lib_a-memcpy.o)
 .comment       0x0000000000000000       0x24 /home/marco/altera/15.0/nios2eds/bin/gnu/H-x86_64-pc-linux-gnu/bin/../lib/gcc/nios2-elf/4.9.1/../../../../../H-x86_64-pc-linux-gnu/nios2-elf/lib/mno-hw-mul/libc.a(lib_a-memmove.o)
 .comment       0x0000000000000000       0x24 /home/marco/altera/15.0/nios2eds/bin/gnu/H-x86_64-pc-linux-gnu/bin/../lib/gcc/nios2-elf/4.9.1/../../../../../H-x86_64-pc-linux-gnu/nios2-elf/lib/mno-hw-mul/libc.a(lib_a-memset.o)
 .comment       0x0000000000000000       0x24 /home/marco/altera/15.0/nios2eds/bin/gnu/H-x86_64-pc-linux-gnu/bin/../lib/gcc/nios2-elf/4.9.1/../../../../../H-x86_64-pc-linux-gnu/nios2-elf/lib/mno-hw-mul/libc.a(lib_a-mprec.o)
 .comment       0x0000000000000000       0x24 /home/marco/altera/15.0/nios2eds/bin/gnu/H-x86_64-pc-linux-gnu/bin/../lib/gcc/nios2-elf/4.9.1/../../../../../H-x86_64-pc-linux-gnu/nios2-elf/lib/mno-hw-mul/libc.a(lib_a-putc.o)
 .comment       0x0000000000000000       0x24 /home/marco/altera/15.0/nios2eds/bin/gnu/H-x86_64-pc-linux-gnu/bin/../lib/gcc/nios2-elf/4.9.1/../../../../../H-x86_64-pc-linux-gnu/nios2-elf/lib/mno-hw-mul/libc.a(lib_a-reallocr.o)
 .comment       0x0000000000000000       0x24 /home/marco/altera/15.0/nios2eds/bin/gnu/H-x86_64-pc-linux-gnu/bin/../lib/gcc/nios2-elf/4.9.1/../../../../../H-x86_64-pc-linux-gnu/nios2-elf/lib/mno-hw-mul/libc.a(lib_a-s_fpclassify.o)
 .comment       0x0000000000000000       0x24 /home/marco/altera/15.0/nios2eds/bin/gnu/H-x86_64-pc-linux-gnu/bin/../lib/gcc/nios2-elf/4.9.1/../../../../../H-x86_64-pc-linux-gnu/nios2-elf/lib/mno-hw-mul/libc.a(lib_a-sbrkr.o)
 .comment       0x0000000000000000       0x24 /home/marco/altera/15.0/nios2eds/bin/gnu/H-x86_64-pc-linux-gnu/bin/../lib/gcc/nios2-elf/4.9.1/../../../../../H-x86_64-pc-linux-gnu/nios2-elf/lib/mno-hw-mul/libc.a(lib_a-stdio.o)
 .comment       0x0000000000000000       0x24 /home/marco/altera/15.0/nios2eds/bin/gnu/H-x86_64-pc-linux-gnu/bin/../lib/gcc/nios2-elf/4.9.1/../../../../../H-x86_64-pc-linux-gnu/nios2-elf/lib/mno-hw-mul/libc.a(lib_a-strcmp.o)
 .comment       0x0000000000000000       0x24 /home/marco/altera/15.0/nios2eds/bin/gnu/H-x86_64-pc-linux-gnu/bin/../lib/gcc/nios2-elf/4.9.1/../../../../../H-x86_64-pc-linux-gnu/nios2-elf/lib/mno-hw-mul/libc.a(lib_a-vfiprintf.o)
 .comment       0x0000000000000000       0x24 /home/marco/altera/15.0/nios2eds/bin/gnu/H-x86_64-pc-linux-gnu/bin/../lib/gcc/nios2-elf/4.9.1/../../../../../H-x86_64-pc-linux-gnu/nios2-elf/lib/mno-hw-mul/libc.a(lib_a-wbuf.o)
 .comment       0x0000000000000000       0x24 /home/marco/altera/15.0/nios2eds/bin/gnu/H-x86_64-pc-linux-gnu/bin/../lib/gcc/nios2-elf/4.9.1/../../../../../H-x86_64-pc-linux-gnu/nios2-elf/lib/mno-hw-mul/libc.a(lib_a-writer.o)
 .comment       0x0000000000000000       0x24 /home/marco/altera/15.0/nios2eds/bin/gnu/H-x86_64-pc-linux-gnu/bin/../lib/gcc/nios2-elf/4.9.1/../../../../../H-x86_64-pc-linux-gnu/nios2-elf/lib/mno-hw-mul/libc.a(closer.o)
 .comment       0x0000000000000000       0x24 /home/marco/altera/15.0/nios2eds/bin/gnu/H-x86_64-pc-linux-gnu/bin/../lib/gcc/nios2-elf/4.9.1/../../../../../H-x86_64-pc-linux-gnu/nios2-elf/lib/mno-hw-mul/libc.a(lib_a-callocr.o)
 .comment       0x0000000000000000       0x24 /home/marco/altera/15.0/nios2eds/bin/gnu/H-x86_64-pc-linux-gnu/bin/../lib/gcc/nios2-elf/4.9.1/../../../../../H-x86_64-pc-linux-gnu/nios2-elf/lib/mno-hw-mul/libc.a(lib_a-fclose.o)
 .comment       0x0000000000000000       0x24 /home/marco/altera/15.0/nios2eds/bin/gnu/H-x86_64-pc-linux-gnu/bin/../lib/gcc/nios2-elf/4.9.1/../../../../../H-x86_64-pc-linux-gnu/nios2-elf/lib/mno-hw-mul/libc.a(lib_a-fputwc.o)
 .comment       0x0000000000000000       0x24 /home/marco/altera/15.0/nios2eds/bin/gnu/H-x86_64-pc-linux-gnu/bin/../lib/gcc/nios2-elf/4.9.1/../../../../../H-x86_64-pc-linux-gnu/nios2-elf/lib/mno-hw-mul/libc.a(lib_a-fstatr.o)
 .comment       0x0000000000000000       0x24 /home/marco/altera/15.0/nios2eds/bin/gnu/H-x86_64-pc-linux-gnu/bin/../lib/gcc/nios2-elf/4.9.1/../../../../../H-x86_64-pc-linux-gnu/nios2-elf/lib/mno-hw-mul/libc.a(lib_a-int_errno.o)
 .comment       0x0000000000000000       0x24 /home/marco/altera/15.0/nios2eds/bin/gnu/H-x86_64-pc-linux-gnu/bin/../lib/gcc/nios2-elf/4.9.1/../../../../../H-x86_64-pc-linux-gnu/nios2-elf/lib/mno-hw-mul/libc.a(lib_a-isattyr.o)
 .comment       0x0000000000000000       0x24 /home/marco/altera/15.0/nios2eds/bin/gnu/H-x86_64-pc-linux-gnu/bin/../lib/gcc/nios2-elf/4.9.1/../../../../../H-x86_64-pc-linux-gnu/nios2-elf/lib/mno-hw-mul/libc.a(lib_a-lseekr.o)
 .comment       0x0000000000000000       0x24 /home/marco/altera/15.0/nios2eds/bin/gnu/H-x86_64-pc-linux-gnu/bin/../lib/gcc/nios2-elf/4.9.1/../../../../../H-x86_64-pc-linux-gnu/nios2-elf/lib/mno-hw-mul/libc.a(lib_a-readr.o)
 .comment       0x0000000000000000       0x24 /home/marco/altera/15.0/nios2eds/bin/gnu/H-x86_64-pc-linux-gnu/bin/../lib/gcc/nios2-elf/4.9.1/../../../../../H-x86_64-pc-linux-gnu/nios2-elf/lib/mno-hw-mul/libc.a(lib_a-wcrtomb.o)
 .comment       0x0000000000000000       0x24 /home/marco/altera/15.0/nios2eds/bin/gnu/H-x86_64-pc-linux-gnu/bin/../lib/gcc/nios2-elf/4.9.1/../../../../../H-x86_64-pc-linux-gnu/nios2-elf/lib/mno-hw-mul/libc.a(lib_a-wctomb_r.o)
 .comment       0x0000000000000000       0x24 /home/marco/altera/15.0/nios2eds/bin/gnu/H-x86_64-pc-linux-gnu/bin/../lib/gcc/nios2-elf/4.9.1/mno-hw-mul/libgcc.a(_udivdi3.o)
 .comment       0x0000000000000000       0x24 /home/marco/altera/15.0/nios2eds/bin/gnu/H-x86_64-pc-linux-gnu/bin/../lib/gcc/nios2-elf/4.9.1/mno-hw-mul/libgcc.a(_umoddi3.o)
 .comment       0x0000000000000000       0x24 /home/marco/altera/15.0/nios2eds/bin/gnu/H-x86_64-pc-linux-gnu/bin/../lib/gcc/nios2-elf/4.9.1/mno-hw-mul/libgcc.a(lib2-divmod.o)
 .comment       0x0000000000000000       0x24 /home/marco/altera/15.0/nios2eds/bin/gnu/H-x86_64-pc-linux-gnu/bin/../lib/gcc/nios2-elf/4.9.1/mno-hw-mul/libgcc.a(lib2-mul.o)
 .comment       0x0000000000000000       0x24 /home/marco/altera/15.0/nios2eds/bin/gnu/H-x86_64-pc-linux-gnu/bin/../lib/gcc/nios2-elf/4.9.1/mno-hw-mul/libgcc.a(adddf3.o)
 .comment       0x0000000000000000       0x24 /home/marco/altera/15.0/nios2eds/bin/gnu/H-x86_64-pc-linux-gnu/bin/../lib/gcc/nios2-elf/4.9.1/mno-hw-mul/libgcc.a(divdf3.o)
 .comment       0x0000000000000000       0x24 /home/marco/altera/15.0/nios2eds/bin/gnu/H-x86_64-pc-linux-gnu/bin/../lib/gcc/nios2-elf/4.9.1/mno-hw-mul/libgcc.a(eqdf2.o)
 .comment       0x0000000000000000       0x24 /home/marco/altera/15.0/nios2eds/bin/gnu/H-x86_64-pc-linux-gnu/bin/../lib/gcc/nios2-elf/4.9.1/mno-hw-mul/libgcc.a(gedf2.o)
 .comment       0x0000000000000000       0x24 /home/marco/altera/15.0/nios2eds/bin/gnu/H-x86_64-pc-linux-gnu/bin/../lib/gcc/nios2-elf/4.9.1/mno-hw-mul/libgcc.a(ledf2.o)
 .comment       0x0000000000000000       0x24 /home/marco/altera/15.0/nios2eds/bin/gnu/H-x86_64-pc-linux-gnu/bin/../lib/gcc/nios2-elf/4.9.1/mno-hw-mul/libgcc.a(muldf3.o)
 .comment       0x0000000000000000       0x24 /home/marco/altera/15.0/nios2eds/bin/gnu/H-x86_64-pc-linux-gnu/bin/../lib/gcc/nios2-elf/4.9.1/mno-hw-mul/libgcc.a(subdf3.o)
 .comment       0x0000000000000000       0x24 /home/marco/altera/15.0/nios2eds/bin/gnu/H-x86_64-pc-linux-gnu/bin/../lib/gcc/nios2-elf/4.9.1/mno-hw-mul/libgcc.a(fixdfsi.o)
 .comment       0x0000000000000000       0x24 /home/marco/altera/15.0/nios2eds/bin/gnu/H-x86_64-pc-linux-gnu/bin/../lib/gcc/nios2-elf/4.9.1/mno-hw-mul/libgcc.a(floatsidf.o)
 .comment       0x0000000000000000       0x24 /home/marco/altera/15.0/nios2eds/bin/gnu/H-x86_64-pc-linux-gnu/bin/../lib/gcc/nios2-elf/4.9.1/mno-hw-mul/libgcc.a(floatunsidf.o)
 .comment       0x0000000000000000       0x24 /home/marco/altera/15.0/nios2eds/bin/gnu/H-x86_64-pc-linux-gnu/bin/../lib/gcc/nios2-elf/4.9.1/mno-hw-mul/libgcc.a(_clz.o)
 .comment       0x0000000000000000       0x24 /home/marco/altera/15.0/nios2eds/bin/gnu/H-x86_64-pc-linux-gnu/bin/../lib/gcc/nios2-elf/4.9.1/mno-hw-mul/libgcc.a(_clzsi2.o)
 .comment       0x0000000000000000       0x24 ../HWSECo_bsp//libhal_bsp.a(alt_close.o)
 .comment       0x0000000000000000       0x24 ../HWSECo_bsp//libhal_bsp.a(alt_dev.o)
 .comment       0x0000000000000000       0x24 ../HWSECo_bsp//libhal_bsp.a(alt_errno.o)
 .comment       0x0000000000000000       0x24 ../HWSECo_bsp//libhal_bsp.a(alt_fstat.o)
 .comment       0x0000000000000000       0x24 ../HWSECo_bsp//libhal_bsp.a(alt_isatty.o)
 .comment       0x0000000000000000       0x24 ../HWSECo_bsp//libhal_bsp.a(alt_load.o)
 .comment       0x0000000000000000       0x24 ../HWSECo_bsp//libhal_bsp.a(alt_lseek.o)
 .comment       0x0000000000000000       0x24 ../HWSECo_bsp//libhal_bsp.a(alt_main.o)
 .comment       0x0000000000000000       0x24 ../HWSECo_bsp//libhal_bsp.a(alt_malloc_lock.o)
 .comment       0x0000000000000000       0x24 ../HWSECo_bsp//libhal_bsp.a(alt_read.o)
 .comment       0x0000000000000000       0x24 ../HWSECo_bsp//libhal_bsp.a(alt_release_fd.o)
 .comment       0x0000000000000000       0x24 ../HWSECo_bsp//libhal_bsp.a(alt_sbrk.o)
 .comment       0x0000000000000000       0x24 ../HWSECo_bsp//libhal_bsp.a(alt_write.o)
 .comment       0x0000000000000000       0x24 ../HWSECo_bsp//libhal_bsp.a(alt_sys_init.o)
 .comment       0x0000000000000000       0x24 ../HWSECo_bsp//libhal_bsp.a(altera_avalon_jtag_uart_fd.o)
 .comment       0x0000000000000000       0x24 ../HWSECo_bsp//libhal_bsp.a(altera_avalon_jtag_uart_init.o)
 .comment       0x0000000000000000       0x24 ../HWSECo_bsp//libhal_bsp.a(altera_avalon_jtag_uart_ioctl.o)
 .comment       0x0000000000000000       0x24 ../HWSECo_bsp//libhal_bsp.a(altera_avalon_jtag_uart_read.o)
 .comment       0x0000000000000000       0x24 ../HWSECo_bsp//libhal_bsp.a(altera_avalon_jtag_uart_write.o)
 .comment       0x0000000000000000       0x24 ../HWSECo_bsp//libhal_bsp.a(alt_alarm_start.o)
 .comment       0x0000000000000000       0x24 ../HWSECo_bsp//libhal_bsp.a(alt_dcache_flush_all.o)
 .comment       0x0000000000000000       0x24 ../HWSECo_bsp//libhal_bsp.a(alt_dev_llist_insert.o)
 .comment       0x0000000000000000       0x24 ../HWSECo_bsp//libhal_bsp.a(alt_do_ctors.o)
 .comment       0x0000000000000000       0x24 ../HWSECo_bsp//libhal_bsp.a(alt_do_dtors.o)
 .comment       0x0000000000000000       0x24 ../HWSECo_bsp//libhal_bsp.a(alt_icache_flush_all.o)
 .comment       0x0000000000000000       0x24 ../HWSECo_bsp//libhal_bsp.a(alt_iic.o)
 .comment       0x0000000000000000       0x24 ../HWSECo_bsp//libhal_bsp.a(alt_iic_isr_register.o)
 .comment       0x0000000000000000       0x24 ../HWSECo_bsp//libhal_bsp.a(alt_io_redirect.o)
 .comment       0x0000000000000000       0x24 ../HWSECo_bsp//libhal_bsp.a(alt_irq_handler.o)
 .comment       0x0000000000000000       0x24 ../HWSECo_bsp//libhal_bsp.a(alt_irq_vars.o)
 .comment       0x0000000000000000       0x24 ../HWSECo_bsp//libhal_bsp.a(alt_open.o)